Component: ARM Compiler 5.06 update 6 (build 750) Tool: armlink [4d35ed]

==============================================================================

Section Cross References

    startup_stm32f427xx.o(RESET) refers to startup_stm32f427xx.o(STACK) for __initial_sp
    startup_stm32f427xx.o(RESET) refers to startup_stm32f427xx.o(.text) for Reset_Handler
    startup_stm32f427xx.o(RESET) refers to stm32f4xx_it.o(i.NMI_Handler) for NMI_Handler
    startup_stm32f427xx.o(RESET) refers to stm32f4xx_it.o(i.HardFault_Handler) for HardFault_Handler
    startup_stm32f427xx.o(RESET) refers to stm32f4xx_it.o(i.MemManage_Handler) for MemManage_Handler
    startup_stm32f427xx.o(RESET) refers to stm32f4xx_it.o(i.BusFault_Handler) for BusFault_Handler
    startup_stm32f427xx.o(RESET) refers to stm32f4xx_it.o(i.UsageFault_Handler) for UsageFault_Handler
    startup_stm32f427xx.o(RESET) refers to stm32f4xx_it.o(i.SVC_Handler) for SVC_Handler
    startup_stm32f427xx.o(RESET) refers to stm32f4xx_it.o(i.DebugMon_Handler) for DebugMon_Handler
    startup_stm32f427xx.o(RESET) refers to stm32f4xx_it.o(i.PendSV_Handler) for PendSV_Handler
    startup_stm32f427xx.o(RESET) refers to stm32f4xx_it.o(i.SysTick_Handler) for SysTick_Handler
    startup_stm32f427xx.o(RESET) refers to stm32f4xx_it.o(i.CAN1_TX_IRQHandler) for CAN1_TX_IRQHandler
    startup_stm32f427xx.o(RESET) refers to stm32f4xx_it.o(i.CAN1_RX0_IRQHandler) for CAN1_RX0_IRQHandler
    startup_stm32f427xx.o(RESET) refers to stm32f4xx_it.o(i.TIM1_UP_TIM10_IRQHandler) for TIM1_UP_TIM10_IRQHandler
    startup_stm32f427xx.o(RESET) refers to stm32f4xx_it.o(i.TIM2_IRQHandler) for TIM2_IRQHandler
    startup_stm32f427xx.o(RESET) refers to stm32f4xx_it.o(i.TIM4_IRQHandler) for TIM4_IRQHandler
    startup_stm32f427xx.o(RESET) refers to stm32f4xx_it.o(i.USART1_IRQHandler) for USART1_IRQHandler
    startup_stm32f427xx.o(RESET) refers to stm32f4xx_it.o(i.TIM5_IRQHandler) for TIM5_IRQHandler
    startup_stm32f427xx.o(RESET) refers to stm32f4xx_it.o(i.DMA2_Stream1_IRQHandler) for DMA2_Stream1_IRQHandler
    startup_stm32f427xx.o(RESET) refers to stm32f4xx_it.o(i.DMA2_Stream2_IRQHandler) for DMA2_Stream2_IRQHandler
    startup_stm32f427xx.o(RESET) refers to stm32f4xx_it.o(i.DMA2_Stream6_IRQHandler) for DMA2_Stream6_IRQHandler
    startup_stm32f427xx.o(RESET) refers to stm32f4xx_it.o(i.DMA2_Stream7_IRQHandler) for DMA2_Stream7_IRQHandler
    startup_stm32f427xx.o(RESET) refers to stm32f4xx_it.o(i.USART6_IRQHandler) for USART6_IRQHandler
    startup_stm32f427xx.o(.text) refers to system_stm32f4xx.o(i.SystemInit) for SystemInit
    startup_stm32f427xx.o(.text) refers to entry.o(.ARM.Collect$$$$00000000) for __main
    main.o(i.SystemClock_Config) refers to memseta.o(.text) for __aeabi_memclr4
    main.o(i.SystemClock_Config) refers to stm32f4xx_hal_rcc.o(i.HAL_RCC_OscConfig) for HAL_RCC_OscConfig
    main.o(i.SystemClock_Config) refers to stm32f4xx_hal_rcc.o(i.HAL_RCC_ClockConfig) for HAL_RCC_ClockConfig
    main.o(i.main) refers to stm32f4xx_hal.o(i.HAL_Init) for HAL_Init
    main.o(i.main) refers to main.o(i.SystemClock_Config) for SystemClock_Config
    main.o(i.main) refers to gpio.o(i.MX_GPIO_Init) for MX_GPIO_Init
    main.o(i.main) refers to dma.o(i.MX_DMA_Init) for MX_DMA_Init
    main.o(i.main) refers to can.o(i.MX_CAN1_Init) for MX_CAN1_Init
    main.o(i.main) refers to tim.o(i.MX_TIM1_Init) for MX_TIM1_Init
    main.o(i.main) refers to usart.o(i.MX_USART6_UART_Init) for MX_USART6_UART_Init
    main.o(i.main) refers to tim.o(i.MX_TIM2_Init) for MX_TIM2_Init
    main.o(i.main) refers to usart.o(i.MX_USART1_UART_Init) for MX_USART1_UART_Init
    main.o(i.main) refers to tim.o(i.MX_TIM4_Init) for MX_TIM4_Init
    main.o(i.main) refers to tim.o(i.MX_TIM5_Init) for MX_TIM5_Init
    main.o(i.main) refers to memcpya.o(.text) for __aeabi_memcpy4
    main.o(i.main) refers to peripherals_can.o(i.can_filter_init) for can_filter_init
    main.o(i.main) refers to stm32f4xx_hal_can.o(i.HAL_CAN_Start) for HAL_CAN_Start
    main.o(i.main) refers to stm32f4xx_hal_tim.o(i.HAL_TIM_Base_Init) for HAL_TIM_Base_Init
    main.o(i.main) refers to stm32f4xx_hal_tim.o(i.HAL_TIM_Base_Start_IT) for HAL_TIM_Base_Start_IT
    main.o(i.main) refers to stm32f4xx_hal_tim.o(i.HAL_TIM_PWM_Start) for HAL_TIM_PWM_Start
    main.o(i.main) refers to steppermotor.o(i.Stepper_setInfo) for Stepper_setInfo
    main.o(i.main) refers to myaon.o(i.Ano_Init) for Ano_Init
    main.o(i.main) refers to dr16_recive.o(i.usart1_dr16_init) for usart1_dr16_init
    main.o(i.main) refers to steppermotor.o(i.Stepper_setAngle) for Stepper_setAngle
    main.o(i.main) refers to peripherals_can.o(.bss) for CAN_FilterConfigStructure
    main.o(i.main) refers to can.o(.bss) for hcan1
    main.o(i.main) refers to usart.o(.bss) for huart6
    main.o(i.main) refers to tim.o(.bss) for htim1
    main.o(i.main) refers to dr16_recive.o(.data) for DR16
    gpio.o(i.MX_GPIO_Init) refers to memseta.o(.text) for __aeabi_memclr4
[...]
    ../Drivers/STM32F4xx_HAL_Driver/Src/stm32f4xx_hal_rcc_ex.c 0x00000000   Number         0  stm32f4xx_hal_rcc_ex.o ABSOLUTE
    ../Drivers/STM32F4xx_HAL_Driver/Src/stm32f4xx_hal_tim.c 0x00000000   Number         0  stm32f4xx_hal_tim.o ABSOLUTE
    ../Drivers/STM32F4xx_HAL_Driver/Src/stm32f4xx_hal_tim_ex.c 0x00000000   Number         0  stm32f4xx_hal_tim_ex.o ABSOLUTE
    ../Drivers/STM32F4xx_HAL_Driver/Src/stm32f4xx_hal_uart.c 0x00000000   Number         0  stm32f4xx_hal_uart.o ABSOLUTE
    ../clib/microlib/division.c              0x00000000   Number         0  uldiv.o ABSOLUTE
    ../clib/microlib/errno.c                 0x00000000   Number         0  errno.o ABSOLUTE
    ../clib/microlib/init/entry.s            0x00000000   Number         0  entry9a.o ABSOLUTE
    ../clib/microlib/init/entry.s            0x00000000   Number         0  entry7a.o ABSOLUTE
    ../clib/microlib/init/entry.s            0x00000000   Number         0  entry8b.o ABSOLUTE
    ../clib/microlib/init/entry.s            0x00000000   Number         0  entry7b.o ABSOLUTE
    ../clib/microlib/init/entry.s            0x00000000   Number         0  entry.o ABSOLUTE
    ../clib/microlib/init/entry.s            0x00000000   Number         0  entry8a.o ABSOLUTE
    ../clib/microlib/init/entry.s            0x00000000   Number         0  entry10b.o ABSOLUTE
    ../clib/microlib/init/entry.s            0x00000000   Number         0  entry10a.o ABSOLUTE
    ../clib/microlib/init/entry.s            0x00000000   Number         0  entry11b.o ABSOLUTE
    ../clib/microlib/init/entry.s            0x00000000   Number         0  entry5.o ABSOLUTE
    ../clib/microlib/init/entry.s            0x00000000   Number         0  entry2.o ABSOLUTE
    ../clib/microlib/init/entry.s            0x00000000   Number         0  entry11a.o ABSOLUTE
    ../clib/microlib/init/entry.s            0x00000000   Number         0  entry9b.o ABSOLUTE
    ../clib/microlib/longlong.c              0x00000000   Number         0  llushr.o ABSOLUTE
    ../clib/microlib/longlong.c              0x00000000   Number         0  llsshr.o ABSOLUTE
    ../clib/microlib/longlong.c              0x00000000   Number         0  llshl.o ABSOLUTE
    ../clib/microlib/string/memcpy.c         0x00000000   Number         0  memcpyb.o ABSOLUTE
    ../clib/microlib/string/memcpy.c         0x00000000   Number         0  memcpya.o ABSOLUTE
    ../clib/microlib/string/memset.c         0x00000000   Number         0  memseta.o ABSOLUTE
    ../clib/microlib/stubs.s                 0x00000000   Number         0  iusefp.o ABSOLUTE
    ../clib/microlib/stubs.s                 0x00000000   Number         0  useno.o ABSOLUTE
    ../fplib/microlib/d2f.c                  0x00000000   Number         0  d2f.o ABSOLUTE
    ../fplib/microlib/f2d.c                  0x00000000   Number         0  f2d.o ABSOLUTE
    ../fplib/microlib/fpadd.c                0x00000000   Number         0  dadd.o ABSOLUTE
    ../fplib/microlib/fpdiv.c                0x00000000   Number         0  ddiv.o ABSOLUTE
    ../fplib/microlib/fpepilogue.c           0x00000000   Number         0  fepilogue.o ABSOLUTE
    ../fplib/microlib/fpepilogue.c           0x00000000   Number         0  depilogue.o ABSOLUTE
    ../fplib/microlib/fpfix.c                0x00000000   Number         0  dfixi.o ABSOLUTE
    ../fplib/microlib/fpflt.c                0x00000000   Number         0  dfltui.o ABSOLUTE
    ../fplib/microlib/fpflt.c                0x00000000   Number         0  dflti.o ABSOLUTE
    ../fplib/microlib/fpmul.c                0x00000000   Number         0  dmul.o ABSOLUTE
    ../fplib/microlib/fpneg.c                0x00000000   Number         0  dneg.o ABSOLUTE
    ../fplib/microlib/fprem.c                0x00000000   Number         0  drem.o ABSOLUTE
    ../mathlib/cos.c                         0x00000000   Number         0  cos.o ABSOLUTE
    ../mathlib/cos.c                         0x00000000   Number         0  cos_x.o ABSOLUTE
    ../mathlib/cos_i.c                       0x00000000   Number         0  cos_i.o ABSOLUTE
    ../mathlib/dunder.c                      0x00000000   Number         0  dunder.o ABSOLUTE
    ../mathlib/fabs.c                        0x00000000   Number         0  fabs.o ABSOLUTE
    ../mathlib/fmod.c                        0x00000000   Number         0  fmod.o ABSOLUTE
    ../mathlib/fmod.c                        0x00000000   Number         0  fmod_x.o ABSOLUTE
    ../mathlib/fpclassify.c                  0x00000000   Number         0  fpclassify.o ABSOLUTE
    ../mathlib/poly.c                        0x00000000   Number         0  poly.o ABSOLUTE
    ../mathlib/rred.c                        0x00000000   Number         0  rred.o ABSOLUTE
    ../mathlib/sin.c                         0x00000000   Number         0  sin_x.o ABSOLUTE
    ../mathlib/sin.c                         0x00000000   Number         0  sin.o ABSOLUTE
    ../mathlib/sin_i.c                       0x00000000   Number         0  sin_i.o ABSOLUTE
    ../mathlib/sin_i.c                       0x00000000   Number         0  sin_i_x.o ABSOLUTE
    ..\ANO\MyAon.c                           0x00000000   Number         0  myaon.o ABSOLUTE
    ..\Algorithm\pid.c                       0x00000000   Number         0  pid.o ABSOLUTE
    ..\Basis\Peripherals_can.c               0x00000000   Number         0  peripherals_can.o ABSOLUTE
    ..\Core\Src\can.c                        0x00000000   Number         0  can.o ABSOLUTE
    ..\Core\Src\dma.c                        0x00000000   Number         0  dma.o ABSOLUTE
    ..\Core\Src\gpio.c                       0x00000000   Number         0  gpio.o ABSOLUTE
    ..\Core\Src\main.c                       0x00000000   Number         0  main.o ABSOLUTE
    ..\Core\Src\stm32f4xx_hal_msp.c          0x00000000   Number         0  stm32f4xx_hal_msp.o ABSOLUTE
    ..\Core\Src\stm32f4xx_it.c               0x00000000   Number         0  stm32f4xx_it.o ABSOLUTE
    ..\Core\Src\system_stm32f4xx.c           0x00000000   Number         0  system_stm32f4xx.o ABSOLUTE
    ..\Core\Src\tim.c                        0x00000000   Number         0  tim.o ABSOLUTE
    ..\Core\Src\usart.c                      0x00000000   Number         0  usart.o ABSOLUTE
    ..\DR16\DR16_RECIVE.c                    0x00000000   Number         0  dr16_recive.o ABSOLUTE
    ..\Debug_DataScope\Debug_DataScope.C     0x00000000   Number         0  debug_datascope.o ABSOLUTE
    ..\Drivers\STM32F4xx_HAL_Driver\Src\stm32f4xx_hal.c 0x00000000   Number         0  stm32f4xx_hal.o ABSOLUTE
    ..\Drivers\STM32F4xx_HAL_Driver\Src\stm32f4xx_hal_can.c 0x00000000   Number         0  stm32f4xx_hal_can.o ABSOLUTE
    ..\Drivers\STM32F4xx_HAL_Driver\Src\stm32f4xx_hal_cortex.c 0x00000000   Number         0  stm32f4xx_hal_cortex.o ABSOLUTE
    ..\Drivers\STM32F4xx_HAL_Driver\Src\stm32f4xx_hal_dma.c 0x00000000   Number         0  stm32f4xx_hal_dma.o ABSOLUTE
    ..\Drivers\STM32F4xx_HAL_Driver\Src\stm32f4xx_hal_dma_ex.c 0x00000000   Number         0  stm32f4xx_hal_dma_ex.o ABSOLUTE
    ..\Drivers\STM32F4xx_HAL_Driver\Src\stm32f4xx_hal_exti.c 0x00000000   Number         0  stm32f4xx_hal_exti.o ABSOLUTE
    ..\Drivers\STM32F4xx_HAL_Driver\Src\stm32f4xx_hal_flash.c 0x00000000   Number         0  stm32f4xx_hal_flash.o ABSOLUTE
    ..\Drivers\STM32F4xx_HAL_Driver\Src\stm32f4xx_hal_flash_ex.c 0x00000000   Number         0  stm32f4xx_hal_flash_ex.o ABSOLUTE
    ..\Drivers\STM32F4xx_HAL_Driver\Src\stm32f4xx_hal_flash_ramfunc.c 0x00000000   Number         0  stm32f4xx_hal_flash_ramfunc.o ABSOLUTE
    ..\Drivers\STM32F4xx_HAL_Driver\Src\stm32f4xx_hal_gpio.c 0x00000000   Number         0  stm32f4xx_hal_gpio.o ABSOLUTE
    ..\Drivers\STM32F4xx_HAL_Driver\Src\stm32f4xx_hal_pwr.c 0x00000000   Number         0  stm32f4xx_hal_pwr.o ABSOLUTE
    ..\Drivers\STM32F4xx_HAL_Driver\Src\stm32f4xx_hal_pwr_ex.c 0x00000000   Number         0  stm32f4xx_hal_pwr_ex.o ABSOLUTE
    ..\Drivers\STM32F4xx_HAL_Driver\Src\stm32f4xx_hal_rcc.c 0x00000000   Number         0  stm32f4xx_hal_rcc.o ABSOLUTE
    ..\Drivers\STM32F4xx_HAL_Driver\Src\stm32f4xx_hal_rcc_ex.c 0x00000000   Number         0  stm32f4xx_hal_rcc_ex.o ABSOLUTE
    ..\Drivers\STM32F4xx_HAL_Driver\Src\stm32f4xx_hal_tim.c 0x00000000   Number         0  stm32f4xx_hal_tim.o ABSOLUTE
    ..\Drivers\STM32F4xx_HAL_Driver\Src\stm32f4xx_hal_tim_ex.c 0x00000000   Number         0  stm32f4xx_hal_tim_ex.o ABSOLUTE
    ..\Drivers\STM32F4xx_HAL_Driver\Src\stm32f4xx_hal_uart.c 0x00000000   Number         0  stm32f4xx_hal_uart.o ABSOLUTE
    ..\Motor_control\StepperMotor.c          0x00000000   Number         0  steppermotor.o ABSOLUTE
    ..\\ANO\\MyAon.c                         0x00000000   Number         0  myaon.o ABSOLUTE
    ..\\Algorithm\\pid.c                     0x00000000   Number         0  pid.o ABSOLUTE
    ..\\Basis\\Peripherals_can.c             0x00000000   Number         0  peripherals_can.o ABSOLUTE
    ..\\DR16\\DR16_RECIVE.c                  0x00000000   Number         0  dr16_recive.o ABSOLUTE
    ..\\Debug_DataScope\\Debug_DataScope.C   0x00000000   Number         0  debug_datascope.o ABSOLUTE
    ..\\Motor_control\\StepperMotor.c        0x00000000   Number         0  steppermotor.o ABSOLUTE
    dc.s                                     0x00000000   Number         0  dc.o ABSOLUTE
    handlers.s                               0x00000000   Number         0  handlers.o ABSOLUTE
    init.s                                   0x00000000   Number         0  init.o ABSOLUTE
    startup_stm32f427xx.s                    0x00000000   Number         0  startup_stm32f427xx.o ABSOLUTE
    RESET                                    0x08000000   Section      428  startup_stm32f427xx.o(RESET)
    .ARM.Collect$$$$00000000                 0x080001ac   Section        0  entry.o(.ARM.Collect$$$$00000000)
    .ARM.Collect$$$$00000001                 0x080001ac   Section        4  entry2.o(.ARM.Collect$$$$00000001)
    .ARM.Collect$$$$00000004                 0x080001b0   Section        4  entry5.o(.ARM.Collect$$$$00000004)
    .ARM.Collect$$$$00000008                 0x080001b4   Section        0  entry7b.o(.ARM.Collect$$$$00000008)
    .ARM.Collect$$$$0000000A                 0x080001b4   Section        0  entry8b.o(.ARM.Collect$$$$0000000A)
    .ARM.Collect$$$$0000000B                 0x080001b4   Section        8  entry9a.o(.ARM.Collect$$$$0000000B)
    .ARM.Collect$$$$0000000D                 0x080001bc   Section        0  entry10a.o(.ARM.Collect$$$$0000000D)
    .ARM.Collect$$$$0000000F                 0x080001bc   Section        0  entry11a.o(.ARM.Collect$$$$0000000F)
    .ARM.Collect$$$$00002712                 0x080001bc   Section        4  entry2.o(.ARM.Collect$$$$00002712)
    __lit__00000000                          0x080001bc   Data           4  entry2.o(.ARM.Collect$$$$00002712)
    .text                                    0x080001c0   Section       36  startup_stm32f427xx.o(.text)
    $v0                                      0x080001c0   Number         0  startup_stm32f427xx.o(.text)
    .text                                    0x080001e4   Section        0  uldiv.o(.text)
    .text                                    0x08000246   Section        0  memcpya.o(.text)
    .text                                    0x0800026a   Section        0  memseta.o(.text)
    .text                                    0x0800028e   Section        0  dadd.o(.text)
    .text                                    0x080003dc   Section        0  f2d.o(.text)
    .text                                    0x08000402   Section        0  d2f.o(.text)
    .text                                    0x0800043a   Section        0  llshl.o(.text)
    .text                                    0x08000458   Section        0  llushr.o(.text)
    .text                                    0x08000478   Section        0  llsshr.o(.text)
    .text                                    0x0800049c   Section        0  iusefp.o(.text)
    .text                                    0x0800049c   Section        0  fepilogue.o(.text)
    .text                                    0x0800050a   Section        0  depilogue.o(.text)
    .text                                    0x080005c4   Section        0  drem.o(.text)
    .text                                    0x0800064c   Section       36  init.o(.text)
    .text                                    0x08000670   Section        0  ddiv.o(.text)
    i.Ano_Init                               0x08000750   Section        0  myaon.o(i.Ano_Init)
    i.Ano_Send_Data                          0x08000764   Section        0  myaon.o(i.Ano_Send_Data)
    i.BusFault_Handler                       0x080007a8   Section        0  stm32f4xx_it.o(i.BusFault_Handler)
    i.CAN1_RX0_IRQHandler                    0x080007ac   Section        0  stm32f4xx_it.o(i.CAN1_RX0_IRQHandler)
    i.CAN1_TX_IRQHandler                     0x08000834   Section        0  stm32f4xx_it.o(i.CAN1_TX_IRQHandler)
    i.DMA2_Stream1_IRQHandler                0x08000840   Section        0  stm32f4xx_it.o(i.DMA2_Stream1_IRQHandler)
    i.DMA2_Stream2_IRQHandler                0x0800084c   Section        0  stm32f4xx_it.o(i.DMA2_Stream2_IRQHandler)
    i.DMA2_Stream6_IRQHandler                0x08000858   Section        0  stm32f4xx_it.o(i.DMA2_Stream6_IRQHandler)
    i.DMA2_Stream7_IRQHandler                0x08000864   Section        0  stm32f4xx_it.o(i.DMA2_Stream7_IRQHandler)
    i.DMA_CalcBaseAndBitshift                0x08000870   Section        0  stm32f4xx_hal_dma.o(i.DMA_CalcBaseAndBitshift)
    DMA_CalcBaseAndBitshift                  0x08000871   Thumb Code    34  stm32f4xx_hal_dma.o(i.DMA_CalcBaseAndBitshift)
    i.DMA_CheckFifoParam                     0x08000898   Section        0  stm32f4xx_hal_dma.o(i.DMA_CheckFifoParam)
    DMA_CheckFifoParam                       0x08000899   Thumb Code    84  stm32f4xx_hal_dma.o(i.DMA_CheckFifoParam)
    i.DMA_SetConfig                          0x080008ec   Section        0  stm32f4xx_hal_dma.o(i.DMA_SetConfig)
    DMA_SetConfig                            0x080008ed   Thumb Code    40  stm32f4xx_hal_dma.o(i.DMA_SetConfig)
    i.DR16_Process                           0x08000914   Section        0  dr16_recive.o(i.DR16_Process)
    i.DR_16hander                            0x080009dc   Section        0  dr16_recive.o(i.DR_16hander)
    i.DebugMon_Handler                       0x08000a30   Section        0  stm32f4xx_it.o(i.DebugMon_Handler)
    i.Error_Handler                          0x08000a32   Section        0  main.o(i.Error_Handler)
    i.HAL_CAN_AddTxMessage                   0x08000a34   Section        0  stm32f4xx_hal_can.o(i.HAL_CAN_AddTxMessage)
    i.HAL_CAN_ConfigFilter                   0x08000afc   Section        0  stm32f4xx_hal_can.o(i.HAL_CAN_ConfigFilter)
    i.HAL_CAN_ErrorCallback                  0x08000c08   Section        0  stm32f4xx_hal_can.o(i.HAL_CAN_ErrorCallback)
    i.HAL_CAN_GetRxMessage                   0x08000c0a   Section        0  stm32f4xx_hal_can.o(i.HAL_CAN_GetRxMessage)
    i.HAL_CAN_IRQHandler                     0x08000cf2   Section        0  stm32f4xx_hal_can.o(i.HAL_CAN_IRQHandler)
    i.HAL_CAN_Init                           0x08000eee   Section        0  stm32f4xx_hal_can.o(i.HAL_CAN_Init)
    i.HAL_CAN_MspInit                        0x08001008   Section        0  can.o(i.HAL_CAN_MspInit)
    i.HAL_CAN_RxFifo0FullCallback            0x08001090   Section        0  stm32f4xx_hal_can.o(i.HAL_CAN_RxFifo0FullCallback)
    i.HAL_CAN_RxFifo0MsgPendingCallback      0x08001092   Section        0  stm32f4xx_hal_can.o(i.HAL_CAN_RxFifo0MsgPendingCallback)
    i.HAL_CAN_RxFifo1FullCallback            0x08001094   Section        0  stm32f4xx_hal_can.o(i.HAL_CAN_RxFifo1FullCallback)
    i.HAL_CAN_RxFifo1MsgPendingCallback      0x08001096   Section        0  stm32f4xx_hal_can.o(i.HAL_CAN_RxFifo1MsgPendingCallback)
    i.HAL_CAN_SleepCallback                  0x08001098   Section        0  stm32f4xx_hal_can.o(i.HAL_CAN_SleepCallback)
    i.HAL_CAN_Start                          0x0800109c   Section        0  stm32f4xx_hal_can.o(i.HAL_CAN_Start)
    i.HAL_CAN_TxMailbox0AbortCallback        0x080010f4   Section        0  stm32f4xx_hal_can.o(i.HAL_CAN_TxMailbox0AbortCallback)
    i.HAL_CAN_TxMailbox0CompleteCallback     0x080010f6   Section        0  stm32f4xx_hal_can.o(i.HAL_CAN_TxMailbox0CompleteCallback)
    i.HAL_CAN_TxMailbox1AbortCallback        0x080010f8   Section        0  stm32f4xx_hal_can.o(i.HAL_CAN_TxMailbox1AbortCallback)
    i.HAL_CAN_TxMailbox1CompleteCallback     0x080010fa   Section        0  stm32f4xx_hal_can.o(i.HAL_CAN_TxMailbox1CompleteCallback)
    i.HAL_CAN_TxMailbox2AbortCallback        0x080010fc   Section        0  stm32f4xx_hal_can.o(i.HAL_CAN_TxMailbox2AbortCallback)
    i.HAL_CAN_TxMailbox2CompleteCallback     0x080010fe   Section        0  stm32f4xx_hal_can.o(i.HAL_CAN_TxMailbox2CompleteCallback)
    i.HAL_CAN_WakeUpFromRxMsgCallback        0x08001100   Section        0  stm32f4xx_hal_can.o(i.HAL_CAN_WakeUpFromRxMsgCallback)
    i.HAL_DMA_Abort_IT                       0x08001102   Section        0  stm32f4xx_hal_dma.o(i.HAL_DMA_Abort_IT)
    i.HAL_DMA_IRQHandler                     0x08001128   Section        0  stm32f4xx_hal_dma.o(i.HAL_DMA_IRQHandler)
    i.HAL_DMA_Init                           0x080012c8   Section        0  stm32f4xx_hal_dma.o(i.HAL_DMA_Init)
    i.HAL_DMA_Start                          0x0800139c   Section        0  stm32f4xx_hal_dma.o(i.HAL_DMA_Start)
    i.HAL_GPIO_Init                          0x080013e4   Section        0  stm32f4xx_hal_gpio.o(i.HAL_GPIO_Init)
    i.HAL_GPIO_WritePin                      0x080015b8   Section        0  stm32f4xx_hal_gpio.o(i.HAL_GPIO_WritePin)
    i.HAL_GetTick                            0x080015c4   Section        0  stm32f4xx_hal.o(i.HAL_GetTick)
    i.HAL_IncTick                            0x080015d0   Section        0  stm32f4xx_hal.o(i.HAL_IncTick)
    i.HAL_Init                               0x080015e0   Section        0  stm32f4xx_hal.o(i.HAL_Init)
    i.HAL_InitTick                           0x08001614   Section        0  stm32f4xx_hal.o(i.HAL_InitTick)
    i.HAL_MspInit                            0x08001654   Section        0  stm32f4xx_hal_msp.o(i.HAL_MspInit)
    i.HAL_NVIC_EnableIRQ                     0x08001684   Section        0  stm32f4xx_hal_cortex.o(i.HAL_NVIC_EnableIRQ)
    i.HAL_NVIC_SetPriority                   0x080016a0   Section        0  stm32f4xx_hal_cortex.o(i.HAL_NVIC_SetPriority)
    i.HAL_NVIC_SetPriorityGrouping           0x080016e0   Section        0  stm32f4xx_hal_cortex.o(i.HAL_NVIC_SetPriorityGrouping)
    i.HAL_RCC_ClockConfig                    0x08001704   Section        0  stm32f4xx_hal_rcc.o(i.HAL_RCC_ClockConfig)
    i.HAL_RCC_GetPCLK1Freq                   0x08001838   Section        0  stm32f4xx_hal_rcc.o(i.HAL_RCC_GetPCLK1Freq)
    i.HAL_RCC_GetPCLK2Freq                   0x08001858   Section        0  stm32f4xx_hal_rcc.o(i.HAL_RCC_GetPCLK2Freq)
    i.HAL_RCC_GetSysClockFreq                0x08001878   Section        0  stm32f4xx_hal_rcc.o(i.HAL_RCC_GetSysClockFreq)
    i.HAL_RCC_OscConfig                      0x080018dc   Section        0  stm32f4xx_hal_rcc.o(i.HAL_RCC_OscConfig)
    i.HAL_SYSTICK_Config                     0x08001c38   Section        0  stm32f4xx_hal_cortex.o(i.HAL_SYSTICK_Config)
    i.HAL_TIMEx_BreakCallback                0x08001c60   Section        0  stm32f4xx_hal_tim_ex.o(i.HAL_TIMEx_BreakCallback)
    i.HAL_TIMEx_CommutCallback               0x08001c62   Section        0  stm32f4xx_hal_tim_ex.o(i.HAL_TIMEx_CommutCallback)
    i.HAL_TIMEx_MasterConfigSynchronization  0x08001c64   Section        0  stm32f4xx_hal_tim_ex.o(i.HAL_TIMEx_MasterConfigSynchronization)
    i.HAL_TIM_Base_GetState                  0x08001cf4   Section        0  stm32f4xx_hal_tim.o(i.HAL_TIM_Base_GetState)
    i.HAL_TIM_Base_Init                      0x08001cfa   Section        0  stm32f4xx_hal_tim.o(i.HAL_TIM_Base_Init)
    i.HAL_TIM_Base_MspInit                   0x08001d30   Section        0  tim.o(i.HAL_TIM_Base_MspInit)
    i.HAL_TIM_Base_Start_IT                  0x08001de4   Section        0  stm32f4xx_hal_tim.o(i.HAL_TIM_Base_Start_IT)
    i.HAL_TIM_Base_Stop_IT                   0x08001e06   Section        0  stm32f4xx_hal_tim.o(i.HAL_TIM_Base_Stop_IT)
    i.HAL_TIM_ConfigClockSource              0x08001e30   Section        0  stm32f4xx_hal_tim.o(i.HAL_TIM_ConfigClockSource)
    i.HAL_TIM_IC_CaptureCallback             0x08001f06   Section        0  stm32f4xx_hal_tim.o(i.HAL_TIM_IC_CaptureCallback)
    i.HAL_TIM_IRQHandler                     0x08001f08   Section        0  stm32f4xx_hal_tim.o(i.HAL_TIM_IRQHandler)
    i.HAL_TIM_MspPostInit                    0x08002070   Section        0  tim.o(i.HAL_TIM_MspPostInit)
    i.HAL_TIM_OC_DelayElapsedCallback        0x080020c0   Section        0  stm32f4xx_hal_tim.o(i.HAL_TIM_OC_DelayElapsedCallback)
    i.HAL_TIM_PWM_ConfigChannel              0x080020c2   Section        0  stm32f4xx_hal_tim.o(i.HAL_TIM_PWM_ConfigChannel)
    i.HAL_TIM_PWM_Init                       0x08002192   Section        0  stm32f4xx_hal_tim.o(i.HAL_TIM_PWM_Init)
    i.HAL_TIM_PWM_MspInit                    0x080021c8   Section        0  stm32f4xx_hal_tim.o(i.HAL_TIM_PWM_MspInit)
    i.HAL_TIM_PWM_PulseFinishedCallback      0x080021ca   Section        0  stm32f4xx_hal_tim.o(i.HAL_TIM_PWM_PulseFinishedCallback)
    i.HAL_TIM_PWM_Start                      0x080021cc   Section        0  stm32f4xx_hal_tim.o(i.HAL_TIM_PWM_Start)
    i.HAL_TIM_PWM_Stop                       0x08002210   Section        0  stm32f4xx_hal_tim.o(i.HAL_TIM_PWM_Stop)
    i.HAL_TIM_PeriodElapsedCallback          0x0800226c   Section        0  steppermotor.o(i.HAL_TIM_PeriodElapsedCallback)
    i.HAL_TIM_TriggerCallback                0x08002304   Section        0  stm32f4xx_hal_tim.o(i.HAL_TIM_TriggerCallback)
    i.HAL_UART_ErrorCallback                 0x08002306   Section        0  stm32f4xx_hal_uart.o(i.HAL_UART_ErrorCallback)
    i.HAL_UART_IRQHandler                    0x08002308   Section        0  stm32f4xx_hal_uart.o(i.HAL_UART_IRQHandler)
    i.HAL_UART_Init                          0x0800241c   Section        0  stm32f4xx_hal_uart.o(i.HAL_UART_Init)
    i.HAL_UART_MspInit                       0x08002480   Section        0  usart.o(i.HAL_UART_MspInit)
    i.HAL_UART_RxCpltCallback                0x0800261c   Section        0  usart.o(i.HAL_UART_RxCpltCallback)
    i.HAL_UART_Transmit                      0x08002674   Section        0  stm32f4xx_hal_uart.o(i.HAL_UART_Transmit)
    i.HAL_UART_TxCpltCallback                0x0800272e   Section        0  stm32f4xx_hal_uart.o(i.HAL_UART_TxCpltCallback)
    i.HardFault_Handler                      0x08002730   Section        0  stm32f4xx_it.o(i.HardFault_Handler)
    i.MX_CAN1_Init                           0x08002734   Section        0  can.o(i.MX_CAN1_Init)
    i.MX_DMA_Init                            0x0800277c   Section        0  dma.o(i.MX_DMA_Init)
    i.MX_GPIO_Init                           0x080027d8   Section        0  gpio.o(i.MX_GPIO_Init)
    i.MX_TIM1_Init                           0x08002864   Section        0  tim.o(i.MX_TIM1_Init)
    i.MX_TIM2_Init                           0x080028cc   Section        0  tim.o(i.MX_TIM2_Init)
    i.MX_TIM4_Init                           0x08002930   Section        0  tim.o(i.MX_TIM4_Init)
    i.MX_TIM5_Init                           0x08002998   Section        0  tim.o(i.MX_TIM5_Init)
    i.MX_USART1_UART_Init                    0x08002a34   Section        0  usart.o(i.MX_USART1_UART_Init)
    i.MX_USART6_UART_Init                    0x08002a74   Section        0  usart.o(i.MX_USART6_UART_Init)
    i.MemManage_Handler                      0x08002aac   Section        0  stm32f4xx_it.o(i.MemManage_Handler)
    i.NMI_Handler                            0x08002aae   Section        0  stm32f4xx_it.o(i.NMI_Handler)
    i.PendSV_Handler                         0x08002ab0   Section        0  stm32f4xx_it.o(i.PendSV_Handler)
    i.Position_PID                           0x08002ab4   Section        0  pid.o(i.Position_PID)
    i.SVC_Handler                            0x08002b2c   Section        0  stm32f4xx_it.o(i.SVC_Handler)
    i.Send_CheckData                         0x08002b2e   Section        0  myaon.o(i.Send_CheckData)
    Send_CheckData                           0x08002b2f   Thumb Code    72  myaon.o(i.Send_CheckData)
    i.Stepper_setAngle                       0x08002b78   Section        0  steppermotor.o(i.Stepper_setAngle)
    i.Stepper_setInfo                        0x08002c2c   Section        0  steppermotor.o(i.Stepper_setInfo)
    i.SysTick_Handler                        0x08002c50   Section        0  stm32f4xx_it.o(i.SysTick_Handler)
    i.SystemClock_Config                     0x08002c54   Section        0  main.o(i.SystemClock_Config)
    i.SystemInit                             0x08002cd8   Section        0  system_stm32f4xx.o(i.SystemInit)
    i.TIM1_UP_TIM10_IRQHandler               0x08002cf4   Section        0  stm32f4xx_it.o(i.TIM1_UP_TIM10_IRQHandler)
    i.TIM2_IRQHandler                        0x08002d6c   Section        0  stm32f4xx_it.o(i.TIM2_IRQHandler)
    i.TIM4_IRQHandler                        0x08002df4   Section        0  stm32f4xx_it.o(i.TIM4_IRQHandler)
    i.TIM5_IRQHandler                        0x08002e00   Section        0  stm32f4xx_it.o(i.TIM5_IRQHandler)
    i.TIM_Base_SetConfig                     0x08002e0c   Section        0  stm32f4xx_hal_tim.o(i.TIM_Base_SetConfig)
    i.TIM_CCxChannelCmd                      0x08002ed4   Section        0  stm32f4xx_hal_tim.o(i.TIM_CCxChannelCmd)
    i.TIM_ETR_SetConfig                      0x08002eee   Section        0  stm32f4xx_hal_tim.o(i.TIM_ETR_SetConfig)
    i.TIM_ITRx_SetConfig                     0x08002f02   Section        0  stm32f4xx_hal_tim.o(i.TIM_ITRx_SetConfig)
    TIM_ITRx_SetConfig                       0x08002f03   Thumb Code    16  stm32f4xx_hal_tim.o(i.TIM_ITRx_SetConfig)
    i.TIM_OC1_SetConfig                      0x08002f14   Section        0  stm32f4xx_hal_tim.o(i.TIM_OC1_SetConfig)
    TIM_OC1_SetConfig                        0x08002f15   Thumb Code    88  stm32f4xx_hal_tim.o(i.TIM_OC1_SetConfig)
    i.TIM_OC2_SetConfig                      0x08002f74   Section        0  stm32f4xx_hal_tim.o(i.TIM_OC2_SetConfig)
    i.TIM_OC3_SetConfig                      0x08002fe0   Section        0  stm32f4xx_hal_tim.o(i.TIM_OC3_SetConfig)
    TIM_OC3_SetConfig                        0x08002fe1   Thumb Code    96  stm32f4xx_hal_tim.o(i.TIM_OC3_SetConfig)
    i.TIM_OC4_SetConfig                      0x08003048   Section        0  stm32f4xx_hal_tim.o(i.TIM_OC4_SetConfig)
    TIM_OC4_SetConfig                        0x08003049   Thumb Code    70  stm32f4xx_hal_tim.o(i.TIM_OC4_SetConfig)
    i.TIM_TI1_ConfigInputStage               0x08003098   Section        0  stm32f4xx_hal_tim.o(i.TIM_TI1_ConfigInputStage)
    TIM_TI1_ConfigInputStage                 0x08003099   Thumb Code    34  stm32f4xx_hal_tim.o(i.TIM_TI1_ConfigInputStage)
    i.TIM_TI2_ConfigInputStage               0x080030ba   Section        0  stm32f4xx_hal_tim.o(i.TIM_TI2_ConfigInputStage)
    TIM_TI2_ConfigInputStage                 0x080030bb   Thumb Code    36  stm32f4xx_hal_tim.o(i.TIM_TI2_ConfigInputStage)
    i.UART_DMAAbortOnError                   0x080030de   Section        0  stm32f4xx_hal_uart.o(i.UART_DMAAbortOnError)
    UART_DMAAbortOnError                     0x080030df   Thumb Code    16  stm32f4xx_hal_uart.o(i.UART_DMAAbortOnError)
    i.UART_EndRxTransfer                     0x080030ee   Section        0  stm32f4xx_hal_uart.o(i.UART_EndRxTransfer)
    UART_EndRxTransfer                       0x080030ef   Thumb Code    28  stm32f4xx_hal_uart.o(i.UART_EndRxTransfer)
    i.UART_Receive_IT                        0x0800310a   Section        0  stm32f4xx_hal_uart.o(i.UART_Receive_IT)
    UART_Receive_IT                          0x0800310b   Thumb Code   150  stm32f4xx_hal_uart.o(i.UART_Receive_IT)
    i.UART_SetConfig                         0x080031a0   Section        0  stm32f4xx_hal_uart.o(i.UART_SetConfig)
    UART_SetConfig                           0x080031a1   Thumb Code   286  stm32f4xx_hal_uart.o(i.UART_SetConfig)
    i.UART_Transmit_IT                       0x080032c8   Section        0  stm32f4xx_hal_uart.o(i.UART_Transmit_IT)
    UART_Transmit_IT                         0x080032c9   Thumb Code    98  stm32f4xx_hal_uart.o(i.UART_Transmit_IT)
    i.UART_WaitOnFlagUntilTimeout            0x0800332a   Section        0  stm32f4xx_hal_uart.o(i.UART_WaitOnFlagUntilTimeout)
    UART_WaitOnFlagUntilTimeout              0x0800332b   Thumb Code   100  stm32f4xx_hal_uart.o(i.UART_WaitOnFlagUntilTimeout)
    i.USART1_IRQHandler                      0x08003390   Section        0  stm32f4xx_it.o(i.USART1_IRQHandler)
    i.USART6_IRQHandler                      0x080033a8   Section        0  stm32f4xx_it.o(i.USART6_IRQHandler)
    i.UsageFault_Handler                     0x080033b4   Section        0  stm32f4xx_it.o(i.UsageFault_Handler)
    i.__NVIC_SetPriority                     0x080033b6   Section        0  stm32f4xx_hal_cortex.o(i.__NVIC_SetPriority)
    __NVIC_SetPriority                       0x080033b7   Thumb Code    32  stm32f4xx_hal_cortex.o(i.__NVIC_SetPriority)
    i.__hardfp_fmod                          0x080033d8   Section        0  fmod.o(i.__hardfp_fmod)
    i.__mathlib_dbl_invalid                  0x080034e0   Section        0  dunder.o(i.__mathlib_dbl_invalid)
    i.__scatterload_copy                     0x08003500   Section       14  handlers.o(i.__scatterload_copy)
    i.__scatterload_null                     0x0800350e   Section        2  handlers.o(i.__scatterload_null)
    i.__scatterload_zeroinit                 0x08003510   Section       14  handlers.o(i.__scatterload_zeroinit)
    i.__set_errno                            0x08003520   Section        0  errno.o(i.__set_errno)
    i.assignment_moto_M2006_current          0x0800352c   Section        0  peripherals_can.o(i.assignment_moto_M2006_current)
    i.can_filter_init                        0x08003564   Section        0  peripherals_can.o(i.can_filter_init)
    i.get_moto_metrical_infromation          0x0800359c   Section        0  peripherals_can.o(i.get_moto_metrical_infromation)
    i.main                                   0x080035fc   Section        0  main.o(i.main)
    i.usart1_dr16_init                       0x08003738   Section        0  dr16_recive.o(i.usart1_dr16_init)
    .constdata                               0x0800378c   Section        8  stm32f4xx_hal_dma.o(.constdata)
    flagBitshiftOffset                       0x0800378c   Data           8  stm32f4xx_hal_dma.o(.constdata)
    .constdata                               0x08003794   Section       16  system_stm32f4xx.o(.constdata)
    .constdata                               0x080037a4   Section        8  system_stm32f4xx.o(.constdata)
    .data                                    0x20000000   Section        4  usart.o(.data)
    .data                                    0x20000004   Section       12  stm32f4xx_hal.o(.data)
    .data                                    0x20000010   Section        4  system_stm32f4xx.o(.data)
    .data                                    0x20000014   Section        4  pid.o(.data)
    .data                                    0x20000018   Section        2  pid.o(.data)
    .data                                    0x2000001c   Section        4  pid.o(.data)
    .data                                    0x20000020   Section        8  myaon.o(.data)
    check                                    0x20000020   Data           1  myaon.o(.data)
    x                                        0x20000024   Data           4  myaon.o(.data)
    .data                                    0x20000028   Section       32  dr16_recive.o(.data)
    .data                                    0x20000048   Section        4  errno.o(.data)
    _errno                                   0x20000048   Data           4  errno.o(.data)
    .bss                                     0x2000004c   Section      108  can.o(.bss)
    .bss                                     0x200000b8   Section       40  can.o(.bss)
    .bss                                     0x200000e0   Section      256  tim.o(.bss)
    .bss                                     0x200001e0   Section      532  usart.o(.bss)
    .bss                                     0x200003f4   Section      220  peripherals_can.o(.bss)
    .bss                                     0x200004d0   Section       40  peripherals_can.o(.bss)
    .bss                                     0x200004f8   Section       32  pid.o(.bss)
    .bss                                     0x20000518   Section       72  pid.o(.bss)
    .bss                                     0x20000560   Section       72  pid.o(.bss)
    .bss                                     0x200005a8   Section       72  pid.o(.bss)
    .bss                                     0x200005f0   Section       32  pid.o(.bss)
    .bss                                     0x20000610   Section       32  pid.o(.bss)
    .bss                                     0x20000630   Section       20  steppermotor.o(.bss)
    .bss                                     0x20000644   Section     1058  myaon.o(.bss)
    .bss                                     0x20000a66   Section       22  dr16_recive.o(.bss)
    STACK                                    0x20000a80   Section     1024  startup_stm32f427xx.o(STACK)

    Global Symbols

    Symbol Name                              Value     Ov Type        Size  Object(Section)

    BuildAttributes$$THM_ISAv4$E$P$D$K$B$S$7EM$VFPi3$EXTD16$VFPS$VFMA$PE$A:L22UL41UL21$X:L11$S22US41US21$IEEE1$IW$USESV6$~STKCKD$USESV7$~SHL$OTIME$ROPI$IEEEX$EBA8$MICROLIB$REQ8$PRES8$EABIv2 0x00000000   Number         0  anon$$obj.o ABSOLUTE
    __ARM_use_no_argv                        0x00000000   Number         0  main.o ABSOLUTE
    __use_no_errno                           0x00000000   Number         0  useno.o ABSOLUTE
    __use_no_exception_handling              0x00000000   Number         0  useno.o ABSOLUTE
    __use_no_fp                              0x00000000   Number         0  useno.o ABSOLUTE
    __use_no_heap                            0x00000000   Number         0  useno.o ABSOLUTE
    __use_no_heap_region                     0x00000000   Number         0  useno.o ABSOLUTE
    __use_no_semihosting                     0x00000000   Number         0  useno.o ABSOLUTE
    __use_no_semihosting_swi                 0x00000000   Number         0  useno.o ABSOLUTE
    __use_no_signal_handling                 0x00000000   Number         0  useno.o ABSOLUTE
    ControlOrder                              - Undefined Weak Reference
    ParaOfReturn_Set                          - Undefined Weak Reference
    ParaRead_Set                              - Undefined Weak Reference
    __cpp_initialize__aeabi_                  - Undefined Weak Reference
    __cxa_finalize                            - Undefined Weak Reference
    __decompress                              - Undefined Weak Reference
    _clock_init                               - Undefined Weak Reference
    _microlib_exit                            - Undefined Weak Reference
    __Vectors_Size                           0x000001ac   Number         0  startup_stm32f427xx.o ABSOLUTE
    __Vectors                                0x08000000   Data           4  startup_stm32f427xx.o(RESET)
    __Vectors_End                            0x080001ac   Data           0  startup_stm32f427xx.o(RESET)
    __main                                   0x080001ad   Thumb Code     0  entry.o(.ARM.Collect$$$$00000000)
    _main_stk                                0x080001ad   Thumb Code     0  entry2.o(.ARM.Collect$$$$00000001)
    _main_scatterload                        0x080001b1   Thumb Code     0  entry5.o(.ARM.Collect$$$$00000004)
    __main_after_scatterload                 0x080001b5   Thumb Code     0  entry5.o(.ARM.Collect$$$$00000004)
    _main_clock                              0x080001b5   Thumb Code     0  entry7b.o(.ARM.Collect$$$$00000008)
    _main_cpp_init                           0x080001b5   Thumb Code     0  entry8b.o(.ARM.Collect$$$$0000000A)
    _main_init                               0x080001b5   Thumb Code     0  entry9a.o(.ARM.Collect$$$$0000000B)
    __rt_final_cpp                           0x080001bd   Thumb Code     0  entry10a.o(.ARM.Collect$$$$0000000D)
    __rt_final_exit                          0x080001bd   Thumb Code     0  entry11a.o(.ARM.Collect$$$$0000000F)
    Reset_Handler                            0x080001c1   Thumb Code     8  startup_stm32f427xx.o(.text)
    ADC_IRQHandler                           0x080001db   Thumb Code     0  startup_stm32f427xx.o(.text)
    CAN1_RX1_IRQHandler                      0x080001db   Thumb Code     0  startup_stm32f427xx.o(.text)
    CAN1_SCE_IRQHandler                      0x080001db   Thumb Code     0  startup_stm32f427xx.o(.text)
    CAN2_RX0_IRQHandler                      0x080001db   Thumb Code     0  startup_stm32f427xx.o(.text)
    CAN2_RX1_IRQHandler                      0x080001db   Thumb Code     0  startup_stm32f427xx.o(.text)
    CAN2_SCE_IRQHandler                      0x080001db   Thumb Code     0  startup_stm32f427xx.o(.text)
    CAN2_TX_IRQHandler                       0x080001db   Thumb Code     0  startup_stm32f427xx.o(.text)
    DCMI_IRQHandler                          0x080001db   Thumb Code     0  startup_stm32f427xx.o(.text)
    DMA1_Stream0_IRQHandler                  0x080001db   Thumb Code     0  startup_stm32f427xx.o(.text)
    DMA1_Stream1_IRQHandler                  0x080001db   Thumb Code     0  startup_stm32f427xx.o(.text)
    DMA1_Stream2_IRQHandler                  0x080001db   Thumb Code     0  startup_stm32f427xx.o(.text)
    DMA1_Stream3_IRQHandler                  0x080001db   Thumb Code     0  startup_stm32f427xx.o(.text)
    DMA1_Stream4_IRQHandler                  0x080001db   Thumb Code     0  startup_stm32f427xx.o(.text)
    DMA1_Stream5_IRQHandler                  0x080001db   Thumb Code     0  startup_stm32f427xx.o(.text)
    DMA1_Stream6_IRQHandler                  0x080001db   Thumb Code     0  startup_stm32f427xx.o(.text)
    DMA1_Stream7_IRQHandler                  0x080001db   Thumb Code     0  startup_stm32f427xx.o(.text)
    DMA2D_IRQHandler                         0x080001db   Thumb Code     0  startup_stm32f427xx.o(.text)
    DMA2_Stream0_IRQHandler                  0x080001db   Thumb Code     0  startup_stm32f427xx.o(.text)
    DMA2_Stream3_IRQHandler                  0x080001db   Thumb Code     0  startup_stm32f427xx.o(.text)
    DMA2_Stream4_IRQHandler                  0x080001db   Thumb Code     0  startup_stm32f427xx.o(.text)
    DMA2_Stream5_IRQHandler                  0x080001db   Thumb Code     0  startup_stm32f427xx.o(.text)
    ETH_IRQHandler                           0x080001db   Thumb Code     0  startup_stm32f427xx.o(.text)
    ETH_WKUP_IRQHandler                      0x080001db   Thumb Code     0  startup_stm32f427xx.o(.text)
    EXTI0_IRQHandler                         0x080001db   Thumb Code     0  startup_stm32f427xx.o(.text)
    EXTI15_10_IRQHandler                     0x080001db   Thumb Code     0  startup_stm32f427xx.o(.text)
    EXTI1_IRQHandler                         0x080001db   Thumb Code     0  startup_stm32f427xx.o(.text)
    EXTI2_IRQHandler                         0x080001db   Thumb Code     0  startup_stm32f427xx.o(.text)
    EXTI3_IRQHandler                         0x080001db   Thumb Code     0  startup_stm32f427xx.o(.text)
    EXTI4_IRQHandler                         0x080001db   Thumb Code     0  startup_stm32f427xx.o(.text)
    EXTI9_5_IRQHandler                       0x080001db   Thumb Code     0  startup_stm32f427xx.o(.text)
    FLASH_IRQHandler                         0x080001db   Thumb Code     0  startup_stm32f427xx.o(.text)
    FMC_IRQHandler                           0x080001db   Thumb Code     0  startup_stm32f427xx.o(.text)
    FPU_IRQHandler                           0x080001db   Thumb Code     0  startup_stm32f427xx.o(.text)
    HASH_RNG_IRQHandler                      0x080001db   Thumb Code     0  startup_stm32f427xx.o(.text)
    I2C1_ER_IRQHandler                       0x080001db   Thumb Code     0  startup_stm32f427xx.o(.text)
    I2C1_EV_IRQHandler                       0x080001db   Thumb Code     0  startup_stm32f427xx.o(.text)
    I2C2_ER_IRQHandler                       0x080001db   Thumb Code     0  startup_stm32f427xx.o(.text)
    I2C2_EV_IRQHandler                       0x080001db   Thumb Code     0  startup_stm32f427xx.o(.text)
    I2C3_ER_IRQHandler                       0x080001db   Thumb Code     0  startup_stm32f427xx.o(.text)
    I2C3_EV_IRQHandler                       0x080001db   Thumb Code     0  startup_stm32f427xx.o(.text)
    OTG_FS_IRQHandler                        0x080001db   Thumb Code     0  startup_stm32f427xx.o(.text)
    OTG_FS_WKUP_IRQHandler                   0x080001db   Thumb Code     0  startup_stm32f427xx.o(.text)
    OTG_HS_EP1_IN_IRQHandler                 0x080001db   Thumb Code     0  startup_stm32f427xx.o(.text)
    OTG_HS_EP1_OUT_IRQHandler                0x080001db   Thumb Code     0  startup_stm32f427xx.o(.text)
    OTG_HS_IRQHandler                        0x080001db   Thumb Code     0  startup_stm32f427xx.o(.text)
    OTG_HS_WKUP_IRQHandler                   0x080001db   Thumb Code     0  startup_stm32f427xx.o(.text)
    PVD_IRQHandler                           0x080001db   Thumb Code     0  startup_stm32f427xx.o(.text)
    RCC_IRQHandler                           0x080001db   Thumb Code     0  startup_stm32f427xx.o(.text)
    RTC_Alarm_IRQHandler                     0x080001db   Thumb Code     0  startup_stm32f427xx.o(.text)
    RTC_WKUP_IRQHandler                      0x080001db   Thumb Code     0  startup_stm32f427xx.o(.text)
    SAI1_IRQHandler                          0x080001db   Thumb Code     0  startup_stm32f427xx.o(.text)
    SDIO_IRQHandler                          0x080001db   Thumb Code     0  startup_stm32f427xx.o(.text)
    SPI1_IRQHandler                          0x080001db   Thumb Code     0  startup_stm32f427xx.o(.text)
    SPI2_IRQHandler                          0x080001db   Thumb Code     0  startup_stm32f427xx.o(.text)
    SPI3_IRQHandler                          0x080001db   Thumb Code     0  startup_stm32f427xx.o(.text)
    SPI4_IRQHandler                          0x080001db   Thumb Code     0  startup_stm32f427xx.o(.text)
    SPI5_IRQHandler                          0x080001db   Thumb Code     0  startup_stm32f427xx.o(.text)
    SPI6_IRQHandler                          0x080001db   Thumb Code     0  startup_stm32f427xx.o(.text)
    TAMP_STAMP_IRQHandler                    0x080001db   Thumb Code     0  startup_stm32f427xx.o(.text)
    TIM1_BRK_TIM9_IRQHandler                 0x080001db   Thumb Code     0  startup_stm32f427xx.o(.text)
    TIM1_CC_IRQHandler                       0x080001db   Thumb Code     0  startup_stm32f427xx.o(.text)
    TIM1_TRG_COM_TIM11_IRQHandler            0x080001db   Thumb Code     0  startup_stm32f427xx.o(.text)
    TIM3_IRQHandler                          0x080001db   Thumb Code     0  startup_stm32f427xx.o(.text)
    TIM6_DAC_IRQHandler                      0x080001db   Thumb Code     0  startup_stm32f427xx.o(.text)
    TIM7_IRQHandler                          0x080001db   Thumb Code     0  startup_stm32f427xx.o(.text)
    TIM8_BRK_TIM12_IRQHandler                0x080001db   Thumb Code     0  startup_stm32f427xx.o(.text)
    TIM8_CC_IRQHandler                       0x080001db   Thumb Code     0  startup_stm32f427xx.o(.text)
    TIM8_TRG_COM_TIM14_IRQHandler            0x080001db   Thumb Code     0  startup_stm32f427xx.o(.text)
    TIM8_UP_TIM13_IRQHandler                 0x080001db   Thumb Code     0  startup_stm32f427xx.o(.text)
    UART4_IRQHandler                         0x080001db   Thumb Code     0  startup_stm32f427xx.o(.text)
    UART5_IRQHandler                         0x080001db   Thumb Code     0  startup_stm32f427xx.o(.text)
    UART7_IRQHandler                         0x080001db   Thumb Code     0  startup_stm32f427xx.o(.text)
    UART8_IRQHandler                         0x080001db   Thumb Code     0  startup_stm32f427xx.o(.text)
    USART2_IRQHandler                        0x080001db   Thumb Code     0  startup_stm32f427xx.o(.text)
    USART3_IRQHandler                        0x080001db   Thumb Code     0  startup_stm32f427xx.o(.text)
    WWDG_IRQHandler                          0x080001db   Thumb Code     0  startup_stm32f427xx.o(.text)
    __aeabi_uldivmod                         0x080001e5   Thumb Code    98  uldiv.o(.text)
    __aeabi_memcpy                           0x08000247   Thumb Code    36  memcpya.o(.text)
    __aeabi_memcpy4                          0x08000247   Thumb Code     0  memcpya.o(.text)
    __aeabi_memcpy8                          0x08000247   Thumb Code     0  memcpya.o(.text)
    __aeabi_memset                           0x0800026b   Thumb Code    14  memseta.o(.text)
    __aeabi_memset4                          0x0800026b   Thumb Code     0  memseta.o(.text)
    __aeabi_memset8                          0x0800026b   Thumb Code     0  memseta.o(.text)
    __aeabi_memclr                           0x08000279   Thumb Code     4  memseta.o(.text)
    __aeabi_memclr4                          0x08000279   Thumb Code     0  memseta.o(.text)
    __aeabi_memclr8                          0x08000279   Thumb Code     0  memseta.o(.text)
    _memset$wrapper                          0x0800027d   Thumb Code    18  memseta.o(.text)
    __aeabi_dadd                             0x0800028f   Thumb Code   322  dadd.o(.text)
    __aeabi_dsub                             0x080003d1   Thumb Code     6  dadd.o(.text)
    __aeabi_drsub                            0x080003d7   Thumb Code     6  dadd.o(.text)
    __aeabi_f2d                              0x080003dd   Thumb Code    38  f2d.o(.text)
    __aeabi_d2f                              0x08000403   Thumb Code    56  d2f.o(.text)
    __aeabi_llsl                             0x0800043b   Thumb Code    30  llshl.o(.text)
    _ll_shift_l                              0x0800043b   Thumb Code     0  llshl.o(.text)
    __aeabi_llsr                             0x08000459   Thumb Code    32  llushr.o(.text)
    _ll_ushift_r                             0x08000459   Thumb Code     0  llushr.o(.text)
    __aeabi_lasr                             0x08000479   Thumb Code    36  llsshr.o(.text)
    _ll_sshift_r                             0x08000479   Thumb Code     0  llsshr.o(.text)
    __I$use$fp                               0x0800049d   Thumb Code     0  iusefp.o(.text)
    _float_round                             0x0800049d   Thumb Code    18  fepilogue.o(.text)
    _float_epilogue                          0x080004af   Thumb Code    92  fepilogue.o(.text)
    _double_round                            0x0800050b   Thumb Code    30  depilogue.o(.text)
    _double_epilogue                         0x08000529   Thumb Code   156  depilogue.o(.text)
    _drem                                    0x080005c5   Thumb Code   134  drem.o(.text)
    __scatterload                            0x0800064d   Thumb Code    28  init.o(.text)
    __scatterload_rt2                        0x0800064d   Thumb Code     0  init.o(.text)
    __aeabi_ddiv                             0x08000671   Thumb Code   222  ddiv.o(.text)
    Ano_Init                                 0x08000751   Thumb Code    16  myaon.o(i.Ano_Init)
    Ano_Send_Data                            0x08000765   Thumb Code    56  myaon.o(i.Ano_Send_Data)
    BusFault_Handler                         0x080007a9   Thumb Code     2  stm32f4xx_it.o(i.BusFault_Handler)
    CAN1_RX0_IRQHandler                      0x080007ad   Thumb Code   102  stm32f4xx_it.o(i.CAN1_RX0_IRQHandler)
    CAN1_TX_IRQHandler                       0x08000835   Thumb Code     6  stm32f4xx_it.o(i.CAN1_TX_IRQHandler)
    DMA2_Stream1_IRQHandler                  0x08000841   Thumb Code     6  stm32f4xx_it.o(i.DMA2_Stream1_IRQHandler)
    DMA2_Stream2_IRQHandler                  0x0800084d   Thumb Code     6  stm32f4xx_it.o(i.DMA2_Stream2_IRQHandler)
    DMA2_Stream6_IRQHandler                  0x08000859   Thumb Code     6  stm32f4xx_it.o(i.DMA2_Stream6_IRQHandler)
    DMA2_Stream7_IRQHandler                  0x08000865   Thumb Code     6  stm32f4xx_it.o(i.DMA2_Stream7_IRQHandler)
    DR16_Process                             0x08000915   Thumb Code   194  dr16_recive.o(i.DR16_Process)
    DR_16hander                              0x080009dd   Thumb Code    76  dr16_recive.o(i.DR_16hander)
    DebugMon_Handler                         0x08000a31   Thumb Code     2  stm32f4xx_it.o(i.DebugMon_Handler)
    Error_Handler                            0x08000a33   Thumb Code     2  main.o(i.Error_Handler)
    HAL_CAN_AddTxMessage                     0x08000a35   Thumb Code   200  stm32f4xx_hal_can.o(i.HAL_CAN_AddTxMessage)
    HAL_CAN_ConfigFilter                     0x08000afd   Thumb Code   262  stm32f4xx_hal_can.o(i.HAL_CAN_ConfigFilter)
    HAL_CAN_ErrorCallback                    0x08000c09   Thumb Code     2  stm32f4xx_hal_can.o(i.HAL_CAN_ErrorCallback)
    HAL_CAN_GetRxMessage                     0x08000c0b   Thumb Code   232  stm32f4xx_hal_can.o(i.HAL_CAN_GetRxMessage)
    HAL_CAN_IRQHandler                       0x08000cf3   Thumb Code   508  stm32f4xx_hal_can.o(i.HAL_CAN_IRQHandler)
    HAL_CAN_Init                             0x08000eef   Thumb Code   282  stm32f4xx_hal_can.o(i.HAL_CAN_Init)
    HAL_CAN_MspInit                          0x08001009   Thumb Code   122  can.o(i.HAL_CAN_MspInit)
    HAL_CAN_RxFifo0FullCallback              0x08001091   Thumb Code     2  stm32f4xx_hal_can.o(i.HAL_CAN_RxFifo0FullCallback)
    HAL_CAN_RxFifo0MsgPendingCallback        0x08001093   Thumb Code     2  stm32f4xx_hal_can.o(i.HAL_CAN_RxFifo0MsgPendingCallback)
    HAL_CAN_RxFifo1FullCallback              0x08001095   Thumb Code     2  stm32f4xx_hal_can.o(i.HAL_CAN_RxFifo1FullCallback)
    HAL_CAN_RxFifo1MsgPendingCallback        0x08001097   Thumb Code     2  stm32f4xx_hal_can.o(i.HAL_CAN_RxFifo1MsgPendingCallback)
    HAL_CAN_SleepCallback                    0x08001099   Thumb Code     2  stm32f4xx_hal_can.o(i.HAL_CAN_SleepCallback)
    HAL_CAN_Start                            0x0800109d   Thumb Code    88  stm32f4xx_hal_can.o(i.HAL_CAN_Start)
    HAL_CAN_TxMailbox0AbortCallback          0x080010f5   Thumb Code     2  stm32f4xx_hal_can.o(i.HAL_CAN_TxMailbox0AbortCallback)
    HAL_CAN_TxMailbox0CompleteCallback       0x080010f7   Thumb Code     2  stm32f4xx_hal_can.o(i.HAL_CAN_TxMailbox0CompleteCallback)
    HAL_CAN_TxMailbox1AbortCallback          0x080010f9   Thumb Code     2  stm32f4xx_hal_can.o(i.HAL_CAN_TxMailbox1AbortCallback)
    HAL_CAN_TxMailbox1CompleteCallback       0x080010fb   Thumb Code     2  stm32f4xx_hal_can.o(i.HAL_CAN_TxMailbox1CompleteCallback)
    HAL_CAN_TxMailbox2AbortCallback          0x080010fd   Thumb Code     2  stm32f4xx_hal_can.o(i.HAL_CAN_TxMailbox2AbortCallback)
    HAL_CAN_TxMailbox2CompleteCallback       0x080010ff   Thumb Code     2  stm32f4xx_hal_can.o(i.HAL_CAN_TxMailbox2CompleteCallback)
    HAL_CAN_WakeUpFromRxMsgCallback          0x08001101   Thumb Code     2  stm32f4xx_hal_can.o(i.HAL_CAN_WakeUpFromRxMsgCallback)
    HAL_DMA_Abort_IT                         0x08001103   Thumb Code    36  stm32f4xx_hal_dma.o(i.HAL_DMA_Abort_IT)
    HAL_DMA_IRQHandler                       0x08001129   Thumb Code   412  stm32f4xx_hal_dma.o(i.HAL_DMA_IRQHandler)
    HAL_DMA_Init                             0x080012c9   Thumb Code   206  stm32f4xx_hal_dma.o(i.HAL_DMA_Init)
    HAL_DMA_Start                            0x0800139d   Thumb Code    70  stm32f4xx_hal_dma.o(i.HAL_DMA_Start)
    HAL_GPIO_Init                            0x080013e5   Thumb Code   414  stm32f4xx_hal_gpio.o(i.HAL_GPIO_Init)
    HAL_GPIO_WritePin                        0x080015b9   Thumb Code    10  stm32f4xx_hal_gpio.o(i.HAL_GPIO_WritePin)
    HAL_GetTick                              0x080015c5   Thumb Code     6  stm32f4xx_hal.o(i.HAL_GetTick)
    HAL_IncTick                              0x080015d1   Thumb Code    12  stm32f4xx_hal.o(i.HAL_IncTick)
    HAL_Init                                 0x080015e1   Thumb Code    48  stm32f4xx_hal.o(i.HAL_Init)
    HAL_InitTick                             0x08001615   Thumb Code    54  stm32f4xx_hal.o(i.HAL_InitTick)
    HAL_MspInit                              0x08001655   Thumb Code    42  stm32f4xx_hal_msp.o(i.HAL_MspInit)
    HAL_NVIC_EnableIRQ                       0x08001685   Thumb Code    26  stm32f4xx_hal_cortex.o(i.HAL_NVIC_EnableIRQ)
    HAL_NVIC_SetPriority                     0x080016a1   Thumb Code    60  stm32f4xx_hal_cortex.o(i.HAL_NVIC_SetPriority)
    HAL_NVIC_SetPriorityGrouping             0x080016e1   Thumb Code    26  stm32f4xx_hal_cortex.o(i.HAL_NVIC_SetPriorityGrouping)
    HAL_RCC_ClockConfig                      0x08001705   Thumb Code   288  stm32f4xx_hal_rcc.o(i.HAL_RCC_ClockConfig)
    HAL_RCC_GetPCLK1Freq                     0x08001839   Thumb Code    20  stm32f4xx_hal_rcc.o(i.HAL_RCC_GetPCLK1Freq)
    HAL_RCC_GetPCLK2Freq                     0x08001859   Thumb Code    20  stm32f4xx_hal_rcc.o(i.HAL_RCC_GetPCLK2Freq)
    HAL_RCC_GetSysClockFreq                  0x08001879   Thumb Code    88  stm32f4xx_hal_rcc.o(i.HAL_RCC_GetSysClockFreq)
    HAL_RCC_OscConfig                        0x080018dd   Thumb Code   840  stm32f4xx_hal_rcc.o(i.HAL_RCC_OscConfig)
    HAL_SYSTICK_Config                       0x08001c39   Thumb Code    40  stm32f4xx_hal_cortex.o(i.HAL_SYSTICK_Config)
    HAL_TIMEx_BreakCallback                  0x08001c61   Thumb Code     2  stm32f4xx_hal_tim_ex.o(i.HAL_TIMEx_BreakCallback)
    HAL_TIMEx_CommutCallback                 0x08001c63   Thumb Code     2  stm32f4xx_hal_tim_ex.o(i.HAL_TIMEx_CommutCallback)
    HAL_TIMEx_MasterConfigSynchronization    0x08001c65   Thumb Code   116  stm32f4xx_hal_tim_ex.o(i.HAL_TIMEx_MasterConfigSynchronization)
    HAL_TIM_Base_GetState                    0x08001cf5   Thumb Code     6  stm32f4xx_hal_tim.o(i.HAL_TIM_Base_GetState)
    HAL_TIM_Base_Init                        0x08001cfb   Thumb Code    54  stm32f4xx_hal_tim.o(i.HAL_TIM_Base_Init)
    HAL_TIM_Base_MspInit                     0x08001d31   Thumb Code   162  tim.o(i.HAL_TIM_Base_MspInit)
    HAL_TIM_Base_Start_IT                    0x08001de5   Thumb Code    34  stm32f4xx_hal_tim.o(i.HAL_TIM_Base_Start_IT)
    HAL_TIM_Base_Stop_IT                     0x08001e07   Thumb Code    42  stm32f4xx_hal_tim.o(i.HAL_TIM_Base_Stop_IT)
    HAL_TIM_ConfigClockSource                0x08001e31   Thumb Code   214  stm32f4xx_hal_tim.o(i.HAL_TIM_ConfigClockSource)
    HAL_TIM_IC_CaptureCallback               0x08001f07   Thumb Code     2  stm32f4xx_hal_tim.o(i.HAL_TIM_IC_CaptureCallback)
    HAL_TIM_IRQHandler                       0x08001f09   Thumb Code   358  stm32f4xx_hal_tim.o(i.HAL_TIM_IRQHandler)
    HAL_TIM_MspPostInit                      0x08002071   Thumb Code    68  tim.o(i.HAL_TIM_MspPostInit)
    HAL_TIM_OC_DelayElapsedCallback          0x080020c1   Thumb Code     2  stm32f4xx_hal_tim.o(i.HAL_TIM_OC_DelayElapsedCallback)
    HAL_TIM_PWM_ConfigChannel                0x080020c3   Thumb Code   208  stm32f4xx_hal_tim.o(i.HAL_TIM_PWM_ConfigChannel)
    HAL_TIM_PWM_Init                         0x08002193   Thumb Code    54  stm32f4xx_hal_tim.o(i.HAL_TIM_PWM_Init)
    HAL_TIM_PWM_MspInit                      0x080021c9   Thumb Code     2  stm32f4xx_hal_tim.o(i.HAL_TIM_PWM_MspInit)
    HAL_TIM_PWM_PulseFinishedCallback        0x080021cb   Thumb Code     2  stm32f4xx_hal_tim.o(i.HAL_TIM_PWM_PulseFinishedCallback)
    HAL_TIM_PWM_Start                        0x080021cd   Thumb Code    58  stm32f4xx_hal_tim.o(i.HAL_TIM_PWM_Start)
    HAL_TIM_PWM_Stop                         0x08002211   Thumb Code    84  stm32f4xx_hal_tim.o(i.HAL_TIM_PWM_Stop)
    HAL_TIM_PeriodElapsedCallback            0x0800226d   Thumb Code   126  steppermotor.o(i.HAL_TIM_PeriodElapsedCallback)
    HAL_TIM_TriggerCallback                  0x08002305   Thumb Code     2  stm32f4xx_hal_tim.o(i.HAL_TIM_TriggerCallback)
    HAL_UART_ErrorCallback                   0x08002307   Thumb Code     2  stm32f4xx_hal_uart.o(i.HAL_UART_ErrorCallback)
    HAL_UART_IRQHandler                      0x08002309   Thumb Code   270  stm32f4xx_hal_uart.o(i.HAL_UART_IRQHandler)
    HAL_UART_Init                            0x0800241d   Thumb Code    98  stm32f4xx_hal_uart.o(i.HAL_UART_Init)
    HAL_UART_MspInit                         0x08002481   Thumb Code   378  usart.o(i.HAL_UART_MspInit)
    HAL_UART_RxCpltCallback                  0x0800261d   Thumb Code    76  usart.o(i.HAL_UART_RxCpltCallback)
    HAL_UART_Transmit                        0x08002675   Thumb Code   186  stm32f4xx_hal_uart.o(i.HAL_UART_Transmit)
    HAL_UART_TxCpltCallback                  0x0800272f   Thumb Code     2  stm32f4xx_hal_uart.o(i.HAL_UART_TxCpltCallback)
    HardFault_Handler                        0x08002731   Thumb Code     2  stm32f4xx_it.o(i.HardFault_Handler)
    MX_CAN1_Init                             0x08002735   Thumb Code    62  can.o(i.MX_CAN1_Init)
    MX_DMA_Init                              0x0800277d   Thumb Code    88  dma.o(i.MX_DMA_Init)
    MX_GPIO_Init                             0x080027d9   Thumb Code   130  gpio.o(i.MX_GPIO_Init)
    MX_TIM1_Init                             0x08002865   Thumb Code    96  tim.o(i.MX_TIM1_Init)
    MX_TIM2_Init                             0x080028cd   Thumb Code    96  tim.o(i.MX_TIM2_Init)
    MX_TIM4_Init                             0x08002931   Thumb Code    94  tim.o(i.MX_TIM4_Init)
    MX_TIM5_Init                             0x08002999   Thumb Code   146  tim.o(i.MX_TIM5_Init)
    MX_USART1_UART_Init                      0x08002a35   Thumb Code    50  usart.o(i.MX_USART1_UART_Init)
    MX_USART6_UART_Init                      0x08002a75   Thumb Code    48  usart.o(i.MX_USART6_UART_Init)
    MemManage_Handler                        0x08002aad   Thumb Code     2  stm32f4xx_it.o(i.MemManage_Handler)
    NMI_Handler                              0x08002aaf   Thumb Code     2  stm32f4xx_it.o(i.NMI_Handler)
    PendSV_Handler                           0x08002ab1   Thumb Code     2  stm32f4xx_it.o(i.PendSV_Handler)
    Position_PID                             0x08002ab5   Thumb Code   110  pid.o(i.Position_PID)
    SVC_Handler                              0x08002b2d   Thumb Code     2  stm32f4xx_it.o(i.SVC_Handler)
    Stepper_setAngle                         0x08002b79   Thumb Code   148  steppermotor.o(i.Stepper_setAngle)
    Stepper_setInfo                          0x08002c2d   Thumb Code    28  steppermotor.o(i.Stepper_setInfo)
    SysTick_Handler                          0x08002c51   Thumb Code     4  stm32f4xx_it.o(i.SysTick_Handler)
    SystemClock_Config                       0x08002c55   Thumb Code   124  main.o(i.SystemClock_Config)
    SystemInit                               0x08002cd9   Thumb Code    22  system_stm32f4xx.o(i.SystemInit)
    TIM1_UP_TIM10_IRQHandler                 0x08002cf5   Thumb Code    92  stm32f4xx_it.o(i.TIM1_UP_TIM10_IRQHandler)
    TIM2_IRQHandler                          0x08002d6d   Thumb Code   110  stm32f4xx_it.o(i.TIM2_IRQHandler)
    TIM4_IRQHandler                          0x08002df5   Thumb Code     6  stm32f4xx_it.o(i.TIM4_IRQHandler)
    TIM5_IRQHandler                          0x08002e01   Thumb Code     6  stm32f4xx_it.o(i.TIM5_IRQHandler)
    TIM_Base_SetConfig                       0x08002e0d   Thumb Code   156  stm32f4xx_hal_tim.o(i.TIM_Base_SetConfig)
    TIM_CCxChannelCmd                        0x08002ed5   Thumb Code    26  stm32f4xx_hal_tim.o(i.TIM_CCxChannelCmd)
    TIM_ETR_SetConfig                        0x08002eef   Thumb Code    20  stm32f4xx_hal_tim.o(i.TIM_ETR_SetConfig)
    TIM_OC2_SetConfig                        0x08002f75   Thumb Code    98  stm32f4xx_hal_tim.o(i.TIM_OC2_SetConfig)
    USART1_IRQHandler                        0x08003391   Thumb Code    18  stm32f4xx_it.o(i.USART1_IRQHandler)
    USART6_IRQHandler                        0x080033a9   Thumb Code     6  stm32f4xx_it.o(i.USART6_IRQHandler)
    UsageFault_Handler                       0x080033b5   Thumb Code     2  stm32f4xx_it.o(i.UsageFault_Handler)
    __hardfp_fmod                            0x080033d9   Thumb Code   254  fmod.o(i.__hardfp_fmod)
    __mathlib_dbl_invalid                    0x080034e1   Thumb Code    24  dunder.o(i.__mathlib_dbl_invalid)
    __scatterload_copy                       0x08003501   Thumb Code    14  handlers.o(i.__scatterload_copy)
    __scatterload_null                       0x0800350f   Thumb Code     2  handlers.o(i.__scatterload_null)
    __scatterload_zeroinit                   0x08003511   Thumb Code    14  handlers.o(i.__scatterload_zeroinit)
    __set_errno                              0x08003521   Thumb Code     6  errno.o(i.__set_errno)
    assignment_moto_M2006_current            0x0800352d   Thumb Code    52  peripherals_can.o(i.assignment_moto_M2006_current)
    can_filter_init                          0x08003565   Thumb Code    52  peripherals_can.o(i.can_filter_init)
    get_moto_metrical_infromation            0x0800359d   Thumb Code    82  peripherals_can.o(i.get_moto_metrical_infromation)
    main                                     0x080035fd   Thumb Code   276  main.o(i.main)
    usart1_dr16_init                         0x08003739   Thumb Code    74  dr16_recive.o(i.usart1_dr16_init)
    AHBPrescTable                            0x08003794   Data          16  system_stm32f4xx.o(.constdata)
    APBPrescTable                            0x080037a4   Data           8  system_stm32f4xx.o(.constdata)
    Region$$Table$$Base                      0x080037ac   Number         0  anon$$obj.o(Region$$Table)
    Region$$Table$$Limit                     0x080037cc   Number         0  anon$$obj.o(Region$$Table)
    aRxBuffer                                0x20000000   Data           1  usart.o(.data)
    USART_RX_STA                             0x20000002   Data           2  usart.o(.data)
    uwTickFreq                               0x20000004   Data           1  stm32f4xx_hal.o(.data)
    uwTickPrio                               0x20000008   Data           4  stm32f4xx_hal.o(.data)
    uwTick                                   0x2000000c   Data           4  stm32f4xx_hal.o(.data)
    SystemCoreClock                          0x20000010   Data           4  system_stm32f4xx.o(.data)
    Last_Encoder_values                      0x20000014   Data           4  pid.o(.data)
    circle_cnt                               0x20000018   Data           2  pid.o(.data)
    Encoder_values                           0x2000001c   Data           4  pid.o(.data)
    DR16                                     0x20000028   Data          32  dr16_recive.o(.data)
    Send_CAN_DATA                            0x2000004c   Data         108  can.o(.bss)
    hcan1                                    0x200000b8   Data          40  can.o(.bss)
    htim1                                    0x200000e0   Data          64  tim.o(.bss)
    htim2                                    0x20000120   Data          64  tim.o(.bss)
    htim4                                    0x20000160   Data          64  tim.o(.bss)
    htim5                                    0x200001a0   Data          64  tim.o(.bss)
    USART_RX_BUF                             0x200001e0   Data          20  usart.o(.bss)
    huart1                                   0x200001f4   Data          64  usart.o(.bss)
    huart6                                   0x20000234   Data          64  usart.o(.bss)
    hdma_usart1_rx                           0x20000274   Data          96  usart.o(.bss)
    hdma_usart1_tx                           0x200002d4   Data          96  usart.o(.bss)
    hdma_usart6_rx                           0x20000334   Data          96  usart.o(.bss)
    hdma_usart6_tx                           0x20000394   Data          96  usart.o(.bss)
    moto_chassis                             0x200003f4   Data         112  peripherals_can.o(.bss)
    get_can_data                             0x20000464   Data         108  peripherals_can.o(.bss)
    CAN_FilterConfigStructure                0x200004d0   Data          40  peripherals_can.o(.bss)
    target_current                           0x200004f8   Data          32  pid.o(.bss)
    incremental_pid_current                  0x20000518   Data          72  pid.o(.bss)
    position_pid_angle                       0x20000560   Data          72  pid.o(.bss)
    position_pid_speed                       0x200005a8   Data          72  pid.o(.bss)
    target_angle                             0x200005f0   Data          32  pid.o(.bss)
    target_speed                             0x20000610   Data          32  pid.o(.bss)
    StepperMotor                             0x20000630   Data          20  steppermotor.o(.bss)
    MyAno                                    0x20000644   Data        1038  myaon.o(.bss)
    MPara                                    0x20000a52   Data          20  myaon.o(.bss)
    DR16Buffer                               0x20000a66   Data          22  dr16_recive.o(.bss)
    __initial_sp                             0x20000e80   Data           0  startup_stm32f427xx.o(STACK)



==============================================================================

Memory Map of the image

  Image Entry point : 0x080001ad

  Load Region LR_IROM1 (Base: 0x08000000, Size: 0x00003818, Max: 0x00200000, ABSOLUTE)

    Execution Region ER_IROM1 (Exec base: 0x08000000, Load base: 0x08000000, Size: 0x000037cc, Max: 0x00200000, ABSOLUTE)

    Exec Addr    Load Addr    Size         Type   Attr      Idx    E Section Name        Object

    0x08000000   0x08000000   0x000001ac   Data   RO            3    RESET               startup_stm32f427xx.o
    0x080001ac   0x080001ac   0x00000000   Code   RO         3761  * .ARM.Collect$$$$00000000  mc_w.l(entry.o)
    0x080001ac   0x080001ac   0x00000004   Code   RO         3810    .ARM.Collect$$$$00000001  mc_w.l(entry2.o)
    0x080001b0   0x080001b0   0x00000004   Code   RO         3813    .ARM.Collect$$$$00000004  mc_w.l(entry5.o)
    0x080001b4   0x080001b4   0x00000000   Code   RO         3815    .ARM.Collect$$$$00000008  mc_w.l(entry7b.o)
    0x080001b4   0x080001b4   0x00000000   Code   RO         3817    .ARM.Collect$$$$0000000A  mc_w.l(entry8b.o)
    0x080001b4   0x080001b4   0x00000008   Code   RO         3818    .ARM.Collect$$$$0000000B  mc_w.l(entry9a.o)
    0x080001bc   0x080001bc   0x00000000   Code   RO         3820    .ARM.Collect$$$$0000000D  mc_w.l(entry10a.o)
    0x080001bc   0x080001bc   0x00000000   Code   RO         3822    .ARM.Collect$$$$0000000F  mc_w.l(entry11a.o)
    0x080001bc   0x080001bc   0x00000004   Code   RO         3811    .ARM.Collect$$$$00002712  mc_w.l(entry2.o)
    0x080001c0   0x080001c0   0x00000024   Code   RO            4    .text               startup_stm32f427xx.o
    0x080001e4   0x080001e4   0x00000062   Code   RO         3764    .text               mc_w.l(uldiv.o)
    0x08000246   0x08000246   0x00000024   Code   RO         3766    .text               mc_w.l(memcpya.o)
    0x0800026a   0x0800026a   0x00000024   Code   RO         3768    .text               mc_w.l(memseta.o)
    0x0800028e   0x0800028e   0x0000014e   Code   RO         3772    .text               mf_w.l(dadd.o)
    0x080003dc   0x080003dc   0x00000026   Code   RO         3778    .text               mf_w.l(f2d.o)
    0x08000402   0x08000402   0x00000038   Code   RO         3780    .text               mf_w.l(d2f.o)
    0x0800043a   0x0800043a   0x0000001e   Code   RO         3824    .text               mc_w.l(llshl.o)
    0x08000458   0x08000458   0x00000020   Code   RO         3826    .text               mc_w.l(llushr.o)
    0x08000478   0x08000478   0x00000024   Code   RO         3828    .text               mc_w.l(llsshr.o)
    0x0800049c   0x0800049c   0x00000000   Code   RO         3837    .text               mc_w.l(iusefp.o)
    0x0800049c   0x0800049c   0x0000006e   Code   RO         3838    .text               mf_w.l(fepilogue.o)
    0x0800050a   0x0800050a   0x000000ba   Code   RO         3840    .text               mf_w.l(depilogue.o)
    0x080005c4   0x080005c4   0x00000086   Code   RO         3844    .text               mf_w.l(drem.o)
    0x0800064a   0x0800064a   0x00000002   PAD
    0x0800064c   0x0800064c   0x00000024   Code   RO         3856    .text               mc_w.l(init.o)
    0x08000670   0x08000670   0x000000de   Code   RO         3858    .text               mf_w.l(ddiv.o)
    0x0800074e   0x0800074e   0x00000002   PAD
    0x08000750   0x08000750   0x00000014   Code   RO         3529    i.Ano_Init          myaon.o
    0x08000764   0x08000764   0x00000044   Code   RO         3533    i.Ano_Send_Data     myaon.o
    0x080007a8   0x080007a8   0x00000002   Code   RO          468    i.BusFault_Handler  stm32f4xx_it.o
    0x080007aa   0x080007aa   0x00000002   PAD
    0x080007ac   0x080007ac   0x00000088   Code   RO          469    i.CAN1_RX0_IRQHandler  stm32f4xx_it.o
    0x08000834   0x08000834   0x0000000c   Code   RO          470    i.CAN1_TX_IRQHandler  stm32f4xx_it.o
    0x08000840   0x08000840   0x0000000c   Code   RO          471    i.DMA2_Stream1_IRQHandler  stm32f4xx_it.o
    0x0800084c   0x0800084c   0x0000000c   Code   RO          472    i.DMA2_Stream2_IRQHandler  stm32f4xx_it.o
    0x08000858   0x08000858   0x0000000c   Code   RO          473    i.DMA2_Stream6_IRQHandler  stm32f4xx_it.o
    0x08000864   0x08000864   0x0000000c   Code   RO          474    i.DMA2_Stream7_IRQHandler  stm32f4xx_it.o
    0x08000870   0x08000870   0x00000028   Code   RO         1385    i.DMA_CalcBaseAndBitshift  stm32f4xx_hal_dma.o
    0x08000898   0x08000898   0x00000054   Code   RO         1386    i.DMA_CheckFifoParam  stm32f4xx_hal_dma.o
    0x080008ec   0x080008ec   0x00000028   Code   RO         1387    i.DMA_SetConfig     stm32f4xx_hal_dma.o
    0x08000914   0x08000914   0x000000c8   Code   RO         3635    i.DR16_Process      dr16_recive.o
    0x080009dc   0x080009dc   0x00000054   Code   RO         3636    i.DR_16hander       dr16_recive.o
    0x08000a30   0x08000a30   0x00000002   Code   RO          475    i.DebugMon_Handler  stm32f4xx_it.o
    0x08000a32   0x08000a32   0x00000002   Code   RO           13    i.Error_Handler     main.o
    0x08000a34   0x08000a34   0x000000c8   Code   RO          642    i.HAL_CAN_AddTxMessage  stm32f4xx_hal_can.o
    0x08000afc   0x08000afc   0x0000010c   Code   RO          643    i.HAL_CAN_ConfigFilter  stm32f4xx_hal_can.o
    0x08000c08   0x08000c08   0x00000002   Code   RO          646    i.HAL_CAN_ErrorCallback  stm32f4xx_hal_can.o
    0x08000c0a   0x08000c0a   0x000000e8   Code   RO          649    i.HAL_CAN_GetRxMessage  stm32f4xx_hal_can.o
    0x08000cf2   0x08000cf2   0x000001fc   Code   RO          653    i.HAL_CAN_IRQHandler  stm32f4xx_hal_can.o
    0x08000eee   0x08000eee   0x0000011a   Code   RO          654    i.HAL_CAN_Init      stm32f4xx_hal_can.o
    0x08001008   0x08001008   0x00000088   Code   RO          251    i.HAL_CAN_MspInit   can.o
    0x08001090   0x08001090   0x00000002   Code   RO          661    i.HAL_CAN_RxFifo0FullCallback  stm32f4xx_hal_can.o
    0x08001092   0x08001092   0x00000002   Code   RO          662    i.HAL_CAN_RxFifo0MsgPendingCallback  stm32f4xx_hal_can.o
    0x08001094   0x08001094   0x00000002   Code   RO          663    i.HAL_CAN_RxFifo1FullCallback  stm32f4xx_hal_can.o
    0x08001096   0x08001096   0x00000002   Code   RO          664    i.HAL_CAN_RxFifo1MsgPendingCallback  stm32f4xx_hal_can.o
    0x08001098   0x08001098   0x00000002   Code   RO          665    i.HAL_CAN_SleepCallback  stm32f4xx_hal_can.o
    0x0800109a   0x0800109a   0x00000002   PAD
    0x0800109c   0x0800109c   0x00000058   Code   RO          666    i.HAL_CAN_Start     stm32f4xx_hal_can.o
    0x080010f4   0x080010f4   0x00000002   Code   RO          668    i.HAL_CAN_TxMailbox0AbortCallback  stm32f4xx_hal_can.o
    0x080010f6   0x080010f6   0x00000002   Code   RO          669    i.HAL_CAN_TxMailbox0CompleteCallback  stm32f4xx_hal_can.o
    0x080010f8   0x080010f8   0x00000002   Code   RO          670    i.HAL_CAN_TxMailbox1AbortCallback  stm32f4xx_hal_can.o
    0x080010fa   0x080010fa   0x00000002   Code   RO          671    i.HAL_CAN_TxMailbox1CompleteCallback  stm32f4xx_hal_can.o
    0x080010fc   0x080010fc   0x00000002   Code   RO          672    i.HAL_CAN_TxMailbox2AbortCallback  stm32f4xx_hal_can.o
    0x080010fe   0x080010fe   0x00000002   Code   RO          673    i.HAL_CAN_TxMailbox2CompleteCallback  stm32f4xx_hal_can.o
    0x08001100   0x08001100   0x00000002   Code   RO          675    i.HAL_CAN_WakeUpFromRxMsgCallback  stm32f4xx_hal_can.o
    0x08001102   0x08001102   0x00000024   Code   RO         1389    i.HAL_DMA_Abort_IT  stm32f4xx_hal_dma.o
    0x08001126   0x08001126   0x00000002   PAD
    0x08001128   0x08001128   0x000001a0   Code   RO         1393    i.HAL_DMA_IRQHandler  stm32f4xx_hal_dma.o
    0x080012c8   0x080012c8   0x000000d4   Code   RO         1394    i.HAL_DMA_Init      stm32f4xx_hal_dma.o
    0x0800139c   0x0800139c   0x00000046   Code   RO         1397    i.HAL_DMA_Start     stm32f4xx_hal_dma.o
    0x080013e2   0x080013e2   0x00000002   PAD
    0x080013e4   0x080013e4   0x000001d4   Code   RO         1281    i.HAL_GPIO_Init     stm32f4xx_hal_gpio.o
    0x080015b8   0x080015b8   0x0000000a   Code   RO         1285    i.HAL_GPIO_WritePin  stm32f4xx_hal_gpio.o
    0x080015c2   0x080015c2   0x00000002   PAD
    0x080015c4   0x080015c4   0x0000000c   Code   RO         1833    i.HAL_GetTick       stm32f4xx_hal.o
    0x080015d0   0x080015d0   0x00000010   Code   RO         1839    i.HAL_IncTick       stm32f4xx_hal.o
    0x080015e0   0x080015e0   0x00000034   Code   RO         1840    i.HAL_Init          stm32f4xx_hal.o
    0x08001614   0x08001614   0x00000040   Code   RO         1841    i.HAL_InitTick      stm32f4xx_hal.o
    0x08001654   0x08001654   0x00000030   Code   RO          616    i.HAL_MspInit       stm32f4xx_hal_msp.o
    0x08001684   0x08001684   0x0000001a   Code   RO         1688    i.HAL_NVIC_EnableIRQ  stm32f4xx_hal_cortex.o
    0x0800169e   0x0800169e   0x00000002   PAD
    0x080016a0   0x080016a0   0x00000040   Code   RO         1694    i.HAL_NVIC_SetPriority  stm32f4xx_hal_cortex.o
    0x080016e0   0x080016e0   0x00000024   Code   RO         1695    i.HAL_NVIC_SetPriorityGrouping  stm32f4xx_hal_cortex.o
    0x08001704   0x08001704   0x00000134   Code   RO          875    i.HAL_RCC_ClockConfig  stm32f4xx_hal_rcc.o
    0x08001838   0x08001838   0x00000020   Code   RO          882    i.HAL_RCC_GetPCLK1Freq  stm32f4xx_hal_rcc.o
    0x08001858   0x08001858   0x00000020   Code   RO          883    i.HAL_RCC_GetPCLK2Freq  stm32f4xx_hal_rcc.o
    0x08001878   0x08001878   0x00000064   Code   RO          884    i.HAL_RCC_GetSysClockFreq  stm32f4xx_hal_rcc.o
    0x080018dc   0x080018dc   0x0000035c   Code   RO          887    i.HAL_RCC_OscConfig  stm32f4xx_hal_rcc.o
    0x08001c38   0x08001c38   0x00000028   Code   RO         1699    i.HAL_SYSTICK_Config  stm32f4xx_hal_cortex.o
    0x08001c60   0x08001c60   0x00000002   Code   RO         2765    i.HAL_TIMEx_BreakCallback  stm32f4xx_hal_tim_ex.o
    0x08001c62   0x08001c62   0x00000002   Code   RO         2766    i.HAL_TIMEx_CommutCallback  stm32f4xx_hal_tim_ex.o
    0x08001c64   0x08001c64   0x00000090   Code   RO         2783    i.HAL_TIMEx_MasterConfigSynchronization  stm32f4xx_hal_tim_ex.o
    0x08001cf4   0x08001cf4   0x00000006   Code   RO         2089    i.HAL_TIM_Base_GetState  stm32f4xx_hal_tim.o
    0x08001cfa   0x08001cfa   0x00000036   Code   RO         2090    i.HAL_TIM_Base_Init  stm32f4xx_hal_tim.o
    0x08001d30   0x08001d30   0x000000b4   Code   RO          318    i.HAL_TIM_Base_MspInit  tim.o
    0x08001de4   0x08001de4   0x00000022   Code   RO         2095    i.HAL_TIM_Base_Start_IT  stm32f4xx_hal_tim.o
    0x08001e06   0x08001e06   0x0000002a   Code   RO         2098    i.HAL_TIM_Base_Stop_IT  stm32f4xx_hal_tim.o
    0x08001e30   0x08001e30   0x000000d6   Code   RO         2099    i.HAL_TIM_ConfigClockSource  stm32f4xx_hal_tim.o
    0x08001f06   0x08001f06   0x00000002   Code   RO         2119    i.HAL_TIM_IC_CaptureCallback  stm32f4xx_hal_tim.o
    0x08001f08   0x08001f08   0x00000166   Code   RO         2133    i.HAL_TIM_IRQHandler  stm32f4xx_hal_tim.o
    0x0800206e   0x0800206e   0x00000002   PAD
    0x08002070   0x08002070   0x00000050   Code   RO          319    i.HAL_TIM_MspPostInit  tim.o
    0x080020c0   0x080020c0   0x00000002   Code   RO         2136    i.HAL_TIM_OC_DelayElapsedCallback  stm32f4xx_hal_tim.o
    0x080020c2   0x080020c2   0x000000d0   Code   RO         2157    i.HAL_TIM_PWM_ConfigChannel  stm32f4xx_hal_tim.o
    0x08002192   0x08002192   0x00000036   Code   RO         2160    i.HAL_TIM_PWM_Init  stm32f4xx_hal_tim.o
    0x080021c8   0x080021c8   0x00000002   Code   RO         2162    i.HAL_TIM_PWM_MspInit  stm32f4xx_hal_tim.o
    0x080021ca   0x080021ca   0x00000002   Code   RO         2163    i.HAL_TIM_PWM_PulseFinishedCallback  stm32f4xx_hal_tim.o
    0x080021cc   0x080021cc   0x00000044   Code   RO         2165    i.HAL_TIM_PWM_Start  stm32f4xx_hal_tim.o
    0x08002210   0x08002210   0x0000005c   Code   RO         2168    i.HAL_TIM_PWM_Stop  stm32f4xx_hal_tim.o
    0x0800226c   0x0800226c   0x00000098   Code   RO         3489    i.HAL_TIM_PeriodElapsedCallback  steppermotor.o
    0x08002304   0x08002304   0x00000002   Code   RO         2176    i.HAL_TIM_TriggerCallback  stm32f4xx_hal_tim.o
    0x08002306   0x08002306   0x00000002   Code   RO         3037    i.HAL_UART_ErrorCallback  stm32f4xx_hal_uart.o
    0x08002308   0x08002308   0x00000114   Code   RO         3040    i.HAL_UART_IRQHandler  stm32f4xx_hal_uart.o
    0x0800241c   0x0800241c   0x00000062   Code   RO         3041    i.HAL_UART_Init     stm32f4xx_hal_uart.o
    0x0800247e   0x0800247e   0x00000002   PAD
    0x08002480   0x08002480   0x0000019c   Code   RO          384    i.HAL_UART_MspInit  usart.o
    0x0800261c   0x0800261c   0x00000058   Code   RO          385    i.HAL_UART_RxCpltCallback  usart.o
    0x08002674   0x08002674   0x000000ba   Code   RO         3049    i.HAL_UART_Transmit  stm32f4xx_hal_uart.o
    0x0800272e   0x0800272e   0x00000002   Code   RO         3052    i.HAL_UART_TxCpltCallback  stm32f4xx_hal_uart.o
    0x08002730   0x08002730   0x00000002   Code   RO          476    i.HardFault_Handler  stm32f4xx_it.o
    0x08002732   0x08002732   0x00000002   PAD
    0x08002734   0x08002734   0x00000048   Code   RO          252    i.MX_CAN1_Init      can.o
    0x0800277c   0x0800277c   0x0000005c   Code   RO          293    i.MX_DMA_Init       dma.o
    0x080027d8   0x080027d8   0x0000008c   Code   RO          218    i.MX_GPIO_Init      gpio.o
    0x08002864   0x08002864   0x00000068   Code   RO          320    i.MX_TIM1_Init      tim.o
    0x080028cc   0x080028cc   0x00000064   Code   RO          321    i.MX_TIM2_Init      tim.o
    0x08002930   0x08002930   0x00000068   Code   RO          322    i.MX_TIM4_Init      tim.o
    0x08002998   0x08002998   0x0000009c   Code   RO          323    i.MX_TIM5_Init      tim.o
    0x08002a34   0x08002a34   0x00000040   Code   RO          386    i.MX_USART1_UART_Init  usart.o
    0x08002a74   0x08002a74   0x00000038   Code   RO          387    i.MX_USART6_UART_Init  usart.o
    0x08002aac   0x08002aac   0x00000002   Code   RO          477    i.MemManage_Handler  stm32f4xx_it.o
    0x08002aae   0x08002aae   0x00000002   Code   RO          478    i.NMI_Handler       stm32f4xx_it.o
    0x08002ab0   0x08002ab0   0x00000002   Code   RO          479    i.PendSV_Handler    stm32f4xx_it.o
    0x08002ab2   0x08002ab2   0x00000002   PAD
    0x08002ab4   0x08002ab4   0x00000078   Code   RO         3432    i.Position_PID      pid.o
    0x08002b2c   0x08002b2c   0x00000002   Code   RO          480    i.SVC_Handler       stm32f4xx_it.o
    0x08002b2e   0x08002b2e   0x00000048   Code   RO         3540    i.Send_CheckData    myaon.o
    0x08002b76   0x08002b76   0x00000002   PAD
    0x08002b78   0x08002b78   0x000000b4   Code   RO         3490    i.Stepper_setAngle  steppermotor.o
    0x08002c2c   0x08002c2c   0x00000024   Code   RO         3491    i.Stepper_setInfo   steppermotor.o
    0x08002c50   0x08002c50   0x00000004   Code   RO          481    i.SysTick_Handler   stm32f4xx_it.o
    0x08002c54   0x08002c54   0x00000084   Code   RO           14    i.SystemClock_Config  main.o
    0x08002cd8   0x08002cd8   0x0000001c   Code   RO         3343    i.SystemInit        system_stm32f4xx.o
    0x08002cf4   0x08002cf4   0x00000078   Code   RO          482    i.TIM1_UP_TIM10_IRQHandler  stm32f4xx_it.o
    0x08002d6c   0x08002d6c   0x00000088   Code   RO          483    i.TIM2_IRQHandler   stm32f4xx_it.o
    0x08002df4   0x08002df4   0x0000000c   Code   RO          484    i.TIM4_IRQHandler   stm32f4xx_it.o
    0x08002e00   0x08002e00   0x0000000c   Code   RO          485    i.TIM5_IRQHandler   stm32f4xx_it.o
    0x08002e0c   0x08002e0c   0x000000c8   Code   RO         2178    i.TIM_Base_SetConfig  stm32f4xx_hal_tim.o
    0x08002ed4   0x08002ed4   0x0000001a   Code   RO         2179    i.TIM_CCxChannelCmd  stm32f4xx_hal_tim.o
    0x08002eee   0x08002eee   0x00000014   Code   RO         2189    i.TIM_ETR_SetConfig  stm32f4xx_hal_tim.o
    0x08002f02   0x08002f02   0x00000010   Code   RO         2190    i.TIM_ITRx_SetConfig  stm32f4xx_hal_tim.o
    0x08002f12   0x08002f12   0x00000002   PAD
    0x08002f14   0x08002f14   0x00000060   Code   RO         2191    i.TIM_OC1_SetConfig  stm32f4xx_hal_tim.o
    0x08002f74   0x08002f74   0x0000006c   Code   RO         2192    i.TIM_OC2_SetConfig  stm32f4xx_hal_tim.o
    0x08002fe0   0x08002fe0   0x00000068   Code   RO         2193    i.TIM_OC3_SetConfig  stm32f4xx_hal_tim.o
    0x08003048   0x08003048   0x00000050   Code   RO         2194    i.TIM_OC4_SetConfig  stm32f4xx_hal_tim.o
    0x08003098   0x08003098   0x00000022   Code   RO         2196    i.TIM_TI1_ConfigInputStage  stm32f4xx_hal_tim.o
    0x080030ba   0x080030ba   0x00000024   Code   RO         2198    i.TIM_TI2_ConfigInputStage  stm32f4xx_hal_tim.o
    0x080030de   0x080030de   0x00000010   Code   RO         3054    i.UART_DMAAbortOnError  stm32f4xx_hal_uart.o
    0x080030ee   0x080030ee   0x0000001c   Code   RO         3064    i.UART_EndRxTransfer  stm32f4xx_hal_uart.o
    0x0800310a   0x0800310a   0x00000096   Code   RO         3066    i.UART_Receive_IT   stm32f4xx_hal_uart.o
    0x080031a0   0x080031a0   0x00000128   Code   RO         3067    i.UART_SetConfig    stm32f4xx_hal_uart.o
    0x080032c8   0x080032c8   0x00000062   Code   RO         3068    i.UART_Transmit_IT  stm32f4xx_hal_uart.o
    0x0800332a   0x0800332a   0x00000064   Code   RO         3069    i.UART_WaitOnFlagUntilTimeout  stm32f4xx_hal_uart.o
    0x0800338e   0x0800338e   0x00000002   PAD
    0x08003390   0x08003390   0x00000018   Code   RO          486    i.USART1_IRQHandler  stm32f4xx_it.o
    0x080033a8   0x080033a8   0x0000000c   Code   RO          487    i.USART6_IRQHandler  stm32f4xx_it.o
    0x080033b4   0x080033b4   0x00000002   Code   RO          488    i.UsageFault_Handler  stm32f4xx_it.o
    0x080033b6   0x080033b6   0x00000020   Code   RO         1701    i.__NVIC_SetPriority  stm32f4xx_hal_cortex.o
    0x080033d6   0x080033d6   0x00000002   PAD
    0x080033d8   0x080033d8   0x00000104   Code   RO         3737    i.__hardfp_fmod     m_wm.l(fmod.o)
    0x080034dc   0x080034dc   0x00000004   PAD
    0x080034e0   0x080034e0   0x00000020   Code   RO         3788    i.__mathlib_dbl_invalid  m_wm.l(dunder.o)
    0x08003500   0x08003500   0x0000000e   Code   RO         3866    i.__scatterload_copy  mc_w.l(handlers.o)
    0x0800350e   0x0800350e   0x00000002   Code   RO         3867    i.__scatterload_null  mc_w.l(handlers.o)
    0x08003510   0x08003510   0x0000000e   Code   RO         3868    i.__scatterload_zeroinit  mc_w.l(handlers.o)
    0x0800351e   0x0800351e   0x00000002   PAD
    0x08003520   0x08003520   0x0000000c   Code   RO         3832    i.__set_errno       mc_w.l(errno.o)
    0x0800352c   0x0800352c   0x00000038   Code   RO         3381    i.assignment_moto_M2006_current  peripherals_can.o
    0x08003564   0x08003564   0x00000038   Code   RO         3382    i.can_filter_init   peripherals_can.o
    0x0800359c   0x0800359c   0x00000060   Code   RO         3383    i.get_moto_metrical_infromation  peripherals_can.o
    0x080035fc   0x080035fc   0x0000013c   Code   RO           15    i.main              main.o
    0x08003738   0x08003738   0x00000054   Code   RO         3637    i.usart1_dr16_init  dr16_recive.o
    0x0800378c   0x0800378c   0x00000008   Data   RO         1400    .constdata          stm32f4xx_hal_dma.o
    0x08003794   0x08003794   0x00000010   Data   RO         3344    .constdata          system_stm32f4xx.o
    0x080037a4   0x080037a4   0x00000008   Data   RO         3345    .constdata          system_stm32f4xx.o
    0x080037ac   0x080037ac   0x00000020   Data   RO         3864    Region$$Table       anon$$obj.o


    Execution Region RW_IRAM2 (Exec base: 0x10000000, Load base: 0x08003818, Size: 0x00000000, Max: 0x00010000, ABSOLUTE)

    **** No section assigned to this execution region ****


    Execution Region RW_IRAM1 (Exec base: 0x20000000, Load base: 0x080037cc, Size: 0x00000e80, Max: 0x00030000, ABSOLUTE)

    Exec Addr    Load Addr    Size         Type   Attr      Idx    E Section Name        Object

    0x20000000   0x080037cc   0x00000004   Data   RW          393    .data               usart.o
    0x20000004   0x080037d0   0x0000000c   Data   RW         1847    .data               stm32f4xx_hal.o
    0x20000010   0x080037dc   0x00000004   Data   RW         3346    .data               system_stm32f4xx.o
    0x20000014   0x080037e0   0x00000004   Data   RW         3442    .data               pid.o
    0x20000018   0x080037e4   0x00000002   Data   RW         3443    .data               pid.o
    0x2000001a   0x080037e6   0x00000002   PAD
    0x2000001c   0x080037e8   0x00000004   Data   RW         3445    .data               pid.o
    0x20000020   0x080037ec   0x00000008   Data   RW         3543    .data               myaon.o
    0x20000028   0x080037f4   0x00000020   Data   RW         3640    .data               dr16_recive.o
    0x20000048   0x08003814   0x00000004   Data   RW         3833    .data               mc_w.l(errno.o)
    0x2000004c        -       0x0000006c   Zero   RW          253    .bss                can.o
    0x200000b8        -       0x00000028   Zero   RW          254    .bss                can.o
    0x200000e0        -       0x00000100   Zero   RW          324    .bss                tim.o
    0x200001e0        -       0x00000214   Zero   RW          392    .bss                usart.o
    0x200003f4        -       0x000000dc   Zero   RW         3384    .bss                peripherals_can.o
    0x200004d0        -       0x00000028   Zero   RW         3385    .bss                peripherals_can.o
    0x200004f8        -       0x00000020   Zero   RW         3433    .bss                pid.o
    0x20000518        -       0x00000048   Zero   RW         3436    .bss                pid.o
    0x20000560        -       0x00000048   Zero   RW         3437    .bss                pid.o
    0x200005a8        -       0x00000048   Zero   RW         3438    .bss                pid.o
    0x200005f0        -       0x00000020   Zero   RW         3440    .bss                pid.o
    0x20000610        -       0x00000020   Zero   RW         3441    .bss                pid.o
    0x20000630        -       0x00000014   Zero   RW         3492    .bss                steppermotor.o
    0x20000644        -       0x00000422   Zero   RW         3542    .bss                myaon.o
    0x20000a66        -       0x00000016   Zero   RW         3638    .bss                dr16_recive.o
    0x20000a7c   0x08003818   0x00000004   PAD
    0x20000a80        -       0x00000400   Zero   RW            1    STACK               startup_stm32f427xx.o


==============================================================================

Image component sizes


      Code (inc. data)   RO Data    RW Data    ZI Data      Debug   Object Name

       208         24          0          0        148       1715   can.o
        92          4          0          0          0        782   dma.o
       368         24          0         32         22       3865   dr16_recive.o
       140         10          0          0          0        975   gpio.o
       450         48          0          0          0     749108   main.o
       160         16          0          8       1058       4009   myaon.o
       208         22          0          0        260       3855   peripherals_can.o
       120         10          0         10        312       3081   pid.o
        36          8        428          0       1024        828   startup_stm32f427xx.o
       368         66          0          0         20       2476   steppermotor.o
       144         24          0         12          0       8865   stm32f4xx_hal.o
      1604          6          0          0          0      13896   stm32f4xx_hal_can.o
       198         14          0          0          0      33899   stm32f4xx_hal_cortex.o
       898         16          8          0          0       6231   stm32f4xx_hal_dma.o
       478         54          0          0          0       2388   stm32f4xx_hal_gpio.o
        48          6          0          0          0        838   stm32f4xx_hal_msp.o
      1332         76          0          0          0       5180   stm32f4xx_hal_rcc.o
      1860         98          0          0          0      18204   stm32f4xx_hal_tim.o
       148         28          0          0          0       2421   stm32f4xx_hal_tim_ex.o
      1252         16          0          0          0       8885   stm32f4xx_hal_uart.o
       532        142          0          0          0       9982   stm32f4xx_it.o
        28          6         24          4          0       1131   system_stm32f4xx.o
       724         62          0          0        256       4479   tim.o
       620         68          0          4        532       4930   usart.o

    ----------------------------------------------------------------------
     12044        848        492         72       3636     892023   Object Totals
         0          0         32          0          0          0   (incl. Generated)
        28          0          0          2          4          0   (incl. Padding)

    ----------------------------------------------------------------------

      Code (inc. data)   RO Data    RW Data    ZI Data      Debug   Library Member Name

        32          8          0          0          0        124   dunder.o
       260          6          0          0          0        144   fmod.o
         0          0          0          0          0          0   entry.o
         0          0          0          0          0          0   entry10a.o
         0          0          0          0          0          0   entry11a.o
         8          4          0          0          0          0   entry2.o
         4          0          0          0          0          0   entry5.o
         0          0          0          0          0          0   entry7b.o
         0          0          0          0          0          0   entry8b.o
         8          4          0          0          0          0   entry9a.o
        12          6          0          4          0         68   errno.o
        30          0          0          0          0          0   handlers.o
        36          8          0          0          0         68   init.o
         0          0          0          0          0          0   iusefp.o
        30          0          0          0          0         68   llshl.o
        36          0          0          0          0         68   llsshr.o
        32          0          0          0          0         68   llushr.o
        36          0          0          0          0         68   memcpya.o
        36          0          0          0          0        108   memseta.o
        98          0          0          0          0         92   uldiv.o
        56          0          0          0          0         88   d2f.o
       334          0          0          0          0        148   dadd.o
       222          0          0          0          0        100   ddiv.o
       186          0          0          0          0        176   depilogue.o
       134          0          0          0          0         96   drem.o
        38          0          0          0          0         68   f2d.o
       110          0          0          0          0        168   fepilogue.o

    ----------------------------------------------------------------------
      1748         40          0          4          0       1720   Library Totals
        10          4          0          0          0          0   (incl. Padding)

    ----------------------------------------------------------------------

      Code (inc. data)   RO Data    RW Data    ZI Data      Debug   Library Name

       292         14          0          0          0        268   m_wm.l
       366         22          0          4          0        608   mc_w.l
      1080          0          0          0          0        844   mf_w.l

    ----------------------------------------------------------------------
      1748         40          0          4          0       1720   Library Totals

    ----------------------------------------------------------------------

==============================================================================


      Code (inc. data)   RO Data    RW Data    ZI Data      Debug   

     13792        888        492         76       3636     880723   Grand Totals
     13792        888        492         76       3636     880723   ELF Image Totals
     13792        888        492         76          0          0   ROM Totals

==============================================================================

    Total RO  Size (Code + RO Data)                14284 (  13.95kB)
    Total RW  Size (RW Data + ZI Data)              3712 (   3.63kB)
    Total ROM Size (Code + RO Data + RW Data)      14360 (  14.02kB)

==============================================================================

