Component: ARM Compiler 5.06 update 6 (build 750) Tool: armlink [4d35ed]

==============================================================================

Section Cross References

    startup_stm32f103xe.o(RESET) refers to startup_stm32f103xe.o(STACK) for __initial_sp
    startup_stm32f103xe.o(RESET) refers to startup_stm32f103xe.o(.text) for Reset_Handler
    startup_stm32f103xe.o(RESET) refers to stm32f1xx_it.o(i.NMI_Handler) for NMI_Handler
    startup_stm32f103xe.o(RESET) refers to stm32f1xx_it.o(i.HardFault_Handler) for HardFault_Handler
    startup_stm32f103xe.o(RESET) refers to stm32f1xx_it.o(i.MemManage_Handler) for MemManage_Handler
    startup_stm32f103xe.o(RESET) refers to stm32f1xx_it.o(i.BusFault_Handler) for BusFault_Handler
    startup_stm32f103xe.o(RESET) refers to stm32f1xx_it.o(i.UsageFault_Handler) for UsageFault_Handler
    startup_stm32f103xe.o(RESET) refers to stm32f1xx_it.o(i.SVC_Handler) for SVC_Handler
    startup_stm32f103xe.o(RESET) refers to stm32f1xx_it.o(i.DebugMon_Handler) for DebugMon_Handler
    startup_stm32f103xe.o(RESET) refers to stm32f1xx_it.o(i.PendSV_Handler) for PendSV_Handler
    startup_stm32f103xe.o(RESET) refers to stm32f1xx_it.o(i.SysTick_Handler) for SysTick_Handler
    startup_stm32f103xe.o(RESET) refers to stm32f1xx_it.o(i.TIM3_IRQHandler) for TIM3_IRQHandler
    startup_stm32f103xe.o(RESET) refers to stm32f1xx_it.o(i.TIM4_IRQHandler) for TIM4_IRQHandler
    startup_stm32f103xe.o(.text) refers to system_stm32f1xx.o(i.SystemInit) for SystemInit
    startup_stm32f103xe.o(.text) refers to entry.o(.ARM.Collect$$$$00000000) for __main
    main.o(i.SystemClock_Config) refers to memseta.o(.text) for __aeabi_memclr4
    main.o(i.SystemClock_Config) refers to stm32f1xx_hal_rcc.o(i.HAL_RCC_OscConfig) for HAL_RCC_OscConfig
    main.o(i.SystemClock_Config) refers to stm32f1xx_hal_rcc.o(i.HAL_RCC_ClockConfig) for HAL_RCC_ClockConfig
    main.o(i.main) refers to stm32f1xx_hal.o(i.HAL_Init) for HAL_Init
    main.o(i.main) refers to main.o(i.SystemClock_Config) for SystemClock_Config
    main.o(i.main) refers to gpio.o(i.MX_GPIO_Init) for MX_GPIO_Init
    main.o(i.main) refers to tim.o(i.MX_TIM3_Init) for MX_TIM3_Init
    main.o(i.main) refers to tim.o(i.MX_TIM4_Init) for MX_TIM4_Init
    main.o(i.main) refers to stm32f1xx_hal_tim.o(i.HAL_TIM_Base_Init) for HAL_TIM_Base_Init
    main.o(i.main) refers to stm32f1xx_hal_tim.o(i.HAL_TIM_Base_Start_IT) for HAL_TIM_Base_Start_IT
    main.o(i.main) refers to stm32f1xx_hal_tim.o(i.HAL_TIM_PWM_Start) for HAL_TIM_PWM_Start
    main.o(i.main) refers to steppermotor.o(i.Stepper_setInfo) for Stepper_setInfo
    main.o(i.main) refers to steppermotor.o(i.Stepper_setAngle) for Stepper_setAngle
    main.o(i.main) refers to tim.o(.bss) for htim3
    gpio.o(i.MX_GPIO_Init) refers to stm32f1xx_hal_gpio.o(i.HAL_GPIO_WritePin) for HAL_GPIO_WritePin
    gpio.o(i.MX_GPIO_Init) refers to stm32f1xx_hal_gpio.o(i.HAL_GPIO_Init) for HAL_GPIO_Init
    tim.o(i.HAL_TIM_Base_MspDeInit) refers to stm32f1xx_hal_cortex.o(i.HAL_NVIC_DisableIRQ) for HAL_NVIC_DisableIRQ
    tim.o(i.HAL_TIM_Base_MspInit) refers to stm32f1xx_hal_cortex.o(i.HAL_NVIC_SetPriority) for HAL_NVIC_SetPriority
    tim.o(i.HAL_TIM_Base_MspInit) refers to stm32f1xx_hal_cortex.o(i.HAL_NVIC_EnableIRQ) for HAL_NVIC_EnableIRQ
    tim.o(i.HAL_TIM_MspPostInit) refers to stm32f1xx_hal_gpio.o(i.HAL_GPIO_Init) for HAL_GPIO_Init
    tim.o(i.MX_TIM3_Init) refers to memseta.o(.text) for __aeabi_memclr4
    tim.o(i.MX_TIM3_Init) refers to stm32f1xx_hal_tim.o(i.HAL_TIM_Base_Init) for HAL_TIM_Base_Init
    tim.o(i.MX_TIM3_Init) refers to main.o(i.Error_Handler) for Error_Handler
    tim.o(i.MX_TIM3_Init) refers to stm32f1xx_hal_tim.o(i.HAL_TIM_ConfigClockSource) for HAL_TIM_ConfigClockSource
    tim.o(i.MX_TIM3_Init) refers to stm32f1xx_hal_tim.o(i.HAL_TIM_PWM_Init) for HAL_TIM_PWM_Init
    tim.o(i.MX_TIM3_Init) refers to stm32f1xx_hal_tim_ex.o(i.HAL_TIMEx_MasterConfigSynchronization) for HAL_TIMEx_MasterConfigSynchronization
    tim.o(i.MX_TIM3_Init) refers to stm32f1xx_hal_tim.o(i.HAL_TIM_PWM_ConfigChannel) for HAL_TIM_PWM_ConfigChannel
    tim.o(i.MX_TIM3_Init) refers to tim.o(i.HAL_TIM_MspPostInit) for HAL_TIM_MspPostInit
    tim.o(i.MX_TIM3_Init) refers to tim.o(.bss) for .bss
    tim.o(i.MX_TIM4_Init) refers to stm32f1xx_hal_tim.o(i.HAL_TIM_Base_Init) for HAL_TIM_Base_Init
    tim.o(i.MX_TIM4_Init) refers to main.o(i.Error_Handler) for Error_Handler
    tim.o(i.MX_TIM4_Init) refers to stm32f1xx_hal_tim.o(i.HAL_TIM_ConfigClockSource) for HAL_TIM_ConfigClockSource
    tim.o(i.MX_TIM4_Init) refers to stm32f1xx_hal_tim_ex.o(i.HAL_TIMEx_MasterConfigSynchronization) for HAL_TIMEx_MasterConfigSynchronization
    tim.o(i.MX_TIM4_Init) refers to tim.o(.bss) for .bss
    stm32f1xx_it.o(i.SysTick_Handler) refers to stm32f1xx_hal.o(i.HAL_IncTick) for HAL_IncTick
    stm32f1xx_it.o(i.TIM3_IRQHandler) refers to stm32f1xx_hal_tim.o(i.HAL_TIM_IRQHandler) for HAL_TIM_IRQHandler
[...]
    stm32f1xx_hal.o(i.HAL_Init) refers to stm32f1xx_hal_msp.o(i.HAL_MspInit) for HAL_MspInit
    stm32f1xx_hal.o(i.HAL_InitTick) refers to stm32f1xx_hal_cortex.o(i.HAL_SYSTICK_Config) for HAL_SYSTICK_Config
    stm32f1xx_hal.o(i.HAL_InitTick) refers to stm32f1xx_hal_cortex.o(i.HAL_NVIC_SetPriority) for HAL_NVIC_SetPriority
    stm32f1xx_hal.o(i.HAL_InitTick) refers to stm32f1xx_hal.o(.data) for .data
    stm32f1xx_hal.o(i.HAL_InitTick) refers to system_stm32f1xx.o(.data) for SystemCoreClock
    stm32f1xx_hal.o(i.HAL_SetTickFreq) refers to stm32f1xx_hal.o(i.HAL_InitTick) for HAL_InitTick
    stm32f1xx_hal.o(i.HAL_SetTickFreq) refers to stm32f1xx_hal.o(.data) for .data
    stm32f1xx_hal_rcc.o(i.HAL_RCC_ClockConfig) refers to stm32f1xx_hal.o(i.HAL_GetTick) for HAL_GetTick
    stm32f1xx_hal_rcc.o(i.HAL_RCC_ClockConfig) refers to stm32f1xx_hal_rcc.o(i.HAL_RCC_GetSysClockFreq) for HAL_RCC_GetSysClockFreq
    stm32f1xx_hal_rcc.o(i.HAL_RCC_ClockConfig) refers to stm32f1xx_hal.o(i.HAL_InitTick) for HAL_InitTick
    stm32f1xx_hal_rcc.o(i.HAL_RCC_ClockConfig) refers to system_stm32f1xx.o(.constdata) for AHBPrescTable
    stm32f1xx_hal_rcc.o(i.HAL_RCC_ClockConfig) refers to system_stm32f1xx.o(.data) for SystemCoreClock
    stm32f1xx_hal_rcc.o(i.HAL_RCC_ClockConfig) refers to stm32f1xx_hal.o(.data) for uwTickPrio
    stm32f1xx_hal_rcc.o(i.HAL_RCC_DeInit) refers to stm32f1xx_hal.o(i.HAL_GetTick) for HAL_GetTick
    stm32f1xx_hal_rcc.o(i.HAL_RCC_DeInit) refers to stm32f1xx_hal.o(i.HAL_InitTick) for HAL_InitTick
    stm32f1xx_hal_rcc.o(i.HAL_RCC_DeInit) refers to system_stm32f1xx.o(.data) for SystemCoreClock
    stm32f1xx_hal_rcc.o(i.HAL_RCC_DeInit) refers to stm32f1xx_hal.o(.data) for uwTickPrio
    stm32f1xx_hal_rcc.o(i.HAL_RCC_GetHCLKFreq) refers to system_stm32f1xx.o(.data) for SystemCoreClock
    stm32f1xx_hal_rcc.o(i.HAL_RCC_GetPCLK1Freq) refers to system_stm32f1xx.o(.data) for SystemCoreClock
    stm32f1xx_hal_rcc.o(i.HAL_RCC_GetPCLK1Freq) refers to system_stm32f1xx.o(.constdata) for APBPrescTable
    stm32f1xx_hal_rcc.o(i.HAL_RCC_GetPCLK2Freq) refers to system_stm32f1xx.o(.data) for SystemCoreClock
    stm32f1xx_hal_rcc.o(i.HAL_RCC_GetPCLK2Freq) refers to system_stm32f1xx.o(.constdata) for APBPrescTable
    stm32f1xx_hal_rcc.o(i.HAL_RCC_MCOConfig) refers to stm32f1xx_hal_gpio.o(i.HAL_GPIO_Init) for HAL_GPIO_Init
    stm32f1xx_hal_rcc.o(i.HAL_RCC_NMI_IRQHandler) refers to stm32f1xx_hal_rcc.o(i.HAL_RCC_CSSCallback) for HAL_RCC_CSSCallback
    stm32f1xx_hal_rcc.o(i.HAL_RCC_OscConfig) refers to stm32f1xx_hal.o(i.HAL_GetTick) for HAL_GetTick
    stm32f1xx_hal_rcc.o(i.HAL_RCC_OscConfig) refers to system_stm32f1xx.o(.data) for SystemCoreClock
    stm32f1xx_hal_rcc_ex.o(i.HAL_RCCEx_GetPeriphCLKFreq) refers to stm32f1xx_hal_rcc.o(i.HAL_RCC_GetPCLK2Freq) for HAL_RCC_GetPCLK2Freq
    stm32f1xx_hal_rcc_ex.o(i.HAL_RCCEx_GetPeriphCLKFreq) refers to stm32f1xx_hal_rcc.o(i.HAL_RCC_GetSysClockFreq) for HAL_RCC_GetSysClockFreq
    stm32f1xx_hal_rcc_ex.o(i.HAL_RCCEx_PeriphCLKConfig) refers to stm32f1xx_hal.o(i.HAL_GetTick) for HAL_GetTick
    stm32f1xx_hal_gpio.o(i.HAL_GPIO_EXTI_IRQHandler) refers to stm32f1xx_hal_gpio.o(i.HAL_GPIO_EXTI_Callback) for HAL_GPIO_EXTI_Callback
    stm32f1xx_hal_dma.o(i.HAL_DMA_PollForTransfer) refers to stm32f1xx_hal.o(i.HAL_GetTick) for HAL_GetTick
    stm32f1xx_hal_dma.o(i.HAL_DMA_Start) refers to stm32f1xx_hal_dma.o(i.DMA_SetConfig) for DMA_SetConfig
    stm32f1xx_hal_dma.o(i.HAL_DMA_Start_IT) refers to stm32f1xx_hal_dma.o(i.DMA_SetConfig) for DMA_SetConfig
    stm32f1xx_hal_cortex.o(i.HAL_NVIC_SetPriority) refers to stm32f1xx_hal_cortex.o(i.__NVIC_SetPriority) for __NVIC_SetPriority
    stm32f1xx_hal_cortex.o(i.HAL_SYSTICK_Config) refers to stm32f1xx_hal_cortex.o(i.__NVIC_SetPriority) for __NVIC_SetPriority
    stm32f1xx_hal_cortex.o(i.HAL_SYSTICK_IRQHandler) refers to stm32f1xx_hal_cortex.o(i.HAL_SYSTICK_Callback) for HAL_SYSTICK_Callback
    stm32f1xx_hal_pwr.o(i.HAL_PWR_EnterSTOPMode) refers to stm32f1xx_hal_pwr.o(i.PWR_OverloadWfe) for PWR_OverloadWfe
    stm32f1xx_hal_pwr.o(i.HAL_PWR_PVD_IRQHandler) refers to stm32f1xx_hal_pwr.o(i.HAL_PWR_PVDCallback) for HAL_PWR_PVDCallback
    stm32f1xx_hal_flash.o(i.FLASH_Program_HalfWord) refers to stm32f1xx_hal_flash.o(.bss) for .bss
    stm32f1xx_hal_flash.o(i.FLASH_SetErrorCode) refers to stm32f1xx_hal_flash.o(.bss) for .bss
    stm32f1xx_hal_flash.o(i.FLASH_WaitForLastOperation) refers to stm32f1xx_hal.o(i.HAL_GetTick) for HAL_GetTick
    stm32f1xx_hal_flash.o(i.FLASH_WaitForLastOperation) refers to stm32f1xx_hal_flash.o(i.FLASH_SetErrorCode) for FLASH_SetErrorCode
    stm32f1xx_hal_flash.o(i.HAL_FLASH_GetError) refers to stm32f1xx_hal_flash.o(.bss) for .bss
    stm32f1xx_hal_flash.o(i.HAL_FLASH_IRQHandler) refers to stm32f1xx_hal_flash.o(i.FLASH_SetErrorCode) for FLASH_SetErrorCode
    stm32f1xx_hal_flash.o(i.HAL_FLASH_IRQHandler) refers to stm32f1xx_hal_flash.o(i.HAL_FLASH_OperationErrorCallback) for HAL_FLASH_OperationErrorCallback
    stm32f1xx_hal_flash.o(i.HAL_FLASH_IRQHandler) refers to stm32f1xx_hal_flash.o(i.FLASH_Program_HalfWord) for FLASH_Program_HalfWord
    stm32f1xx_hal_flash.o(i.HAL_FLASH_IRQHandler) refers to stm32f1xx_hal_flash.o(i.HAL_FLASH_EndOfOperationCallback) for HAL_FLASH_EndOfOperationCallback
    stm32f1xx_hal_flash.o(i.HAL_FLASH_IRQHandler) refers to stm32f1xx_hal_flash_ex.o(i.FLASH_PageErase) for FLASH_PageErase
    stm32f1xx_hal_flash.o(i.HAL_FLASH_IRQHandler) refers to stm32f1xx_hal_flash.o(.bss) for .bss
    stm32f1xx_hal_flash.o(i.HAL_FLASH_OB_Launch) refers to stm32f1xx_hal_cortex.o(i.HAL_NVIC_SystemReset) for HAL_NVIC_SystemReset
    stm32f1xx_hal_flash.o(i.HAL_FLASH_Program) refers to stm32f1xx_hal_flash.o(i.FLASH_WaitForLastOperation) for FLASH_WaitForLastOperation
    stm32f1xx_hal_flash.o(i.HAL_FLASH_Program) refers to llushr.o(.text) for __aeabi_llsr
    stm32f1xx_hal_flash.o(i.HAL_FLASH_Program) refers to stm32f1xx_hal_flash.o(i.FLASH_Program_HalfWord) for FLASH_Program_HalfWord
    stm32f1xx_hal_flash.o(i.HAL_FLASH_Program) refers to stm32f1xx_hal_flash.o(.bss) for .bss
    stm32f1xx_hal_flash.o(i.HAL_FLASH_Program_IT) refers to stm32f1xx_hal_flash.o(i.FLASH_Program_HalfWord) for FLASH_Program_HalfWord
    stm32f1xx_hal_flash.o(i.HAL_FLASH_Program_IT) refers to stm32f1xx_hal_flash.o(.bss) for .bss
    stm32f1xx_hal_flash_ex.o(i.FLASH_MassErase) refers to stm32f1xx_hal_flash.o(.bss) for pFlash
    stm32f1xx_hal_flash_ex.o(i.FLASH_OB_DisableWRP) refers to stm32f1xx_hal_flash.o(i.FLASH_WaitForLastOperation) for FLASH_WaitForLastOperation
    stm32f1xx_hal_flash_ex.o(i.FLASH_OB_DisableWRP) refers to stm32f1xx_hal_flash_ex.o(i.HAL_FLASHEx_OBErase) for HAL_FLASHEx_OBErase
    stm32f1xx_hal_flash_ex.o(i.FLASH_OB_DisableWRP) refers to stm32f1xx_hal_flash.o(.bss) for pFlash
    stm32f1xx_hal_flash_ex.o(i.FLASH_OB_EnableWRP) refers to stm32f1xx_hal_flash.o(i.FLASH_WaitForLastOperation) for FLASH_WaitForLastOperation
    stm32f1xx_hal_flash_ex.o(i.FLASH_OB_EnableWRP) refers to stm32f1xx_hal_flash_ex.o(i.HAL_FLASHEx_OBErase) for HAL_FLASHEx_OBErase
    stm32f1xx_hal_flash_ex.o(i.FLASH_OB_EnableWRP) refers to stm32f1xx_hal_flash.o(.bss) for pFlash
    stm32f1xx_hal_flash_ex.o(i.FLASH_OB_RDP_LevelConfig) refers to stm32f1xx_hal_flash.o(i.FLASH_WaitForLastOperation) for FLASH_WaitForLastOperation
    stm32f1xx_hal_flash_ex.o(i.FLASH_OB_RDP_LevelConfig) refers to stm32f1xx_hal_flash.o(.bss) for pFlash
    stm32f1xx_hal_flash_ex.o(i.FLASH_PageErase) refers to stm32f1xx_hal_flash.o(.bss) for pFlash
    stm32f1xx_hal_flash_ex.o(i.HAL_FLASHEx_Erase) refers to stm32f1xx_hal_flash.o(i.FLASH_WaitForLastOperation) for FLASH_WaitForLastOperation
    stm32f1xx_hal_flash_ex.o(i.HAL_FLASHEx_Erase) refers to stm32f1xx_hal_flash_ex.o(i.FLASH_MassErase) for FLASH_MassErase
    stm32f1xx_hal_flash_ex.o(i.HAL_FLASHEx_Erase) refers to stm32f1xx_hal_flash_ex.o(i.FLASH_PageErase) for FLASH_PageErase
    stm32f1xx_hal_flash_ex.o(i.HAL_FLASHEx_Erase) refers to stm32f1xx_hal_flash.o(.bss) for pFlash
    stm32f1xx_hal_flash_ex.o(i.HAL_FLASHEx_Erase_IT) refers to stm32f1xx_hal_flash_ex.o(i.FLASH_PageErase) for FLASH_PageErase
    stm32f1xx_hal_flash_ex.o(i.HAL_FLASHEx_Erase_IT) refers to stm32f1xx_hal_flash_ex.o(i.FLASH_MassErase) for FLASH_MassErase
    stm32f1xx_hal_flash_ex.o(i.HAL_FLASHEx_Erase_IT) refers to stm32f1xx_hal_flash.o(.bss) for pFlash
    stm32f1xx_hal_flash_ex.o(i.HAL_FLASHEx_OBErase) refers to stm32f1xx_hal_flash_ex.o(i.FLASH_OB_GetRDP) for FLASH_OB_GetRDP
    stm32f1xx_hal_flash_ex.o(i.HAL_FLASHEx_OBErase) refers to stm32f1xx_hal_flash.o(i.FLASH_WaitForLastOperation) for FLASH_WaitForLastOperation
    stm32f1xx_hal_flash_ex.o(i.HAL_FLASHEx_OBErase) refers to stm32f1xx_hal_flash_ex.o(i.FLASH_OB_RDP_LevelConfig) for FLASH_OB_RDP_LevelConfig
    stm32f1xx_hal_flash_ex.o(i.HAL_FLASHEx_OBErase) refers to stm32f1xx_hal_flash.o(.bss) for pFlash
    stm32f1xx_hal_flash_ex.o(i.HAL_FLASHEx_OBGetConfig) refers to stm32f1xx_hal_flash_ex.o(i.FLASH_OB_GetRDP) for FLASH_OB_GetRDP
    stm32f1xx_hal_flash_ex.o(i.HAL_FLASHEx_OBProgram) refers to stm32f1xx_hal_flash_ex.o(i.FLASH_OB_DisableWRP) for FLASH_OB_DisableWRP
    stm32f1xx_hal_flash_ex.o(i.HAL_FLASHEx_OBProgram) refers to stm32f1xx_hal_flash_ex.o(i.FLASH_OB_EnableWRP) for FLASH_OB_EnableWRP
    stm32f1xx_hal_flash_ex.o(i.HAL_FLASHEx_OBProgram) refers to stm32f1xx_hal_flash_ex.o(i.FLASH_OB_RDP_LevelConfig) for FLASH_OB_RDP_LevelConfig
    stm32f1xx_hal_flash_ex.o(i.HAL_FLASHEx_OBProgram) refers to stm32f1xx_hal_flash.o(i.FLASH_WaitForLastOperation) for FLASH_WaitForLastOperation
    stm32f1xx_hal_flash_ex.o(i.HAL_FLASHEx_OBProgram) refers to stm32f1xx_hal_flash.o(.bss) for pFlash
    system_stm32f1xx.o(i.SystemCoreClockUpdate) refers to system_stm32f1xx.o(.data) for .data
    system_stm32f1xx.o(i.SystemCoreClockUpdate) refers to system_stm32f1xx.o(.constdata) for .constdata
    fmod.o(i.__softfp_fmod) refers (Special) to iusefp.o(.text) for __I$use$fp
    fmod.o(i.__softfp_fmod) refers to fmod.o(i.fmod) for fmod
    fmod.o(i.fmod) refers (Special) to iusefp.o(.text) for __I$use$fp
    fmod.o(i.fmod) refers to drem.o(.text) for _drem
    fmod.o(i.fmod) refers to dadd.o(.text) for __aeabi_drsub
    fmod.o(i.fmod) refers to errno.o(i.__set_errno) for __set_errno
    fmod.o(i.fmod) refers to dunder.o(i.__mathlib_dbl_invalid) for __mathlib_dbl_invalid
    fmod_x.o(i.____softfp_fmod$lsc) refers (Special) to iusefp.o(.text) for __I$use$fp
    fmod_x.o(i.____softfp_fmod$lsc) refers to fmod_x.o(i.__fmod$lsc) for __fmod$lsc
    fmod_x.o(i.__fmod$lsc) refers (Special) to iusefp.o(.text) for __I$use$fp
    fmod_x.o(i.__fmod$lsc) refers to drem.o(.text) for _drem
    fmod_x.o(i.__fmod$lsc) refers to dadd.o(.text) for __aeabi_drsub
    fmod_x.o(i.__fmod$lsc) refers to errno.o(i.__set_errno) for __set_errno
    entry.o(.ARM.Collect$$$$00000000) refers (Special) to entry10a.o(.ARM.Collect$$$$0000000D) for __rt_final_cpp
    entry.o(.ARM.Collect$$$$00000000) refers (Special) to entry11a.o(.ARM.Collect$$$$0000000F) for __rt_final_exit
    entry.o(.ARM.Collect$$$$00000000) refers (Special) to entry7b.o(.ARM.Collect$$$$00000008) for _main_clock
    entry.o(.ARM.Collect$$$$00000000) refers (Special) to entry8b.o(.ARM.Collect$$$$0000000A) for _main_cpp_init
    entry.o(.ARM.Collect$$$$00000000) refers (Special) to entry9a.o(.ARM.Collect$$$$0000000B) for _main_init
    entry.o(.ARM.Collect$$$$00000000) refers (Special) to entry5.o(.ARM.Collect$$$$00000004) for _main_scatterload
    entry.o(.ARM.Collect$$$$00000000) refers (Special) to entry2.o(.ARM.Collect$$$$00000001) for _main_stk
    fadd.o(.text) refers (Special) to iusefp.o(.text) for __I$use$fp
    fadd.o(.text) refers to fepilogue.o(.text) for _float_epilogue
    dadd.o(.text) refers (Special) to iusefp.o(.text) for __I$use$fp
    dadd.o(.text) refers to llshl.o(.text) for __aeabi_llsl
    dadd.o(.text) refers to llsshr.o(.text) for __aeabi_lasr
    dadd.o(.text) refers to depilogue.o(.text) for _double_epilogue
    f2d.o(.text) refers (Special) to iusefp.o(.text) for __I$use$fp
    d2f.o(.text) refers (Special) to iusefp.o(.text) for __I$use$fp
    d2f.o(.text) refers to fepilogue.o(.text) for _float_round
    dunder.o(i.__mathlib_dbl_divzero) refers to ddiv.o(.text) for __aeabi_ddiv
    dunder.o(i.__mathlib_dbl_infnan) refers to dscalb.o(.text) for __ARM_scalbn
    dunder.o(i.__mathlib_dbl_infnan2) refers to dadd.o(.text) for __aeabi_dadd
    dunder.o(i.__mathlib_dbl_invalid) refers to ddiv.o(.text) for __aeabi_ddiv
    dunder.o(i.__mathlib_dbl_overflow) refers to dscalb.o(.text) for __ARM_scalbn
    dunder.o(i.__mathlib_dbl_posinfnan) refers to dmul.o(.text) for __aeabi_dmul
    dunder.o(i.__mathlib_dbl_underflow) refers to dscalb.o(.text) for __ARM_scalbn
    entry2.o(.ARM.Collect$$$$00000001) refers to entry2.o(.ARM.Collect$$$$00002712) for __lit__00000000
    entry2.o(.ARM.Collect$$$$00002712) refers to startup_stm32f103xe.o(STACK) for __initial_sp
    entry2.o(__vectab_stack_and_reset_area) refers to startup_stm32f103xe.o(STACK) for __initial_sp
    entry2.o(__vectab_stack_and_reset_area) refers to entry.o(.ARM.Collect$$$$00000000) for __main
    entry5.o(.ARM.Collect$$$$00000004) refers to init.o(.text) for __scatterload
    entry9a.o(.ARM.Collect$$$$0000000B) refers to main.o(i.main) for main
    entry9b.o(.ARM.Collect$$$$0000000C) refers to main.o(i.main) for main
    errno.o(i.__aeabi_errno_addr) refers to errno.o(.data) for .data
    errno.o(i.__read_errno) refers to errno.o(.data) for .data
    errno.o(i.__set_errno) refers to errno.o(.data) for .data
    depilogue.o(.text) refers to llshl.o(.text) for __aeabi_llsl
    depilogue.o(.text) refers to llushr.o(.text) for __aeabi_llsr
    drem.o(.text) refers to depilogue.o(.text) for _double_epilogue
    init.o(.text) refers to entry5.o(.ARM.Collect$$$$00000004) for __main_after_scatterload
    dmul.o(.text) refers to depilogue.o(.text) for _double_epilogue
    ddiv.o(.text) refers to depilogue.o(.text) for _double_round


==============================================================================

Removing Unused input sections from the image.

    Removing startup_stm32f103xe.o(HEAP), (512 bytes).
    Removing main.o(.rev16_text), (4 bytes).
    Removing main.o(.revsh_text), (4 bytes).
    Removing main.o(.rrx_text), (6 bytes).
    Removing main.o(.data), (2 bytes).
    Removing gpio.o(.rev16_text), (4 bytes).
    Removing gpio.o(.revsh_text), (4 bytes).
    Removing gpio.o(.rrx_text), (6 bytes).
    Removing tim.o(.rev16_text), (4 bytes).
    Removing tim.o(.revsh_text), (4 bytes).
    Removing tim.o(.rrx_text), (6 bytes).
    Removing tim.o(i.HAL_TIM_Base_MspDeInit), (56 bytes).
    Removing stm32f1xx_it.o(.rev16_text), (4 bytes).
    Removing stm32f1xx_it.o(.revsh_text), (4 bytes).
    Removing stm32f1xx_it.o(.rrx_text), (6 bytes).
    Removing stm32f1xx_it.o(.data), (4 bytes).
    Removing stm32f1xx_hal_msp.o(.rev16_text), (4 bytes).
    Removing stm32f1xx_hal_msp.o(.revsh_text), (4 bytes).
    Removing stm32f1xx_hal_msp.o(.rrx_text), (6 bytes).
    Removing motor_control.o(.rev16_text), (4 bytes).
    Removing motor_control.o(.revsh_text), (4 bytes).
    Removing motor_control.o(.rrx_text), (6 bytes).
    Removing motor_control.o(i.MotoRccw), (18 bytes).
    Removing motor_control.o(i.MotoRcw), (18 bytes).
    Removing motor_control.o(i.MotorStop), (2 bytes).
    Removing motor_control.o(i.Motor_Ctrl_Direction_Angle), (54 bytes).
    Removing motor_control.o(.data), (8 bytes).
    Removing motor_control.o(.data), (8 bytes).
    Removing steppermotor.o(.rev16_text), (4 bytes).
    Removing steppermotor.o(.revsh_text), (4 bytes).
    Removing steppermotor.o(.rrx_text), (6 bytes).
    Removing stm32f1xx_hal_gpio_ex.o(.rev16_text), (4 bytes).
    Removing stm32f1xx_hal_gpio_ex.o(.revsh_text), (4 bytes).
    Removing stm32f1xx_hal_gpio_ex.o(.rrx_text), (6 bytes).
    Removing stm32f1xx_hal_gpio_ex.o(i.HAL_GPIOEx_ConfigEventout), (20 bytes).
    Removing stm32f1xx_hal_gpio_ex.o(i.HAL_GPIOEx_DisableEventout), (16 bytes).
    Removing stm32f1xx_hal_gpio_ex.o(i.HAL_GPIOEx_EnableEventout), (16 bytes).
    Removing stm32f1xx_hal_tim.o(.rev16_text), (4 bytes).
    Removing stm32f1xx_hal_tim.o(.revsh_text), (4 bytes).
    Removing stm32f1xx_hal_tim.o(.rrx_text), (6 bytes).
    Removing stm32f1xx_hal_tim.o(i.HAL_TIM_Base_DeInit), (92 bytes).
    Removing stm32f1xx_hal_tim.o(i.HAL_TIM_Base_MspDeInit), (2 bytes).
    Removing stm32f1xx_hal_tim.o(i.HAL_TIM_Base_MspInit), (2 bytes).
    Removing stm32f1xx_hal_tim.o(i.HAL_TIM_Base_Start), (100 bytes).
    Removing stm32f1xx_hal_tim.o(i.HAL_TIM_Base_Start_DMA), (172 bytes).
    Removing stm32f1xx_hal_tim.o(i.HAL_TIM_Base_Stop), (38 bytes).
    Removing stm32f1xx_hal_tim.o(i.HAL_TIM_Base_Stop_DMA), (58 bytes).
    Removing stm32f1xx_hal_tim.o(i.HAL_TIM_ConfigOCrefClear), (210 bytes).
    Removing stm32f1xx_hal_tim.o(i.HAL_TIM_ConfigTI1Input), (16 bytes).
    Removing stm32f1xx_hal_tim.o(i.HAL_TIM_DMABurstState), (6 bytes).
    Removing stm32f1xx_hal_tim.o(i.HAL_TIM_DMABurst_MultiReadStart), (324 bytes).
    Removing stm32f1xx_hal_tim.o(i.HAL_TIM_DMABurst_MultiWriteStart), (324 bytes).
    Removing stm32f1xx_hal_tim.o(i.HAL_TIM_DMABurst_ReadStart), (18 bytes).
    Removing stm32f1xx_hal_tim.o(i.HAL_TIM_DMABurst_ReadStop), (102 bytes).
    Removing stm32f1xx_hal_tim.o(i.HAL_TIM_DMABurst_WriteStart), (18 bytes).
    Removing stm32f1xx_hal_tim.o(i.HAL_TIM_DMABurst_WriteStop), (102 bytes).
    Removing stm32f1xx_hal_tim.o(i.HAL_TIM_Encoder_DeInit), (76 bytes).
    Removing stm32f1xx_hal_tim.o(i.HAL_TIM_Encoder_GetState), (6 bytes).
    Removing stm32f1xx_hal_tim.o(i.HAL_TIM_Encoder_Init), (164 bytes).
    Removing stm32f1xx_hal_tim.o(i.HAL_TIM_Encoder_MspDeInit), (2 bytes).
    Removing stm32f1xx_hal_tim.o(i.HAL_TIM_Encoder_MspInit), (2 bytes).
    Removing stm32f1xx_hal_tim.o(i.HAL_TIM_Encoder_Start), (142 bytes).
    Removing stm32f1xx_hal_tim.o(i.HAL_TIM_Encoder_Start_DMA), (460 bytes).
    Removing stm32f1xx_hal_tim.o(i.HAL_TIM_Encoder_Start_IT), (182 bytes).
    Removing stm32f1xx_hal_tim.o(i.HAL_TIM_Encoder_Stop), (102 bytes).
    Removing stm32f1xx_hal_tim.o(i.HAL_TIM_Encoder_Stop_DMA), (172 bytes).
    Removing stm32f1xx_hal_tim.o(i.HAL_TIM_Encoder_Stop_IT), (144 bytes).
    Removing stm32f1xx_hal_tim.o(i.HAL_TIM_ErrorCallback), (2 bytes).
    Removing stm32f1xx_hal_tim.o(i.HAL_TIM_GenerateEvent), (38 bytes).
    Removing stm32f1xx_hal_tim.o(i.HAL_TIM_GetActiveChannel), (4 bytes).
    Removing stm32f1xx_hal_tim.o(i.HAL_TIM_GetChannelState), (34 bytes).
    Removing stm32f1xx_hal_tim.o(i.HAL_TIM_IC_CaptureHalfCpltCallback), (2 bytes).
    Removing stm32f1xx_hal_tim.o(i.HAL_TIM_IC_ConfigChannel), (270 bytes).
    Removing stm32f1xx_hal_tim.o(i.HAL_TIM_IC_DeInit), (92 bytes).
    Removing stm32f1xx_hal_tim.o(i.HAL_TIM_IC_GetState), (6 bytes).
    Removing stm32f1xx_hal_tim.o(i.HAL_TIM_IC_Init), (90 bytes).
    Removing stm32f1xx_hal_tim.o(i.HAL_TIM_IC_MspDeInit), (2 bytes).
    Removing stm32f1xx_hal_tim.o(i.HAL_TIM_IC_MspInit), (2 bytes).
    Removing stm32f1xx_hal_tim.o(i.HAL_TIM_IC_Start), (204 bytes).
    Removing stm32f1xx_hal_tim.o(i.HAL_TIM_IC_Start_DMA), (424 bytes).
    Removing stm32f1xx_hal_tim.o(i.HAL_TIM_IC_Start_IT), (244 bytes).
    Removing stm32f1xx_hal_tim.o(i.HAL_TIM_IC_Stop), (82 bytes).
    Removing stm32f1xx_hal_tim.o(i.HAL_TIM_IC_Stop_DMA), (156 bytes).
    Removing stm32f1xx_hal_tim.o(i.HAL_TIM_IC_Stop_IT), (134 bytes).
    Removing stm32f1xx_hal_tim.o(i.HAL_TIM_OC_ConfigChannel), (76 bytes).
    Removing stm32f1xx_hal_tim.o(i.HAL_TIM_OC_DeInit), (92 bytes).
    Removing stm32f1xx_hal_tim.o(i.HAL_TIM_OC_GetState), (6 bytes).
    Removing stm32f1xx_hal_tim.o(i.HAL_TIM_OC_Init), (90 bytes).
    Removing stm32f1xx_hal_tim.o(i.HAL_TIM_OC_MspDeInit), (2 bytes).
    Removing stm32f1xx_hal_tim.o(i.HAL_TIM_OC_MspInit), (2 bytes).
    Removing stm32f1xx_hal_tim.o(i.HAL_TIM_OC_Start), (180 bytes).
    Removing stm32f1xx_hal_tim.o(i.HAL_TIM_OC_Start_DMA), (412 bytes).
    Removing stm32f1xx_hal_tim.o(i.HAL_TIM_OC_Start_IT), (220 bytes).
    Removing stm32f1xx_hal_tim.o(i.HAL_TIM_OC_Stop), (124 bytes).
    Removing stm32f1xx_hal_tim.o(i.HAL_TIM_OC_Stop_DMA), (192 bytes).
    Removing stm32f1xx_hal_tim.o(i.HAL_TIM_OC_Stop_IT), (176 bytes).
    Removing stm32f1xx_hal_tim.o(i.HAL_TIM_OnePulse_ConfigChannel), (218 bytes).
    Removing stm32f1xx_hal_tim.o(i.HAL_TIM_OnePulse_DeInit), (76 bytes).
    Removing stm32f1xx_hal_tim.o(i.HAL_TIM_OnePulse_GetState), (6 bytes).
    Removing stm32f1xx_hal_tim.o(i.HAL_TIM_OnePulse_Init), (86 bytes).
    Removing stm32f1xx_hal_tim.o(i.HAL_TIM_OnePulse_MspDeInit), (2 bytes).
    Removing stm32f1xx_hal_tim.o(i.HAL_TIM_OnePulse_MspInit), (2 bytes).
    Removing stm32f1xx_hal_tim.o(i.HAL_TIM_OnePulse_Start), (112 bytes).
    Removing stm32f1xx_hal_tim.o(i.HAL_TIM_OnePulse_Start_IT), (132 bytes).
    Removing stm32f1xx_hal_tim.o(i.HAL_TIM_OnePulse_Stop), (112 bytes).
    Removing stm32f1xx_hal_tim.o(i.HAL_TIM_OnePulse_Stop_IT), (132 bytes).
    Removing stm32f1xx_hal_tim.o(i.HAL_TIM_PWM_DeInit), (92 bytes).
    Removing stm32f1xx_hal_tim.o(i.HAL_TIM_PWM_GetState), (6 bytes).
    Removing stm32f1xx_hal_tim.o(i.HAL_TIM_PWM_MspDeInit), (2 bytes).
    Removing stm32f1xx_hal_tim.o(i.HAL_TIM_PWM_PulseFinishedHalfCpltCallback), (2 bytes).
    Removing stm32f1xx_hal_tim.o(i.HAL_TIM_PWM_Start_DMA), (412 bytes).
    Removing stm32f1xx_hal_tim.o(i.HAL_TIM_PWM_Start_IT), (220 bytes).
    Removing stm32f1xx_hal_tim.o(i.HAL_TIM_PWM_Stop_DMA), (192 bytes).
    Removing stm32f1xx_hal_tim.o(i.HAL_TIM_PWM_Stop_IT), (176 bytes).
    Removing stm32f1xx_hal_tim.o(i.HAL_TIM_PeriodElapsedCallback), (2 bytes).
    Removing stm32f1xx_hal_tim.o(i.HAL_TIM_PeriodElapsedHalfCpltCallback), (2 bytes).
    Removing stm32f1xx_hal_tim.o(i.HAL_TIM_ReadCapturedValue), (42 bytes).
    Removing stm32f1xx_hal_tim.o(i.HAL_TIM_SlaveConfigSynchro), (86 bytes).
    Removing stm32f1xx_hal_tim.o(i.HAL_TIM_SlaveConfigSynchro_IT), (86 bytes).
    Removing stm32f1xx_hal_tim.o(i.HAL_TIM_TriggerHalfCpltCallback), (2 bytes).
    Removing stm32f1xx_hal_tim.o(i.TIM_DMACaptureCplt), (110 bytes).
    Removing stm32f1xx_hal_tim.o(i.TIM_DMACaptureHalfCplt), (56 bytes).
    Removing stm32f1xx_hal_tim.o(i.TIM_DMADelayPulseCplt), (94 bytes).
    Removing stm32f1xx_hal_tim.o(i.TIM_DMADelayPulseHalfCplt), (56 bytes).
    Removing stm32f1xx_hal_tim.o(i.TIM_DMAError), (84 bytes).
    Removing stm32f1xx_hal_tim.o(i.TIM_DMAPeriodElapsedCplt), (22 bytes).
    Removing stm32f1xx_hal_tim.o(i.TIM_DMAPeriodElapsedHalfCplt), (10 bytes).
    Removing stm32f1xx_hal_tim.o(i.TIM_DMATriggerCplt), (22 bytes).
    Removing stm32f1xx_hal_tim.o(i.TIM_DMATriggerHalfCplt), (10 bytes).
    Removing stm32f1xx_hal_tim.o(i.TIM_SlaveTimer_SetConfig), (134 bytes).
    Removing stm32f1xx_hal_tim.o(i.TIM_TI1_SetConfig), (108 bytes).
    Removing stm32f1xx_hal_tim.o(i.TIM_TI2_SetConfig), (54 bytes).
    Removing stm32f1xx_hal_tim_ex.o(.rev16_text), (4 bytes).
    Removing stm32f1xx_hal_tim_ex.o(.revsh_text), (4 bytes).
    Removing stm32f1xx_hal_tim_ex.o(.rrx_text), (6 bytes).
    Removing stm32f1xx_hal_tim_ex.o(i.HAL_TIMEx_CommutHalfCpltCallback), (2 bytes).
    Removing stm32f1xx_hal_tim_ex.o(i.HAL_TIMEx_ConfigBreakDeadTime), (84 bytes).
    Removing stm32f1xx_hal_tim_ex.o(i.HAL_TIMEx_ConfigCommutEvent), (112 bytes).
    Removing stm32f1xx_hal_tim_ex.o(i.HAL_TIMEx_ConfigCommutEvent_DMA), (144 bytes).
    Removing stm32f1xx_hal_tim_ex.o(i.HAL_TIMEx_ConfigCommutEvent_IT), (112 bytes).
    Removing stm32f1xx_hal_tim_ex.o(i.HAL_TIMEx_GetChannelNState), (34 bytes).
    Removing stm32f1xx_hal_tim_ex.o(i.HAL_TIMEx_HallSensor_DeInit), (76 bytes).
    Removing stm32f1xx_hal_tim_ex.o(i.HAL_TIMEx_HallSensor_GetState), (6 bytes).
    Removing stm32f1xx_hal_tim_ex.o(i.HAL_TIMEx_HallSensor_Init), (208 bytes).
    Removing stm32f1xx_hal_tim_ex.o(i.HAL_TIMEx_HallSensor_MspDeInit), (2 bytes).
    Removing stm32f1xx_hal_tim_ex.o(i.HAL_TIMEx_HallSensor_MspInit), (2 bytes).
    Removing stm32f1xx_hal_tim_ex.o(i.HAL_TIMEx_HallSensor_Start), (148 bytes).
    Removing stm32f1xx_hal_tim_ex.o(i.HAL_TIMEx_HallSensor_Start_DMA), (204 bytes).
    Removing stm32f1xx_hal_tim_ex.o(i.HAL_TIMEx_HallSensor_Start_IT), (160 bytes).
    Removing stm32f1xx_hal_tim_ex.o(i.HAL_TIMEx_HallSensor_Stop), (58 bytes).
    Removing stm32f1xx_hal_tim_ex.o(i.HAL_TIMEx_HallSensor_Stop_DMA), (70 bytes).
    Removing stm32f1xx_hal_tim_ex.o(i.HAL_TIMEx_HallSensor_Stop_IT), (68 bytes).
    Removing stm32f1xx_hal_tim_ex.o(i.HAL_TIMEx_OCN_Start), (172 bytes).
    Removing stm32f1xx_hal_tim_ex.o(i.HAL_TIMEx_OCN_Start_DMA), (356 bytes).
    Removing stm32f1xx_hal_tim_ex.o(i.HAL_TIMEx_OCN_Start_IT), (208 bytes).
    Removing stm32f1xx_hal_tim_ex.o(i.HAL_TIMEx_OCN_Stop), (104 bytes).
    Removing stm32f1xx_hal_tim_ex.o(i.HAL_TIMEx_OCN_Stop_DMA), (158 bytes).
    Removing stm32f1xx_hal_tim_ex.o(i.HAL_TIMEx_OCN_Stop_IT), (160 bytes).
    Removing stm32f1xx_hal_tim_ex.o(i.HAL_TIMEx_OnePulseN_Start), (100 bytes).
    Removing stm32f1xx_hal_tim_ex.o(i.HAL_TIMEx_OnePulseN_Start_IT), (120 bytes).
    Removing stm32f1xx_hal_tim_ex.o(i.HAL_TIMEx_OnePulseN_Stop), (98 bytes).
    Removing stm32f1xx_hal_tim_ex.o(i.HAL_TIMEx_OnePulseN_Stop_IT), (120 bytes).
    Removing stm32f1xx_hal_tim_ex.o(i.HAL_TIMEx_PWMN_Start), (172 bytes).
    Removing stm32f1xx_hal_tim_ex.o(i.HAL_TIMEx_PWMN_Start_DMA), (356 bytes).
    Removing stm32f1xx_hal_tim_ex.o(i.HAL_TIMEx_PWMN_Start_IT), (208 bytes).
    Removing stm32f1xx_hal_tim_ex.o(i.HAL_TIMEx_PWMN_Stop), (104 bytes).
    Removing stm32f1xx_hal_tim_ex.o(i.HAL_TIMEx_PWMN_Stop_DMA), (158 bytes).
    Removing stm32f1xx_hal_tim_ex.o(i.HAL_TIMEx_PWMN_Stop_IT), (160 bytes).
    Removing stm32f1xx_hal_tim_ex.o(i.HAL_TIMEx_RemapConfig), (4 bytes).
    Removing stm32f1xx_hal_tim_ex.o(i.TIMEx_DMACommutationCplt), (16 bytes).
    Removing stm32f1xx_hal_tim_ex.o(i.TIMEx_DMACommutationHalfCplt), (16 bytes).
    Removing stm32f1xx_hal_tim_ex.o(i.TIM_CCxNChannelCmd), (26 bytes).
    Removing stm32f1xx_hal_tim_ex.o(i.TIM_DMADelayPulseNCplt), (94 bytes).
    Removing stm32f1xx_hal_tim_ex.o(i.TIM_DMAErrorCCxN), (62 bytes).
    Removing stm32f1xx_hal.o(.rev16_text), (4 bytes).
    Removing stm32f1xx_hal.o(.revsh_text), (4 bytes).
    Removing stm32f1xx_hal.o(.rrx_text), (6 bytes).
    Removing stm32f1xx_hal.o(i.HAL_DBGMCU_DisableDBGSleepMode), (16 bytes).
    Removing stm32f1xx_hal.o(i.HAL_DBGMCU_DisableDBGStandbyMode), (16 bytes).
    Removing stm32f1xx_hal.o(i.HAL_DBGMCU_DisableDBGStopMode), (16 bytes).
    Removing stm32f1xx_hal.o(i.HAL_DBGMCU_EnableDBGSleepMode), (16 bytes).
    Removing stm32f1xx_hal.o(i.HAL_DBGMCU_EnableDBGStandbyMode), (16 bytes).
    Removing stm32f1xx_hal.o(i.HAL_DBGMCU_EnableDBGStopMode), (16 bytes).
    Removing stm32f1xx_hal.o(i.HAL_DeInit), (32 bytes).
    Removing stm32f1xx_hal.o(i.HAL_Delay), (36 bytes).
    Removing stm32f1xx_hal.o(i.HAL_GetDEVID), (16 bytes).
    Removing stm32f1xx_hal.o(i.HAL_GetHalVersion), (8 bytes).
    Removing stm32f1xx_hal.o(i.HAL_GetREVID), (12 bytes).
    Removing stm32f1xx_hal.o(i.HAL_GetTickFreq), (12 bytes).
    Removing stm32f1xx_hal.o(i.HAL_GetTickPrio), (12 bytes).
    Removing stm32f1xx_hal.o(i.HAL_GetUIDw0), (12 bytes).
    Removing stm32f1xx_hal.o(i.HAL_GetUIDw1), (12 bytes).
    Removing stm32f1xx_hal.o(i.HAL_GetUIDw2), (12 bytes).
    Removing stm32f1xx_hal.o(i.HAL_MspDeInit), (2 bytes).
    Removing stm32f1xx_hal.o(i.HAL_MspInit), (2 bytes).
    Removing stm32f1xx_hal.o(i.HAL_ResumeTick), (14 bytes).
    Removing stm32f1xx_hal.o(i.HAL_SetTickFreq), (36 bytes).
    Removing stm32f1xx_hal.o(i.HAL_SuspendTick), (14 bytes).
    Removing stm32f1xx_hal_rcc.o(.rev16_text), (4 bytes).
    Removing stm32f1xx_hal_rcc.o(.revsh_text), (4 bytes).
    Removing stm32f1xx_hal_rcc.o(.rrx_text), (6 bytes).
    Removing stm32f1xx_hal_rcc.o(i.HAL_RCC_CSSCallback), (2 bytes).
    Removing stm32f1xx_hal_rcc.o(i.HAL_RCC_DeInit), (220 bytes).
    Removing stm32f1xx_hal_rcc.o(i.HAL_RCC_DisableCSS), (12 bytes).
    Removing stm32f1xx_hal_rcc.o(i.HAL_RCC_EnableCSS), (12 bytes).
    Removing stm32f1xx_hal_rcc.o(i.HAL_RCC_GetClockConfig), (64 bytes).
    Removing stm32f1xx_hal_rcc.o(i.HAL_RCC_GetHCLKFreq), (12 bytes).
    Removing stm32f1xx_hal_rcc.o(i.HAL_RCC_GetOscConfig), (144 bytes).
    Removing stm32f1xx_hal_rcc.o(i.HAL_RCC_GetPCLK1Freq), (32 bytes).
    Removing stm32f1xx_hal_rcc.o(i.HAL_RCC_GetPCLK2Freq), (32 bytes).
    Removing stm32f1xx_hal_rcc.o(i.HAL_RCC_MCOConfig), (72 bytes).
    Removing stm32f1xx_hal_rcc.o(i.HAL_RCC_NMI_IRQHandler), (24 bytes).
    Removing stm32f1xx_hal_rcc_ex.o(.rev16_text), (4 bytes).
    Removing stm32f1xx_hal_rcc_ex.o(.revsh_text), (4 bytes).
    Removing stm32f1xx_hal_rcc_ex.o(.rrx_text), (6 bytes).
    Removing stm32f1xx_hal_rcc_ex.o(i.HAL_RCCEx_GetPeriphCLKConfig), (52 bytes).
    Removing stm32f1xx_hal_rcc_ex.o(i.HAL_RCCEx_GetPeriphCLKFreq), (212 bytes).
    Removing stm32f1xx_hal_rcc_ex.o(i.HAL_RCCEx_PeriphCLKConfig), (236 bytes).
    Removing stm32f1xx_hal_gpio.o(.rev16_text), (4 bytes).
    Removing stm32f1xx_hal_gpio.o(.revsh_text), (4 bytes).
    Removing stm32f1xx_hal_gpio.o(.rrx_text), (6 bytes).
    Removing stm32f1xx_hal_gpio.o(i.HAL_GPIO_DeInit), (288 bytes).
    Removing stm32f1xx_hal_gpio.o(i.HAL_GPIO_EXTI_Callback), (2 bytes).
    Removing stm32f1xx_hal_gpio.o(i.HAL_GPIO_EXTI_IRQHandler), (24 bytes).
    Removing stm32f1xx_hal_gpio.o(i.HAL_GPIO_LockPin), (34 bytes).
    Removing stm32f1xx_hal_gpio.o(i.HAL_GPIO_ReadPin), (10 bytes).
    Removing stm32f1xx_hal_gpio.o(i.HAL_GPIO_TogglePin), (16 bytes).
    Removing stm32f1xx_hal_dma.o(.rev16_text), (4 bytes).
    Removing stm32f1xx_hal_dma.o(.revsh_text), (4 bytes).
    Removing stm32f1xx_hal_dma.o(.rrx_text), (6 bytes).
    Removing stm32f1xx_hal_dma.o(i.DMA_SetConfig), (42 bytes).
    Removing stm32f1xx_hal_dma.o(i.HAL_DMA_Abort), (70 bytes).
    Removing stm32f1xx_hal_dma.o(i.HAL_DMA_Abort_IT), (304 bytes).
    Removing stm32f1xx_hal_dma.o(i.HAL_DMA_DeInit), (128 bytes).
    Removing stm32f1xx_hal_dma.o(i.HAL_DMA_GetError), (4 bytes).
    Removing stm32f1xx_hal_dma.o(i.HAL_DMA_GetState), (6 bytes).
    Removing stm32f1xx_hal_dma.o(i.HAL_DMA_IRQHandler), (584 bytes).
    Removing stm32f1xx_hal_dma.o(i.HAL_DMA_Init), (124 bytes).
    Removing stm32f1xx_hal_dma.o(i.HAL_DMA_PollForTransfer), (988 bytes).
    Removing stm32f1xx_hal_dma.o(i.HAL_DMA_RegisterCallback), (74 bytes).
    Removing stm32f1xx_hal_dma.o(i.HAL_DMA_Start), (80 bytes).
    Removing stm32f1xx_hal_dma.o(i.HAL_DMA_Start_IT), (112 bytes).
    Removing stm32f1xx_hal_dma.o(i.HAL_DMA_UnRegisterCallback), (82 bytes).
    Removing stm32f1xx_hal_cortex.o(.rev16_text), (4 bytes).
    Removing stm32f1xx_hal_cortex.o(.revsh_text), (4 bytes).
    Removing stm32f1xx_hal_cortex.o(.rrx_text), (6 bytes).
    Removing stm32f1xx_hal_cortex.o(i.HAL_NVIC_ClearPendingIRQ), (26 bytes).
    Removing stm32f1xx_hal_cortex.o(i.HAL_NVIC_DisableIRQ), (34 bytes).
    Removing stm32f1xx_hal_cortex.o(i.HAL_NVIC_GetActive), (36 bytes).
    Removing stm32f1xx_hal_cortex.o(i.HAL_NVIC_GetPendingIRQ), (36 bytes).
    Removing stm32f1xx_hal_cortex.o(i.HAL_NVIC_GetPriority), (82 bytes).
    Removing stm32f1xx_hal_cortex.o(i.HAL_NVIC_GetPriorityGrouping), (16 bytes).
    Removing stm32f1xx_hal_cortex.o(i.HAL_NVIC_SetPendingIRQ), (26 bytes).
    Removing stm32f1xx_hal_cortex.o(i.HAL_NVIC_SystemReset), (36 bytes).
    Removing stm32f1xx_hal_cortex.o(i.HAL_SYSTICK_CLKSourceConfig), (24 bytes).
    Removing stm32f1xx_hal_cortex.o(i.HAL_SYSTICK_Callback), (2 bytes).
    Removing stm32f1xx_hal_cortex.o(i.HAL_SYSTICK_IRQHandler), (8 bytes).
    Removing stm32f1xx_hal_pwr.o(.rev16_text), (4 bytes).
    Removing stm32f1xx_hal_pwr.o(.revsh_text), (4 bytes).
    Removing stm32f1xx_hal_pwr.o(.rrx_text), (6 bytes).
    Removing stm32f1xx_hal_pwr.o(i.HAL_PWR_ConfigPVD), (124 bytes).
    Removing stm32f1xx_hal_pwr.o(i.HAL_PWR_DeInit), (24 bytes).
    Removing stm32f1xx_hal_pwr.o(i.HAL_PWR_DisableBkUpAccess), (12 bytes).
    Removing stm32f1xx_hal_pwr.o(i.HAL_PWR_DisablePVD), (12 bytes).
    Removing stm32f1xx_hal_pwr.o(i.HAL_PWR_DisableSEVOnPend), (16 bytes).
    Removing stm32f1xx_hal_pwr.o(i.HAL_PWR_DisableSleepOnExit), (16 bytes).
    Removing stm32f1xx_hal_pwr.o(i.HAL_PWR_DisableWakeUpPin), (28 bytes).
    Removing stm32f1xx_hal_pwr.o(i.HAL_PWR_EnableBkUpAccess), (12 bytes).
    Removing stm32f1xx_hal_pwr.o(i.HAL_PWR_EnablePVD), (12 bytes).
    Removing stm32f1xx_hal_pwr.o(i.HAL_PWR_EnableSEVOnPend), (16 bytes).
    Removing stm32f1xx_hal_pwr.o(i.HAL_PWR_EnableSleepOnExit), (16 bytes).
    Removing stm32f1xx_hal_pwr.o(i.HAL_PWR_EnableWakeUpPin), (28 bytes).
    Removing stm32f1xx_hal_pwr.o(i.HAL_PWR_EnterSLEEPMode), (32 bytes).
    Removing stm32f1xx_hal_pwr.o(i.HAL_PWR_EnterSTANDBYMode), (32 bytes).
    Removing stm32f1xx_hal_pwr.o(i.HAL_PWR_EnterSTOPMode), (68 bytes).
    Removing stm32f1xx_hal_pwr.o(i.HAL_PWR_PVDCallback), (2 bytes).
    Removing stm32f1xx_hal_pwr.o(i.HAL_PWR_PVD_IRQHandler), (28 bytes).
    Removing stm32f1xx_hal_pwr.o(i.PWR_OverloadWfe), (6 bytes).
    Removing stm32f1xx_hal_flash.o(.rev16_text), (4 bytes).
    Removing stm32f1xx_hal_flash.o(.revsh_text), (4 bytes).
    Removing stm32f1xx_hal_flash.o(.rrx_text), (6 bytes).
    Removing stm32f1xx_hal_flash.o(i.FLASH_Program_HalfWord), (28 bytes).
    Removing stm32f1xx_hal_flash.o(i.FLASH_SetErrorCode), (92 bytes).
    Removing stm32f1xx_hal_flash.o(i.FLASH_WaitForLastOperation), (84 bytes).
    Removing stm32f1xx_hal_flash.o(i.HAL_FLASH_EndOfOperationCallback), (2 bytes).
    Removing stm32f1xx_hal_flash.o(i.HAL_FLASH_GetError), (12 bytes).
    Removing stm32f1xx_hal_flash.o(i.HAL_FLASH_IRQHandler), (264 bytes).
    Removing stm32f1xx_hal_flash.o(i.HAL_FLASH_Lock), (20 bytes).
    Removing stm32f1xx_hal_flash.o(i.HAL_FLASH_OB_Launch), (4 bytes).
    Removing stm32f1xx_hal_flash.o(i.HAL_FLASH_OB_Lock), (20 bytes).
    Removing stm32f1xx_hal_flash.o(i.HAL_FLASH_OB_Unlock), (36 bytes).
    Removing stm32f1xx_hal_flash.o(i.HAL_FLASH_OperationErrorCallback), (2 bytes).
    Removing stm32f1xx_hal_flash.o(i.HAL_FLASH_Program), (128 bytes).
    Removing stm32f1xx_hal_flash.o(i.HAL_FLASH_Program_IT), (100 bytes).
    Removing stm32f1xx_hal_flash.o(i.HAL_FLASH_Unlock), (40 bytes).
    Removing stm32f1xx_hal_flash.o(.bss), (32 bytes).
    Removing stm32f1xx_hal_flash_ex.o(.rev16_text), (4 bytes).
    Removing stm32f1xx_hal_flash_ex.o(.revsh_text), (4 bytes).
    Removing stm32f1xx_hal_flash_ex.o(.rrx_text), (6 bytes).
    Removing stm32f1xx_hal_flash_ex.o(i.FLASH_MassErase), (36 bytes).
    Removing stm32f1xx_hal_flash_ex.o(i.FLASH_OB_DisableWRP), (176 bytes).
    Removing stm32f1xx_hal_flash_ex.o(i.FLASH_OB_EnableWRP), (176 bytes).
    Removing stm32f1xx_hal_flash_ex.o(i.FLASH_OB_GetRDP), (24 bytes).
    Removing stm32f1xx_hal_flash_ex.o(i.FLASH_OB_RDP_LevelConfig), (100 bytes).
    Removing stm32f1xx_hal_flash_ex.o(i.FLASH_PageErase), (36 bytes).
    Removing stm32f1xx_hal_flash_ex.o(i.HAL_FLASHEx_Erase), (168 bytes).
    Removing stm32f1xx_hal_flash_ex.o(i.HAL_FLASHEx_Erase_IT), (84 bytes).
    Removing stm32f1xx_hal_flash_ex.o(i.HAL_FLASHEx_OBErase), (84 bytes).
    Removing stm32f1xx_hal_flash_ex.o(i.HAL_FLASHEx_OBGetConfig), (36 bytes).
    Removing stm32f1xx_hal_flash_ex.o(i.HAL_FLASHEx_OBGetUserData), (32 bytes).
    Removing stm32f1xx_hal_flash_ex.o(i.HAL_FLASHEx_OBProgram), (200 bytes).
    Removing stm32f1xx_hal_exti.o(.rev16_text), (4 bytes).
    Removing stm32f1xx_hal_exti.o(.revsh_text), (4 bytes).
    Removing stm32f1xx_hal_exti.o(.rrx_text), (6 bytes).
    Removing stm32f1xx_hal_exti.o(i.HAL_EXTI_ClearConfigLine), (104 bytes).
    Removing stm32f1xx_hal_exti.o(i.HAL_EXTI_ClearPending), (20 bytes).
    Removing stm32f1xx_hal_exti.o(i.HAL_EXTI_GenerateSWI), (20 bytes).
    Removing stm32f1xx_hal_exti.o(i.HAL_EXTI_GetConfigLine), (144 bytes).
    Removing stm32f1xx_hal_exti.o(i.HAL_EXTI_GetHandle), (12 bytes).
    Removing stm32f1xx_hal_exti.o(i.HAL_EXTI_GetPending), (24 bytes).
    Removing stm32f1xx_hal_exti.o(i.HAL_EXTI_IRQHandler), (36 bytes).
    Removing stm32f1xx_hal_exti.o(i.HAL_EXTI_RegisterCallback), (14 bytes).
    Removing stm32f1xx_hal_exti.o(i.HAL_EXTI_SetConfigLine), (164 bytes).
    Removing system_stm32f1xx.o(.rev16_text), (4 bytes).
    Removing system_stm32f1xx.o(.revsh_text), (4 bytes).
    Removing system_stm32f1xx.o(.rrx_text), (6 bytes).
    Removing system_stm32f1xx.o(i.SystemCoreClockUpdate), (104 bytes).
    Removing system_stm32f1xx.o(.constdata), (8 bytes).
    Removing dmul.o(.text), (228 bytes).
    Removing dscalb.o(.text), (46 bytes).

330 unused section(s) (total 23020 bytes) removed from the image.

==============================================================================

Image Symbol Table

    Local Symbols

    Symbol Name                              Value     Ov Type        Size  Object(Section)

    ../Drivers/STM32F1xx_HAL_Driver/Src/stm32f1xx_hal.c 0x00000000   Number         0  stm32f1xx_hal.o ABSOLUTE
    ../Drivers/STM32F1xx_HAL_Driver/Src/stm32f1xx_hal_cortex.c 0x00000000   Number         0  stm32f1xx_hal_cortex.o ABSOLUTE
    ../Drivers/STM32F1xx_HAL_Driver/Src/stm32f1xx_hal_dma.c 0x00000000   Number         0  stm32f1xx_hal_dma.o ABSOLUTE
    ../Drivers/STM32F1xx_HAL_Driver/Src/stm32f1xx_hal_exti.c 0x00000000   Number         0  stm32f1xx_hal_exti.o ABSOLUTE
    ../Drivers/STM32F1xx_HAL_Driver/Src/stm32f1xx_hal_flash.c 0x00000000   Number         0  stm32f1xx_hal_flash.o ABSOLUTE
    ../Drivers/STM32F1xx_HAL_Driver/Src/stm32f1xx_hal_flash_ex.c 0x00000000   Number         0  stm32f1xx_hal_flash_ex.o ABSOLUTE
    ../Drivers/STM32F1xx_HAL_Driver/Src/stm32f1xx_hal_gpio.c 0x00000000   Number         0  stm32f1xx_hal_gpio.o ABSOLUTE
    ../Drivers/STM32F1xx_HAL_Driver/Src/stm32f1xx_hal_gpio_ex.c 0x00000000   Number         0  stm32f1xx_hal_gpio_ex.o ABSOLUTE
    ../Drivers/STM32F1xx_HAL_Driver/Src/stm32f1xx_hal_pwr.c 0x00000000   Number         0  stm32f1xx_hal_pwr.o ABSOLUTE
    ../Drivers/STM32F1xx_HAL_Driver/Src/stm32f1xx_hal_rcc.c 0x00000000   Number         0  stm32f1xx_hal_rcc.o ABSOLUTE
    ../Drivers/STM32F1xx_HAL_Driver/Src/stm32f1xx_hal_rcc_ex.c 0x00000000   Number         0  stm32f1xx_hal_rcc_ex.o ABSOLUTE
    ../Drivers/STM32F1xx_HAL_Driver/Src/stm32f1xx_hal_tim.c 0x00000000   Number         0  stm32f1xx_hal_tim.o ABSOLUTE
    ../Drivers/STM32F1xx_HAL_Driver/Src/stm32f1xx_hal_tim_ex.c 0x00000000   Number         0  stm32f1xx_hal_tim_ex.o ABSOLUTE
    ../Src/gpio.c                            0x00000000   Number         0  gpio.o ABSOLUTE
    ../Src/main.c                            0x00000000   Number         0  main.o ABSOLUTE
    ../Src/stm32f1xx_hal_msp.c               0x00000000   Number         0  stm32f1xx_hal_msp.o ABSOLUTE
    ../Src/stm32f1xx_it.c                    0x00000000   Number         0  stm32f1xx_it.o ABSOLUTE
    ../Src/system_stm32f1xx.c                0x00000000   Number         0  system_stm32f1xx.o ABSOLUTE
    ../Src/tim.c                             0x00000000   Number         0  tim.o ABSOLUTE
    ../clib/microlib/errno.c                 0x00000000   Number         0  errno.o ABSOLUTE
    ../clib/microlib/init/entry.s            0x00000000   Number         0  entry7a.o ABSOLUTE
    ../clib/microlib/init/entry.s            0x00000000   Number         0  entry5.o ABSOLUTE
    ../clib/microlib/init/entry.s            0x00000000   Number         0  entry2.o ABSOLUTE
    ../clib/microlib/init/entry.s            0x00000000   Number         0  entry10b.o ABSOLUTE
    ../clib/microlib/init/entry.s            0x00000000   Number         0  entry10a.o ABSOLUTE
    ../clib/microlib/init/entry.s            0x00000000   Number         0  entry.o ABSOLUTE
    ../clib/microlib/init/entry.s            0x00000000   Number         0  entry9b.o ABSOLUTE
    ../clib/microlib/init/entry.s            0x00000000   Number         0  entry9a.o ABSOLUTE
    ../clib/microlib/init/entry.s            0x00000000   Number         0  entry8b.o ABSOLUTE
    ../clib/microlib/init/entry.s            0x00000000   Number         0  entry8a.o ABSOLUTE
    ../clib/microlib/init/entry.s            0x00000000   Number         0  entry7b.o ABSOLUTE
    ../clib/microlib/init/entry.s            0x00000000   Number         0  entry11a.o ABSOLUTE
    ../clib/microlib/init/entry.s            0x00000000   Number         0  entry11b.o ABSOLUTE
    ../clib/microlib/longlong.c              0x00000000   Number         0  llushr.o ABSOLUTE
    ../clib/microlib/longlong.c              0x00000000   Number         0  llshl.o ABSOLUTE
    ../clib/microlib/longlong.c              0x00000000   Number         0  llsshr.o ABSOLUTE
    ../clib/microlib/string/memset.c         0x00000000   Number         0  memseta.o ABSOLUTE
    ../clib/microlib/stubs.s                 0x00000000   Number         0  iusefp.o ABSOLUTE
    ../fplib/microlib/d2f.c                  0x00000000   Number         0  d2f.o ABSOLUTE
    ../fplib/microlib/f2d.c                  0x00000000   Number         0  f2d.o ABSOLUTE
    ../fplib/microlib/fpadd.c                0x00000000   Number         0  dadd.o ABSOLUTE
    ../fplib/microlib/fpadd.c                0x00000000   Number         0  fadd.o ABSOLUTE
    ../fplib/microlib/fpdiv.c                0x00000000   Number         0  ddiv.o ABSOLUTE
    ../fplib/microlib/fpepilogue.c           0x00000000   Number         0  depilogue.o ABSOLUTE
    ../fplib/microlib/fpepilogue.c           0x00000000   Number         0  fepilogue.o ABSOLUTE
    ../fplib/microlib/fpmul.c                0x00000000   Number         0  dmul.o ABSOLUTE
    ../fplib/microlib/fprem.c                0x00000000   Number         0  drem.o ABSOLUTE
    ../fplib/microlib/fpscalb.c              0x00000000   Number         0  dscalb.o ABSOLUTE
    ../mathlib/dunder.c                      0x00000000   Number         0  dunder.o ABSOLUTE
    ../mathlib/fmod.c                        0x00000000   Number         0  fmod.o ABSOLUTE
    ../mathlib/fmod.c                        0x00000000   Number         0  fmod_x.o ABSOLUTE
    ..\Drivers\STM32F1xx_HAL_Driver\Src\stm32f1xx_hal.c 0x00000000   Number         0  stm32f1xx_hal.o ABSOLUTE
    ..\Drivers\STM32F1xx_HAL_Driver\Src\stm32f1xx_hal_cortex.c 0x00000000   Number         0  stm32f1xx_hal_cortex.o ABSOLUTE
    ..\Drivers\STM32F1xx_HAL_Driver\Src\stm32f1xx_hal_dma.c 0x00000000   Number         0  stm32f1xx_hal_dma.o ABSOLUTE
    ..\Drivers\STM32F1xx_HAL_Driver\Src\stm32f1xx_hal_exti.c 0x00000000   Number         0  stm32f1xx_hal_exti.o ABSOLUTE
    ..\Drivers\STM32F1xx_HAL_Driver\Src\stm32f1xx_hal_flash.c 0x00000000   Number         0  stm32f1xx_hal_flash.o ABSOLUTE
    ..\Drivers\STM32F1xx_HAL_Driver\Src\stm32f1xx_hal_flash_ex.c 0x00000000   Number         0  stm32f1xx_hal_flash_ex.o ABSOLUTE
    ..\Drivers\STM32F1xx_HAL_Driver\Src\stm32f1xx_hal_gpio.c 0x00000000   Number         0  stm32f1xx_hal_gpio.o ABSOLUTE
    ..\Drivers\STM32F1xx_HAL_Driver\Src\stm32f1xx_hal_gpio_ex.c 0x00000000   Number         0  stm32f1xx_hal_gpio_ex.o ABSOLUTE
    ..\Drivers\STM32F1xx_HAL_Driver\Src\stm32f1xx_hal_pwr.c 0x00000000   Number         0  stm32f1xx_hal_pwr.o ABSOLUTE
    ..\Drivers\STM32F1xx_HAL_Driver\Src\stm32f1xx_hal_rcc.c 0x00000000   Number         0  stm32f1xx_hal_rcc.o ABSOLUTE
    ..\Drivers\STM32F1xx_HAL_Driver\Src\stm32f1xx_hal_rcc_ex.c 0x00000000   Number         0  stm32f1xx_hal_rcc_ex.o ABSOLUTE
    ..\Drivers\STM32F1xx_HAL_Driver\Src\stm32f1xx_hal_tim.c 0x00000000   Number         0  stm32f1xx_hal_tim.o ABSOLUTE
    ..\Drivers\STM32F1xx_HAL_Driver\Src\stm32f1xx_hal_tim_ex.c 0x00000000   Number         0  stm32f1xx_hal_tim_ex.o ABSOLUTE
    ..\Motor_control\StepperMotor.c          0x00000000   Number         0  steppermotor.o ABSOLUTE
    ..\Motor_control\motor_control.c         0x00000000   Number         0  motor_control.o ABSOLUTE
    ..\Src\gpio.c                            0x00000000   Number         0  gpio.o ABSOLUTE
    ..\Src\main.c                            0x00000000   Number         0  main.o ABSOLUTE
    ..\Src\stm32f1xx_hal_msp.c               0x00000000   Number         0  stm32f1xx_hal_msp.o ABSOLUTE
    ..\Src\stm32f1xx_it.c                    0x00000000   Number         0  stm32f1xx_it.o ABSOLUTE
    ..\Src\system_stm32f1xx.c                0x00000000   Number         0  system_stm32f1xx.o ABSOLUTE
    ..\Src\tim.c                             0x00000000   Number         0  tim.o ABSOLUTE
    ..\\Motor_control\\StepperMotor.c        0x00000000   Number         0  steppermotor.o ABSOLUTE
    ..\\Motor_control\\motor_control.c       0x00000000   Number         0  motor_control.o ABSOLUTE
    dc.s                                     0x00000000   Number         0  dc.o ABSOLUTE
    handlers.s                               0x00000000   Number         0  handlers.o ABSOLUTE
    init.s                                   0x00000000   Number         0  init.o ABSOLUTE
    startup_stm32f103xe.s                    0x00000000   Number         0  startup_stm32f103xe.o ABSOLUTE
    RESET                                    0x08000000   Section      304  startup_stm32f103xe.o(RESET)
    .ARM.Collect$$$$00000000                 0x08000130   Section        0  entry.o(.ARM.Collect$$$$00000000)
    .ARM.Collect$$$$00000001                 0x08000130   Section        4  entry2.o(.ARM.Collect$$$$00000001)
    .ARM.Collect$$$$00000004                 0x08000134   Section        4  entry5.o(.ARM.Collect$$$$00000004)
    .ARM.Collect$$$$00000008                 0x08000138   Section        0  entry7b.o(.ARM.Collect$$$$00000008)
    .ARM.Collect$$$$0000000A                 0x08000138   Section        0  entry8b.o(.ARM.Collect$$$$0000000A)
    .ARM.Collect$$$$0000000B                 0x08000138   Section        8  entry9a.o(.ARM.Collect$$$$0000000B)
    .ARM.Collect$$$$0000000D                 0x08000140   Section        0  entry10a.o(.ARM.Collect$$$$0000000D)
    .ARM.Collect$$$$0000000F                 0x08000140   Section        0  entry11a.o(.ARM.Collect$$$$0000000F)
    .ARM.Collect$$$$00002712                 0x08000140   Section        4  entry2.o(.ARM.Collect$$$$00002712)
    __lit__00000000                          0x08000140   Data           4  entry2.o(.ARM.Collect$$$$00002712)
    .text                                    0x08000144   Section       36  startup_stm32f103xe.o(.text)
    .text                                    0x08000168   Section        0  llushr.o(.text)
    .text                                    0x08000188   Section        0  memseta.o(.text)
    .text                                    0x080001ac   Section        0  fadd.o(.text)
    .text                                    0x0800025c   Section        0  dadd.o(.text)
    .text                                    0x080003aa   Section        0  f2d.o(.text)
    .text                                    0x080003d0   Section        0  d2f.o(.text)
    .text                                    0x08000408   Section        0  llshl.o(.text)
    .text                                    0x08000426   Section        0  llsshr.o(.text)
    .text                                    0x0800044a   Section        0  iusefp.o(.text)
    .text                                    0x0800044a   Section        0  fepilogue.o(.text)
    .text                                    0x080004b8   Section        0  depilogue.o(.text)
    .text                                    0x08000572   Section        0  drem.o(.text)
    .text                                    0x080005f8   Section       36  init.o(.text)
    .text                                    0x0800061c   Section        0  ddiv.o(.text)
    i.BusFault_Handler                       0x080006fa   Section        0  stm32f1xx_it.o(i.BusFault_Handler)
    i.DebugMon_Handler                       0x080006fc   Section        0  stm32f1xx_it.o(i.DebugMon_Handler)
    i.Error_Handler                          0x080006fe   Section        0  main.o(i.Error_Handler)
    i.HAL_GPIO_Init                          0x08000700   Section        0  stm32f1xx_hal_gpio.o(i.HAL_GPIO_Init)
    i.HAL_GPIO_WritePin                      0x080008f8   Section        0  stm32f1xx_hal_gpio.o(i.HAL_GPIO_WritePin)
    i.HAL_GetTick                            0x08000904   Section        0  stm32f1xx_hal.o(i.HAL_GetTick)
    i.HAL_IncTick                            0x08000910   Section        0  stm32f1xx_hal.o(i.HAL_IncTick)
    i.HAL_Init                               0x08000920   Section        0  stm32f1xx_hal.o(i.HAL_Init)
    i.HAL_InitTick                           0x08000944   Section        0  stm32f1xx_hal.o(i.HAL_InitTick)
    i.HAL_MspInit                            0x08000984   Section        0  stm32f1xx_hal_msp.o(i.HAL_MspInit)
    i.HAL_NVIC_EnableIRQ                     0x080009c0   Section        0  stm32f1xx_hal_cortex.o(i.HAL_NVIC_EnableIRQ)
    i.HAL_NVIC_SetPriority                   0x080009dc   Section        0  stm32f1xx_hal_cortex.o(i.HAL_NVIC_SetPriority)
    i.HAL_NVIC_SetPriorityGrouping           0x08000a1c   Section        0  stm32f1xx_hal_cortex.o(i.HAL_NVIC_SetPriorityGrouping)
    i.HAL_RCC_ClockConfig                    0x08000a40   Section        0  stm32f1xx_hal_rcc.o(i.HAL_RCC_ClockConfig)
    i.HAL_RCC_GetSysClockFreq                0x08000b6c   Section        0  stm32f1xx_hal_rcc.o(i.HAL_RCC_GetSysClockFreq)
    i.HAL_RCC_OscConfig                      0x08000bd8   Section        0  stm32f1xx_hal_rcc.o(i.HAL_RCC_OscConfig)
    i.HAL_SYSTICK_Config                     0x08000ef8   Section        0  stm32f1xx_hal_cortex.o(i.HAL_SYSTICK_Config)
    i.HAL_TIMEx_BreakCallback                0x08000f20   Section        0  stm32f1xx_hal_tim_ex.o(i.HAL_TIMEx_BreakCallback)
    i.HAL_TIMEx_CommutCallback               0x08000f22   Section        0  stm32f1xx_hal_tim_ex.o(i.HAL_TIMEx_CommutCallback)
    i.HAL_TIMEx_MasterConfigSynchronization  0x08000f24   Section        0  stm32f1xx_hal_tim_ex.o(i.HAL_TIMEx_MasterConfigSynchronization)
    i.HAL_TIM_Base_GetState                  0x08000fa0   Section        0  stm32f1xx_hal_tim.o(i.HAL_TIM_Base_GetState)
    i.HAL_TIM_Base_Init                      0x08000fa6   Section        0  stm32f1xx_hal_tim.o(i.HAL_TIM_Base_Init)
    i.HAL_TIM_Base_MspInit                   0x08001000   Section        0  tim.o(i.HAL_TIM_Base_MspInit)
    i.HAL_TIM_Base_Start_IT                  0x08001064   Section        0  stm32f1xx_hal_tim.o(i.HAL_TIM_Base_Start_IT)
    i.HAL_TIM_Base_Stop_IT                   0x080010d0   Section        0  stm32f1xx_hal_tim.o(i.HAL_TIM_Base_Stop_IT)
    i.HAL_TIM_ConfigClockSource              0x08001100   Section        0  stm32f1xx_hal_tim.o(i.HAL_TIM_ConfigClockSource)
    i.HAL_TIM_IC_CaptureCallback             0x080011d6   Section        0  stm32f1xx_hal_tim.o(i.HAL_TIM_IC_CaptureCallback)
    i.HAL_TIM_IRQHandler                     0x080011d8   Section        0  stm32f1xx_hal_tim.o(i.HAL_TIM_IRQHandler)
    i.HAL_TIM_MspPostInit                    0x08001340   Section        0  tim.o(i.HAL_TIM_MspPostInit)
    i.HAL_TIM_OC_DelayElapsedCallback        0x0800138c   Section        0  stm32f1xx_hal_tim.o(i.HAL_TIM_OC_DelayElapsedCallback)
    i.HAL_TIM_PWM_ConfigChannel              0x0800138e   Section        0  stm32f1xx_hal_tim.o(i.HAL_TIM_PWM_ConfigChannel)
    i.HAL_TIM_PWM_Init                       0x08001454   Section        0  stm32f1xx_hal_tim.o(i.HAL_TIM_PWM_Init)
    i.HAL_TIM_PWM_MspInit                    0x080014ae   Section        0  stm32f1xx_hal_tim.o(i.HAL_TIM_PWM_MspInit)
    i.HAL_TIM_PWM_PulseFinishedCallback      0x080014b0   Section        0  stm32f1xx_hal_tim.o(i.HAL_TIM_PWM_PulseFinishedCallback)
    i.HAL_TIM_PWM_Start                      0x080014b4   Section        0  stm32f1xx_hal_tim.o(i.HAL_TIM_PWM_Start)
    i.HAL_TIM_PWM_Stop                       0x08001568   Section        0  stm32f1xx_hal_tim.o(i.HAL_TIM_PWM_Stop)
    i.HAL_TIM_PeriodElapsedCallback          0x080015e4   Section        0  steppermotor.o(i.HAL_TIM_PeriodElapsedCallback)
    i.HAL_TIM_TriggerCallback                0x08001660   Section        0  stm32f1xx_hal_tim.o(i.HAL_TIM_TriggerCallback)
    i.HardFault_Handler                      0x08001662   Section        0  stm32f1xx_it.o(i.HardFault_Handler)
    i.MX_GPIO_Init                           0x08001664   Section        0  gpio.o(i.MX_GPIO_Init)
    i.MX_TIM3_Init                           0x080016c0   Section        0  tim.o(i.MX_TIM3_Init)
    i.MX_TIM4_Init                           0x0800176c   Section        0  tim.o(i.MX_TIM4_Init)
    i.MemManage_Handler                      0x080017d4   Section        0  stm32f1xx_it.o(i.MemManage_Handler)
    i.NMI_Handler                            0x080017d6   Section        0  stm32f1xx_it.o(i.NMI_Handler)
    i.PendSV_Handler                         0x080017d8   Section        0  stm32f1xx_it.o(i.PendSV_Handler)
    i.SVC_Handler                            0x080017da   Section        0  stm32f1xx_it.o(i.SVC_Handler)
    i.Stepper_setAngle                       0x080017dc   Section        0  steppermotor.o(i.Stepper_setAngle)
    i.Stepper_setInfo                        0x0800186c   Section        0  steppermotor.o(i.Stepper_setInfo)
    i.SysTick_Handler                        0x08001880   Section        0  stm32f1xx_it.o(i.SysTick_Handler)
    i.SystemClock_Config                     0x08001884   Section        0  main.o(i.SystemClock_Config)
    i.SystemInit                             0x080018d2   Section        0  system_stm32f1xx.o(i.SystemInit)
    i.TIM3_IRQHandler                        0x080018d4   Section        0  stm32f1xx_it.o(i.TIM3_IRQHandler)
    i.TIM4_IRQHandler                        0x080018e0   Section        0  stm32f1xx_it.o(i.TIM4_IRQHandler)
    i.TIM_Base_SetConfig                     0x08001904   Section        0  stm32f1xx_hal_tim.o(i.TIM_Base_SetConfig)
    i.TIM_CCxChannelCmd                      0x08001990   Section        0  stm32f1xx_hal_tim.o(i.TIM_CCxChannelCmd)
    i.TIM_ETR_SetConfig                      0x080019aa   Section        0  stm32f1xx_hal_tim.o(i.TIM_ETR_SetConfig)
    i.TIM_ITRx_SetConfig                     0x080019be   Section        0  stm32f1xx_hal_tim.o(i.TIM_ITRx_SetConfig)
    TIM_ITRx_SetConfig                       0x080019bf   Thumb Code    16  stm32f1xx_hal_tim.o(i.TIM_ITRx_SetConfig)
    i.TIM_OC1_SetConfig                      0x080019d0   Section        0  stm32f1xx_hal_tim.o(i.TIM_OC1_SetConfig)
    TIM_OC1_SetConfig                        0x080019d1   Thumb Code    88  stm32f1xx_hal_tim.o(i.TIM_OC1_SetConfig)
    i.TIM_OC2_SetConfig                      0x08001a30   Section        0  stm32f1xx_hal_tim.o(i.TIM_OC2_SetConfig)
    i.TIM_OC3_SetConfig                      0x08001a9c   Section        0  stm32f1xx_hal_tim.o(i.TIM_OC3_SetConfig)
    TIM_OC3_SetConfig                        0x08001a9d   Thumb Code    96  stm32f1xx_hal_tim.o(i.TIM_OC3_SetConfig)
    i.TIM_OC4_SetConfig                      0x08001b04   Section        0  stm32f1xx_hal_tim.o(i.TIM_OC4_SetConfig)
    TIM_OC4_SetConfig                        0x08001b05   Thumb Code    70  stm32f1xx_hal_tim.o(i.TIM_OC4_SetConfig)
    i.TIM_TI1_ConfigInputStage               0x08001b54   Section        0  stm32f1xx_hal_tim.o(i.TIM_TI1_ConfigInputStage)
    TIM_TI1_ConfigInputStage                 0x08001b55   Thumb Code    34  stm32f1xx_hal_tim.o(i.TIM_TI1_ConfigInputStage)
    i.TIM_TI2_ConfigInputStage               0x08001b76   Section        0  stm32f1xx_hal_tim.o(i.TIM_TI2_ConfigInputStage)
    TIM_TI2_ConfigInputStage                 0x08001b77   Thumb Code    36  stm32f1xx_hal_tim.o(i.TIM_TI2_ConfigInputStage)
    i.UsageFault_Handler                     0x08001b9a   Section        0  stm32f1xx_it.o(i.UsageFault_Handler)
    i.__NVIC_SetPriority                     0x08001b9c   Section        0  stm32f1xx_hal_cortex.o(i.__NVIC_SetPriority)
    __NVIC_SetPriority                       0x08001b9d   Thumb Code    32  stm32f1xx_hal_cortex.o(i.__NVIC_SetPriority)
    i.__mathlib_dbl_invalid                  0x08001bbc   Section        0  dunder.o(i.__mathlib_dbl_invalid)
    i.__scatterload_copy                     0x08001bc8   Section       14  handlers.o(i.__scatterload_copy)
    i.__scatterload_null                     0x08001bd6   Section        2  handlers.o(i.__scatterload_null)
    i.__scatterload_zeroinit                 0x08001bd8   Section       14  handlers.o(i.__scatterload_zeroinit)
    i.__set_errno                            0x08001be8   Section        0  errno.o(i.__set_errno)
    i.fmod                                   0x08001bf4   Section        0  fmod.o(i.fmod)
    i.main                                   0x08001c88   Section        0  main.o(i.main)
    .constdata                               0x08001cf8   Section       16  system_stm32f1xx.o(.constdata)
    .data                                    0x20000000   Section       12  stm32f1xx_hal.o(.data)
    .data                                    0x2000000c   Section        4  system_stm32f1xx.o(.data)
    .data                                    0x20000010   Section        4  errno.o(.data)
    _errno                                   0x20000010   Data           4  errno.o(.data)
    .bss                                     0x20000014   Section      144  tim.o(.bss)
    .bss                                     0x200000a4   Section       20  steppermotor.o(.bss)
    STACK                                    0x200000b8   Section     1024  startup_stm32f103xe.o(STACK)

    Global Symbols

    Symbol Name                              Value     Ov Type        Size  Object(Section)

    BuildAttributes$$THM_ISAv4$P$D$K$B$S$PE$A:L22UL41UL21$X:L11$S22US41US21$IEEE1$IW$USESV6$~STKCKD$USESV7$~SHL$OTIME$ROPI$IEEEX$EBA8$MICROLIB$REQ8$PRES8$EABIv2 0x00000000   Number         0  anon$$obj.o ABSOLUTE
    __ARM_use_no_argv                        0x00000000   Number         0  main.o ABSOLUTE
    __cpp_initialize__aeabi_                  - Undefined Weak Reference
    __cxa_finalize                            - Undefined Weak Reference
    __decompress                              - Undefined Weak Reference
    _clock_init                               - Undefined Weak Reference
    _microlib_exit                            - Undefined Weak Reference
    __Vectors_Size                           0x00000130   Number         0  startup_stm32f103xe.o ABSOLUTE
    __Vectors                                0x08000000   Data           4  startup_stm32f103xe.o(RESET)
    __Vectors_End                            0x08000130   Data           0  startup_stm32f103xe.o(RESET)
    __main                                   0x08000131   Thumb Code     0  entry.o(.ARM.Collect$$$$00000000)
    _main_stk                                0x08000131   Thumb Code     0  entry2.o(.ARM.Collect$$$$00000001)
    _main_scatterload                        0x08000135   Thumb Code     0  entry5.o(.ARM.Collect$$$$00000004)
    __main_after_scatterload                 0x08000139   Thumb Code     0  entry5.o(.ARM.Collect$$$$00000004)
    _main_clock                              0x08000139   Thumb Code     0  entry7b.o(.ARM.Collect$$$$00000008)
    _main_cpp_init                           0x08000139   Thumb Code     0  entry8b.o(.ARM.Collect$$$$0000000A)
    _main_init                               0x08000139   Thumb Code     0  entry9a.o(.ARM.Collect$$$$0000000B)
    __rt_final_cpp                           0x08000141   Thumb Code     0  entry10a.o(.ARM.Collect$$$$0000000D)
    __rt_final_exit                          0x08000141   Thumb Code     0  entry11a.o(.ARM.Collect$$$$0000000F)
    Reset_Handler                            0x08000145   Thumb Code     8  startup_stm32f103xe.o(.text)
    ADC1_2_IRQHandler                        0x0800015f   Thumb Code     0  startup_stm32f103xe.o(.text)
    ADC3_IRQHandler                          0x0800015f   Thumb Code     0  startup_stm32f103xe.o(.text)
    CAN1_RX1_IRQHandler                      0x0800015f   Thumb Code     0  startup_stm32f103xe.o(.text)
    CAN1_SCE_IRQHandler                      0x0800015f   Thumb Code     0  startup_stm32f103xe.o(.text)
    DMA1_Channel1_IRQHandler                 0x0800015f   Thumb Code     0  startup_stm32f103xe.o(.text)
    DMA1_Channel2_IRQHandler                 0x0800015f   Thumb Code     0  startup_stm32f103xe.o(.text)
    DMA1_Channel3_IRQHandler                 0x0800015f   Thumb Code     0  startup_stm32f103xe.o(.text)
    DMA1_Channel4_IRQHandler                 0x0800015f   Thumb Code     0  startup_stm32f103xe.o(.text)
    DMA1_Channel5_IRQHandler                 0x0800015f   Thumb Code     0  startup_stm32f103xe.o(.text)
    DMA1_Channel6_IRQHandler                 0x0800015f   Thumb Code     0  startup_stm32f103xe.o(.text)
    DMA1_Channel7_IRQHandler                 0x0800015f   Thumb Code     0  startup_stm32f103xe.o(.text)
    DMA2_Channel1_IRQHandler                 0x0800015f   Thumb Code     0  startup_stm32f103xe.o(.text)
    DMA2_Channel2_IRQHandler                 0x0800015f   Thumb Code     0  startup_stm32f103xe.o(.text)
    DMA2_Channel3_IRQHandler                 0x0800015f   Thumb Code     0  startup_stm32f103xe.o(.text)
    DMA2_Channel4_5_IRQHandler               0x0800015f   Thumb Code     0  startup_stm32f103xe.o(.text)
    EXTI0_IRQHandler                         0x0800015f   Thumb Code     0  startup_stm32f103xe.o(.text)
    EXTI15_10_IRQHandler                     0x0800015f   Thumb Code     0  startup_stm32f103xe.o(.text)
    EXTI1_IRQHandler                         0x0800015f   Thumb Code     0  startup_stm32f103xe.o(.text)
    EXTI2_IRQHandler                         0x0800015f   Thumb Code     0  startup_stm32f103xe.o(.text)
    EXTI3_IRQHandler                         0x0800015f   Thumb Code     0  startup_stm32f103xe.o(.text)
    EXTI4_IRQHandler                         0x0800015f   Thumb Code     0  startup_stm32f103xe.o(.text)
    EXTI9_5_IRQHandler                       0x0800015f   Thumb Code     0  startup_stm32f103xe.o(.text)
    FLASH_IRQHandler                         0x0800015f   Thumb Code     0  startup_stm32f103xe.o(.text)
    FSMC_IRQHandler                          0x0800015f   Thumb Code     0  startup_stm32f103xe.o(.text)
    I2C1_ER_IRQHandler                       0x0800015f   Thumb Code     0  startup_stm32f103xe.o(.text)
    I2C1_EV_IRQHandler                       0x0800015f   Thumb Code     0  startup_stm32f103xe.o(.text)
    I2C2_ER_IRQHandler                       0x0800015f   Thumb Code     0  startup_stm32f103xe.o(.text)
    I2C2_EV_IRQHandler                       0x0800015f   Thumb Code     0  startup_stm32f103xe.o(.text)
    PVD_IRQHandler                           0x0800015f   Thumb Code     0  startup_stm32f103xe.o(.text)
    RCC_IRQHandler                           0x0800015f   Thumb Code     0  startup_stm32f103xe.o(.text)
    RTC_Alarm_IRQHandler                     0x0800015f   Thumb Code     0  startup_stm32f103xe.o(.text)
    RTC_IRQHandler                           0x0800015f   Thumb Code     0  startup_stm32f103xe.o(.text)
    SDIO_IRQHandler                          0x0800015f   Thumb Code     0  startup_stm32f103xe.o(.text)
    SPI1_IRQHandler                          0x0800015f   Thumb Code     0  startup_stm32f103xe.o(.text)
    SPI2_IRQHandler                          0x0800015f   Thumb Code     0  startup_stm32f103xe.o(.text)
    SPI3_IRQHandler                          0x0800015f   Thumb Code     0  startup_stm32f103xe.o(.text)
    TAMPER_IRQHandler                        0x0800015f   Thumb Code     0  startup_stm32f103xe.o(.text)
    TIM1_BRK_IRQHandler                      0x0800015f   Thumb Code     0  startup_stm32f103xe.o(.text)
    TIM1_CC_IRQHandler                       0x0800015f   Thumb Code     0  startup_stm32f103xe.o(.text)
    TIM1_TRG_COM_IRQHandler                  0x0800015f   Thumb Code     0  startup_stm32f103xe.o(.text)
    TIM1_UP_IRQHandler                       0x0800015f   Thumb Code     0  startup_stm32f103xe.o(.text)
    TIM2_IRQHandler                          0x0800015f   Thumb Code     0  startup_stm32f103xe.o(.text)
    TIM5_IRQHandler                          0x0800015f   Thumb Code     0  startup_stm32f103xe.o(.text)
    TIM6_IRQHandler                          0x0800015f   Thumb Code     0  startup_stm32f103xe.o(.text)
    TIM7_IRQHandler                          0x0800015f   Thumb Code     0  startup_stm32f103xe.o(.text)
    TIM8_BRK_IRQHandler                      0x0800015f   Thumb Code     0  startup_stm32f103xe.o(.text)
    TIM8_CC_IRQHandler                       0x0800015f   Thumb Code     0  startup_stm32f103xe.o(.text)
    TIM8_TRG_COM_IRQHandler                  0x0800015f   Thumb Code     0  startup_stm32f103xe.o(.text)
    TIM8_UP_IRQHandler                       0x0800015f   Thumb Code     0  startup_stm32f103xe.o(.text)
    UART4_IRQHandler                         0x0800015f   Thumb Code     0  startup_stm32f103xe.o(.text)
    UART5_IRQHandler                         0x0800015f   Thumb Code     0  startup_stm32f103xe.o(.text)
    USART1_IRQHandler                        0x0800015f   Thumb Code     0  startup_stm32f103xe.o(.text)
    USART2_IRQHandler                        0x0800015f   Thumb Code     0  startup_stm32f103xe.o(.text)
    USART3_IRQHandler                        0x0800015f   Thumb Code     0  startup_stm32f103xe.o(.text)
    USBWakeUp_IRQHandler                     0x0800015f   Thumb Code     0  startup_stm32f103xe.o(.text)
    USB_HP_CAN1_TX_IRQHandler                0x0800015f   Thumb Code     0  startup_stm32f103xe.o(.text)
    USB_LP_CAN1_RX0_IRQHandler               0x0800015f   Thumb Code     0  startup_stm32f103xe.o(.text)
    WWDG_IRQHandler                          0x0800015f   Thumb Code     0  startup_stm32f103xe.o(.text)
    __aeabi_llsr                             0x08000169   Thumb Code    32  llushr.o(.text)
    _ll_ushift_r                             0x08000169   Thumb Code     0  llushr.o(.text)
    __aeabi_memset                           0x08000189   Thumb Code    14  memseta.o(.text)
    __aeabi_memset4                          0x08000189   Thumb Code     0  memseta.o(.text)
    __aeabi_memset8                          0x08000189   Thumb Code     0  memseta.o(.text)
    __aeabi_memclr                           0x08000197   Thumb Code     4  memseta.o(.text)
    __aeabi_memclr4                          0x08000197   Thumb Code     0  memseta.o(.text)
    __aeabi_memclr8                          0x08000197   Thumb Code     0  memseta.o(.text)
    _memset$wrapper                          0x0800019b   Thumb Code    18  memseta.o(.text)
    __aeabi_fadd                             0x080001ad   Thumb Code   164  fadd.o(.text)
    __aeabi_fsub                             0x08000251   Thumb Code     6  fadd.o(.text)
    __aeabi_frsub                            0x08000257   Thumb Code     6  fadd.o(.text)
    __aeabi_dadd                             0x0800025d   Thumb Code   322  dadd.o(.text)
    __aeabi_dsub                             0x0800039f   Thumb Code     6  dadd.o(.text)
    __aeabi_drsub                            0x080003a5   Thumb Code     6  dadd.o(.text)
    __aeabi_f2d                              0x080003ab   Thumb Code    38  f2d.o(.text)
    __aeabi_d2f                              0x080003d1   Thumb Code    56  d2f.o(.text)
    __aeabi_llsl                             0x08000409   Thumb Code    30  llshl.o(.text)
    _ll_shift_l                              0x08000409   Thumb Code     0  llshl.o(.text)
    __aeabi_lasr                             0x08000427   Thumb Code    36  llsshr.o(.text)
    _ll_sshift_r                             0x08000427   Thumb Code     0  llsshr.o(.text)
    __I$use$fp                               0x0800044b   Thumb Code     0  iusefp.o(.text)
    _float_round                             0x0800044b   Thumb Code    18  fepilogue.o(.text)
    _float_epilogue                          0x0800045d   Thumb Code    92  fepilogue.o(.text)
    _double_round                            0x080004b9   Thumb Code    30  depilogue.o(.text)
    _double_epilogue                         0x080004d7   Thumb Code   156  depilogue.o(.text)
    _drem                                    0x08000573   Thumb Code   134  drem.o(.text)
    __scatterload                            0x080005f9   Thumb Code    28  init.o(.text)
    __scatterload_rt2                        0x080005f9   Thumb Code     0  init.o(.text)
    __aeabi_ddiv                             0x0800061d   Thumb Code   222  ddiv.o(.text)
    BusFault_Handler                         0x080006fb   Thumb Code     2  stm32f1xx_it.o(i.BusFault_Handler)
    DebugMon_Handler                         0x080006fd   Thumb Code     2  stm32f1xx_it.o(i.DebugMon_Handler)
    Error_Handler                            0x080006ff   Thumb Code     2  main.o(i.Error_Handler)
    HAL_GPIO_Init                            0x08000701   Thumb Code   462  stm32f1xx_hal_gpio.o(i.HAL_GPIO_Init)
    HAL_GPIO_WritePin                        0x080008f9   Thumb Code    10  stm32f1xx_hal_gpio.o(i.HAL_GPIO_WritePin)
    HAL_GetTick                              0x08000905   Thumb Code     6  stm32f1xx_hal.o(i.HAL_GetTick)
    HAL_IncTick                              0x08000911   Thumb Code    12  stm32f1xx_hal.o(i.HAL_IncTick)
    HAL_Init                                 0x08000921   Thumb Code    32  stm32f1xx_hal.o(i.HAL_Init)
    HAL_InitTick                             0x08000945   Thumb Code    54  stm32f1xx_hal.o(i.HAL_InitTick)
    HAL_MspInit                              0x08000985   Thumb Code    52  stm32f1xx_hal_msp.o(i.HAL_MspInit)
    HAL_NVIC_EnableIRQ                       0x080009c1   Thumb Code    26  stm32f1xx_hal_cortex.o(i.HAL_NVIC_EnableIRQ)
    HAL_NVIC_SetPriority                     0x080009dd   Thumb Code    60  stm32f1xx_hal_cortex.o(i.HAL_NVIC_SetPriority)
    HAL_NVIC_SetPriorityGrouping             0x08000a1d   Thumb Code    26  stm32f1xx_hal_cortex.o(i.HAL_NVIC_SetPriorityGrouping)
    HAL_RCC_ClockConfig                      0x08000a41   Thumb Code   280  stm32f1xx_hal_rcc.o(i.HAL_RCC_ClockConfig)
    HAL_RCC_GetSysClockFreq                  0x08000b6d   Thumb Code    74  stm32f1xx_hal_rcc.o(i.HAL_RCC_GetSysClockFreq)
    HAL_RCC_OscConfig                        0x08000bd9   Thumb Code   778  stm32f1xx_hal_rcc.o(i.HAL_RCC_OscConfig)
    HAL_SYSTICK_Config                       0x08000ef9   Thumb Code    40  stm32f1xx_hal_cortex.o(i.HAL_SYSTICK_Config)
    HAL_TIMEx_BreakCallback                  0x08000f21   Thumb Code     2  stm32f1xx_hal_tim_ex.o(i.HAL_TIMEx_BreakCallback)
    HAL_TIMEx_CommutCallback                 0x08000f23   Thumb Code     2  stm32f1xx_hal_tim_ex.o(i.HAL_TIMEx_CommutCallback)
    HAL_TIMEx_MasterConfigSynchronization    0x08000f25   Thumb Code   104  stm32f1xx_hal_tim_ex.o(i.HAL_TIMEx_MasterConfigSynchronization)
    HAL_TIM_Base_GetState                    0x08000fa1   Thumb Code     6  stm32f1xx_hal_tim.o(i.HAL_TIM_Base_GetState)
    HAL_TIM_Base_Init                        0x08000fa7   Thumb Code    90  stm32f1xx_hal_tim.o(i.HAL_TIM_Base_Init)
    HAL_TIM_Base_MspInit                     0x08001001   Thumb Code    86  tim.o(i.HAL_TIM_Base_MspInit)
    HAL_TIM_Base_Start_IT                    0x08001065   Thumb Code    88  stm32f1xx_hal_tim.o(i.HAL_TIM_Base_Start_IT)
    HAL_TIM_Base_Stop_IT                     0x080010d1   Thumb Code    48  stm32f1xx_hal_tim.o(i.HAL_TIM_Base_Stop_IT)
    HAL_TIM_ConfigClockSource                0x08001101   Thumb Code   214  stm32f1xx_hal_tim.o(i.HAL_TIM_ConfigClockSource)
    HAL_TIM_IC_CaptureCallback               0x080011d7   Thumb Code     2  stm32f1xx_hal_tim.o(i.HAL_TIM_IC_CaptureCallback)
    HAL_TIM_IRQHandler                       0x080011d9   Thumb Code   358  stm32f1xx_hal_tim.o(i.HAL_TIM_IRQHandler)
    HAL_TIM_MspPostInit                      0x08001341   Thumb Code    62  tim.o(i.HAL_TIM_MspPostInit)
    HAL_TIM_OC_DelayElapsedCallback          0x0800138d   Thumb Code     2  stm32f1xx_hal_tim.o(i.HAL_TIM_OC_DelayElapsedCallback)
    HAL_TIM_PWM_ConfigChannel                0x0800138f   Thumb Code   198  stm32f1xx_hal_tim.o(i.HAL_TIM_PWM_ConfigChannel)
    HAL_TIM_PWM_Init                         0x08001455   Thumb Code    90  stm32f1xx_hal_tim.o(i.HAL_TIM_PWM_Init)
    HAL_TIM_PWM_MspInit                      0x080014af   Thumb Code     2  stm32f1xx_hal_tim.o(i.HAL_TIM_PWM_MspInit)
    HAL_TIM_PWM_PulseFinishedCallback        0x080014b1   Thumb Code     2  stm32f1xx_hal_tim.o(i.HAL_TIM_PWM_PulseFinishedCallback)
    HAL_TIM_PWM_Start                        0x080014b5   Thumb Code   160  stm32f1xx_hal_tim.o(i.HAL_TIM_PWM_Start)
    HAL_TIM_PWM_Stop                         0x08001569   Thumb Code   114  stm32f1xx_hal_tim.o(i.HAL_TIM_PWM_Stop)
    HAL_TIM_PeriodElapsedCallback            0x080015e5   Thumb Code    98  steppermotor.o(i.HAL_TIM_PeriodElapsedCallback)
    HAL_TIM_TriggerCallback                  0x08001661   Thumb Code     2  stm32f1xx_hal_tim.o(i.HAL_TIM_TriggerCallback)
    HardFault_Handler                        0x08001663   Thumb Code     2  stm32f1xx_it.o(i.HardFault_Handler)
    MX_GPIO_Init                             0x08001665   Thumb Code    82  gpio.o(i.MX_GPIO_Init)
    MX_TIM3_Init                             0x080016c1   Thumb Code   162  tim.o(i.MX_TIM3_Init)
    MX_TIM4_Init                             0x0800176d   Thumb Code    96  tim.o(i.MX_TIM4_Init)
    MemManage_Handler                        0x080017d5   Thumb Code     2  stm32f1xx_it.o(i.MemManage_Handler)
    NMI_Handler                              0x080017d7   Thumb Code     2  stm32f1xx_it.o(i.NMI_Handler)
    PendSV_Handler                           0x080017d9   Thumb Code     2  stm32f1xx_it.o(i.PendSV_Handler)
    SVC_Handler                              0x080017db   Thumb Code     2  stm32f1xx_it.o(i.SVC_Handler)
    Stepper_setAngle                         0x080017dd   Thumb Code   110  steppermotor.o(i.Stepper_setAngle)
    Stepper_setInfo                          0x0800186d   Thumb Code    16  steppermotor.o(i.Stepper_setInfo)
    SysTick_Handler                          0x08001881   Thumb Code     4  stm32f1xx_it.o(i.SysTick_Handler)
    SystemClock_Config                       0x08001885   Thumb Code    78  main.o(i.SystemClock_Config)
    SystemInit                               0x080018d3   Thumb Code     2  system_stm32f1xx.o(i.SystemInit)
    TIM3_IRQHandler                          0x080018d5   Thumb Code     6  stm32f1xx_it.o(i.TIM3_IRQHandler)
    TIM4_IRQHandler                          0x080018e1   Thumb Code    28  stm32f1xx_it.o(i.TIM4_IRQHandler)
    TIM_Base_SetConfig                       0x08001905   Thumb Code   120  stm32f1xx_hal_tim.o(i.TIM_Base_SetConfig)
    TIM_CCxChannelCmd                        0x08001991   Thumb Code    26  stm32f1xx_hal_tim.o(i.TIM_CCxChannelCmd)
    TIM_ETR_SetConfig                        0x080019ab   Thumb Code    20  stm32f1xx_hal_tim.o(i.TIM_ETR_SetConfig)
    TIM_OC2_SetConfig                        0x08001a31   Thumb Code    98  stm32f1xx_hal_tim.o(i.TIM_OC2_SetConfig)
    UsageFault_Handler                       0x08001b9b   Thumb Code     2  stm32f1xx_it.o(i.UsageFault_Handler)
    __mathlib_dbl_invalid                    0x08001bbd   Thumb Code    12  dunder.o(i.__mathlib_dbl_invalid)
    __scatterload_copy                       0x08001bc9   Thumb Code    14  handlers.o(i.__scatterload_copy)
    __scatterload_null                       0x08001bd7   Thumb Code     2  handlers.o(i.__scatterload_null)
    __scatterload_zeroinit                   0x08001bd9   Thumb Code    14  handlers.o(i.__scatterload_zeroinit)
    __set_errno                              0x08001be9   Thumb Code     6  errno.o(i.__set_errno)
    fmod                                     0x08001bf5   Thumb Code   144  fmod.o(i.fmod)
    main                                     0x08001c89   Thumb Code    98  main.o(i.main)
    AHBPrescTable                            0x08001cf8   Data          16  system_stm32f1xx.o(.constdata)
    Region$$Table$$Base                      0x08001d08   Number         0  anon$$obj.o(Region$$Table)
    Region$$Table$$Limit                     0x08001d28   Number         0  anon$$obj.o(Region$$Table)
    uwTickFreq                               0x20000000   Data           1  stm32f1xx_hal.o(.data)
    uwTickPrio                               0x20000004   Data           4  stm32f1xx_hal.o(.data)
    uwTick                                   0x20000008   Data           4  stm32f1xx_hal.o(.data)
    SystemCoreClock                          0x2000000c   Data           4  system_stm32f1xx.o(.data)
    htim3                                    0x20000014   Data          72  tim.o(.bss)
    htim4                                    0x2000005c   Data          72  tim.o(.bss)
    StepperMotor                             0x200000a4   Data          20  steppermotor.o(.bss)
    __initial_sp                             0x200004b8   Data           0  startup_stm32f103xe.o(STACK)



==============================================================================

Memory Map of the image

  Image Entry point : 0x08000131

  Load Region LR_IROM1 (Base: 0x08000000, Size: 0x00001d3c, Max: 0x00080000, ABSOLUTE)

    Execution Region ER_IROM1 (Exec base: 0x08000000, Load base: 0x08000000, Size: 0x00001d28, Max: 0x00080000, ABSOLUTE)

    Exec Addr    Load Addr    Size         Type   Attr      Idx    E Section Name        Object

    0x08000000   0x08000000   0x00000130   Data   RO            3    RESET               startup_stm32f103xe.o
    0x08000130   0x08000130   0x00000000   Code   RO         2461  * .ARM.Collect$$$$00000000  mc_w.l(entry.o)
    0x08000130   0x08000130   0x00000004   Code   RO         2490    .ARM.Collect$$$$00000001  mc_w.l(entry2.o)
    0x08000134   0x08000134   0x00000004   Code   RO         2493    .ARM.Collect$$$$00000004  mc_w.l(entry5.o)
    0x08000138   0x08000138   0x00000000   Code   RO         2495    .ARM.Collect$$$$00000008  mc_w.l(entry7b.o)
    0x08000138   0x08000138   0x00000000   Code   RO         2497    .ARM.Collect$$$$0000000A  mc_w.l(entry8b.o)
    0x08000138   0x08000138   0x00000008   Code   RO         2498    .ARM.Collect$$$$0000000B  mc_w.l(entry9a.o)
    0x08000140   0x08000140   0x00000000   Code   RO         2500    .ARM.Collect$$$$0000000D  mc_w.l(entry10a.o)
    0x08000140   0x08000140   0x00000000   Code   RO         2502    .ARM.Collect$$$$0000000F  mc_w.l(entry11a.o)
    0x08000140   0x08000140   0x00000004   Code   RO         2491    .ARM.Collect$$$$00002712  mc_w.l(entry2.o)
    0x08000144   0x08000144   0x00000024   Code   RO            4    .text               startup_stm32f103xe.o
    0x08000168   0x08000168   0x00000020   Code   RO         2464    .text               mc_w.l(llushr.o)
    0x08000188   0x08000188   0x00000024   Code   RO         2466    .text               mc_w.l(memseta.o)
    0x080001ac   0x080001ac   0x000000b0   Code   RO         2468    .text               mf_w.l(fadd.o)
    0x0800025c   0x0800025c   0x0000014e   Code   RO         2470    .text               mf_w.l(dadd.o)
    0x080003aa   0x080003aa   0x00000026   Code   RO         2472    .text               mf_w.l(f2d.o)
    0x080003d0   0x080003d0   0x00000038   Code   RO         2474    .text               mf_w.l(d2f.o)
    0x08000408   0x08000408   0x0000001e   Code   RO         2504    .text               mc_w.l(llshl.o)
    0x08000426   0x08000426   0x00000024   Code   RO         2506    .text               mc_w.l(llsshr.o)
    0x0800044a   0x0800044a   0x00000000   Code   RO         2515    .text               mc_w.l(iusefp.o)
    0x0800044a   0x0800044a   0x0000006e   Code   RO         2516    .text               mf_w.l(fepilogue.o)
    0x080004b8   0x080004b8   0x000000ba   Code   RO         2518    .text               mf_w.l(depilogue.o)
    0x08000572   0x08000572   0x00000086   Code   RO         2520    .text               mf_w.l(drem.o)
    0x080005f8   0x080005f8   0x00000024   Code   RO         2522    .text               mc_w.l(init.o)
    0x0800061c   0x0800061c   0x000000de   Code   RO         2526    .text               mf_w.l(ddiv.o)
    0x080006fa   0x080006fa   0x00000002   Code   RO          229    i.BusFault_Handler  stm32f1xx_it.o
    0x080006fc   0x080006fc   0x00000002   Code   RO          230    i.DebugMon_Handler  stm32f1xx_it.o
    0x080006fe   0x080006fe   0x00000002   Code   RO           13    i.Error_Handler     main.o
    0x08000700   0x08000700   0x000001f8   Code   RO         1758    i.HAL_GPIO_Init     stm32f1xx_hal_gpio.o
    0x080008f8   0x080008f8   0x0000000a   Code   RO         1762    i.HAL_GPIO_WritePin  stm32f1xx_hal_gpio.o
    0x08000902   0x08000902   0x00000002   PAD
    0x08000904   0x08000904   0x0000000c   Code   RO         1454    i.HAL_GetTick       stm32f1xx_hal.o
    0x08000910   0x08000910   0x00000010   Code   RO         1460    i.HAL_IncTick       stm32f1xx_hal.o
    0x08000920   0x08000920   0x00000024   Code   RO         1461    i.HAL_Init          stm32f1xx_hal.o
    0x08000944   0x08000944   0x00000040   Code   RO         1462    i.HAL_InitTick      stm32f1xx_hal.o
    0x08000984   0x08000984   0x0000003c   Code   RO          320    i.HAL_MspInit       stm32f1xx_hal_msp.o
    0x080009c0   0x080009c0   0x0000001a   Code   RO         1918    i.HAL_NVIC_EnableIRQ  stm32f1xx_hal_cortex.o
    0x080009da   0x080009da   0x00000002   PAD
    0x080009dc   0x080009dc   0x00000040   Code   RO         1924    i.HAL_NVIC_SetPriority  stm32f1xx_hal_cortex.o
    0x08000a1c   0x08000a1c   0x00000024   Code   RO         1925    i.HAL_NVIC_SetPriorityGrouping  stm32f1xx_hal_cortex.o
    0x08000a40   0x08000a40   0x0000012c   Code   RO         1618    i.HAL_RCC_ClockConfig  stm32f1xx_hal_rcc.o
    0x08000b6c   0x08000b6c   0x0000006c   Code   RO         1627    i.HAL_RCC_GetSysClockFreq  stm32f1xx_hal_rcc.o
    0x08000bd8   0x08000bd8   0x00000320   Code   RO         1630    i.HAL_RCC_OscConfig  stm32f1xx_hal_rcc.o
    0x08000ef8   0x08000ef8   0x00000028   Code   RO         1929    i.HAL_SYSTICK_Config  stm32f1xx_hal_cortex.o
    0x08000f20   0x08000f20   0x00000002   Code   RO         1176    i.HAL_TIMEx_BreakCallback  stm32f1xx_hal_tim_ex.o
    0x08000f22   0x08000f22   0x00000002   Code   RO         1177    i.HAL_TIMEx_CommutCallback  stm32f1xx_hal_tim_ex.o
    0x08000f24   0x08000f24   0x0000007c   Code   RO         1195    i.HAL_TIMEx_MasterConfigSynchronization  stm32f1xx_hal_tim_ex.o
    0x08000fa0   0x08000fa0   0x00000006   Code   RO          471    i.HAL_TIM_Base_GetState  stm32f1xx_hal_tim.o
    0x08000fa6   0x08000fa6   0x0000005a   Code   RO          472    i.HAL_TIM_Base_Init  stm32f1xx_hal_tim.o
    0x08001000   0x08001000   0x00000064   Code   RO          176    i.HAL_TIM_Base_MspInit  tim.o
    0x08001064   0x08001064   0x0000006c   Code   RO          477    i.HAL_TIM_Base_Start_IT  stm32f1xx_hal_tim.o
    0x080010d0   0x080010d0   0x00000030   Code   RO          480    i.HAL_TIM_Base_Stop_IT  stm32f1xx_hal_tim.o
    0x08001100   0x08001100   0x000000d6   Code   RO          481    i.HAL_TIM_ConfigClockSource  stm32f1xx_hal_tim.o
    0x080011d6   0x080011d6   0x00000002   Code   RO          506    i.HAL_TIM_IC_CaptureCallback  stm32f1xx_hal_tim.o
    0x080011d8   0x080011d8   0x00000166   Code   RO          520    i.HAL_TIM_IRQHandler  stm32f1xx_hal_tim.o
    0x0800133e   0x0800133e   0x00000002   PAD
    0x08001340   0x08001340   0x0000004c   Code   RO          177    i.HAL_TIM_MspPostInit  tim.o
    0x0800138c   0x0800138c   0x00000002   Code   RO          523    i.HAL_TIM_OC_DelayElapsedCallback  stm32f1xx_hal_tim.o
    0x0800138e   0x0800138e   0x000000c6   Code   RO          544    i.HAL_TIM_PWM_ConfigChannel  stm32f1xx_hal_tim.o
    0x08001454   0x08001454   0x0000005a   Code   RO          547    i.HAL_TIM_PWM_Init  stm32f1xx_hal_tim.o
    0x080014ae   0x080014ae   0x00000002   Code   RO          549    i.HAL_TIM_PWM_MspInit  stm32f1xx_hal_tim.o
    0x080014b0   0x080014b0   0x00000002   Code   RO          550    i.HAL_TIM_PWM_PulseFinishedCallback  stm32f1xx_hal_tim.o
    0x080014b2   0x080014b2   0x00000002   PAD
    0x080014b4   0x080014b4   0x000000b4   Code   RO          552    i.HAL_TIM_PWM_Start  stm32f1xx_hal_tim.o
    0x08001568   0x08001568   0x0000007c   Code   RO          555    i.HAL_TIM_PWM_Stop  stm32f1xx_hal_tim.o
    0x080015e4   0x080015e4   0x0000007c   Code   RO          391    i.HAL_TIM_PeriodElapsedCallback  steppermotor.o
    0x08001660   0x08001660   0x00000002   Code   RO          563    i.HAL_TIM_TriggerCallback  stm32f1xx_hal_tim.o
    0x08001662   0x08001662   0x00000002   Code   RO          231    i.HardFault_Handler  stm32f1xx_it.o
    0x08001664   0x08001664   0x0000005c   Code   RO          151    i.MX_GPIO_Init      gpio.o
    0x080016c0   0x080016c0   0x000000ac   Code   RO          178    i.MX_TIM3_Init      tim.o
    0x0800176c   0x0800176c   0x00000068   Code   RO          179    i.MX_TIM4_Init      tim.o
    0x080017d4   0x080017d4   0x00000002   Code   RO          232    i.MemManage_Handler  stm32f1xx_it.o
    0x080017d6   0x080017d6   0x00000002   Code   RO          233    i.NMI_Handler       stm32f1xx_it.o
    0x080017d8   0x080017d8   0x00000002   Code   RO          234    i.PendSV_Handler    stm32f1xx_it.o
    0x080017da   0x080017da   0x00000002   Code   RO          235    i.SVC_Handler       stm32f1xx_it.o
    0x080017dc   0x080017dc   0x00000090   Code   RO          392    i.Stepper_setAngle  steppermotor.o
    0x0800186c   0x0800186c   0x00000014   Code   RO          393    i.Stepper_setInfo   steppermotor.o
    0x08001880   0x08001880   0x00000004   Code   RO          236    i.SysTick_Handler   stm32f1xx_it.o
    0x08001884   0x08001884   0x0000004e   Code   RO           14    i.SystemClock_Config  main.o
    0x080018d2   0x080018d2   0x00000002   Code   RO         2419    i.SystemInit        system_stm32f1xx.o
    0x080018d4   0x080018d4   0x0000000c   Code   RO          237    i.TIM3_IRQHandler   stm32f1xx_it.o
    0x080018e0   0x080018e0   0x00000024   Code   RO          238    i.TIM4_IRQHandler   stm32f1xx_it.o
    0x08001904   0x08001904   0x0000008c   Code   RO          565    i.TIM_Base_SetConfig  stm32f1xx_hal_tim.o
    0x08001990   0x08001990   0x0000001a   Code   RO          566    i.TIM_CCxChannelCmd  stm32f1xx_hal_tim.o
    0x080019aa   0x080019aa   0x00000014   Code   RO          576    i.TIM_ETR_SetConfig  stm32f1xx_hal_tim.o
    0x080019be   0x080019be   0x00000010   Code   RO          577    i.TIM_ITRx_SetConfig  stm32f1xx_hal_tim.o
    0x080019ce   0x080019ce   0x00000002   PAD
    0x080019d0   0x080019d0   0x00000060   Code   RO          578    i.TIM_OC1_SetConfig  stm32f1xx_hal_tim.o
    0x08001a30   0x08001a30   0x0000006c   Code   RO          579    i.TIM_OC2_SetConfig  stm32f1xx_hal_tim.o
    0x08001a9c   0x08001a9c   0x00000068   Code   RO          580    i.TIM_OC3_SetConfig  stm32f1xx_hal_tim.o
    0x08001b04   0x08001b04   0x00000050   Code   RO          581    i.TIM_OC4_SetConfig  stm32f1xx_hal_tim.o
    0x08001b54   0x08001b54   0x00000022   Code   RO          583    i.TIM_TI1_ConfigInputStage  stm32f1xx_hal_tim.o
    0x08001b76   0x08001b76   0x00000024   Code   RO          585    i.TIM_TI2_ConfigInputStage  stm32f1xx_hal_tim.o
    0x08001b9a   0x08001b9a   0x00000002   Code   RO          239    i.UsageFault_Handler  stm32f1xx_it.o
    0x08001b9c   0x08001b9c   0x00000020   Code   RO         1931    i.__NVIC_SetPriority  stm32f1xx_hal_cortex.o
    0x08001bbc   0x08001bbc   0x0000000c   Code   RO         2479    i.__mathlib_dbl_invalid  m_ws.l(dunder.o)
    0x08001bc8   0x08001bc8   0x0000000e   Code   RO         2532    i.__scatterload_copy  mc_w.l(handlers.o)
    0x08001bd6   0x08001bd6   0x00000002   Code   RO         2533    i.__scatterload_null  mc_w.l(handlers.o)
    0x08001bd8   0x08001bd8   0x0000000e   Code   RO         2534    i.__scatterload_zeroinit  mc_w.l(handlers.o)
    0x08001be6   0x08001be6   0x00000002   PAD
    0x08001be8   0x08001be8   0x0000000c   Code   RO         2510    i.__set_errno       mc_w.l(errno.o)
    0x08001bf4   0x08001bf4   0x00000094   Code   RO         2454    i.fmod              m_ws.l(fmod.o)
    0x08001c88   0x08001c88   0x00000070   Code   RO           15    i.main              main.o
    0x08001cf8   0x08001cf8   0x00000010   Data   RO         2420    .constdata          system_stm32f1xx.o
    0x08001d08   0x08001d08   0x00000020   Data   RO         2530    Region$$Table       anon$$obj.o


    Execution Region RW_IRAM1 (Exec base: 0x20000000, Load base: 0x08001d28, Size: 0x000004b8, Max: 0x00010000, ABSOLUTE)

    Exec Addr    Load Addr    Size         Type   Attr      Idx    E Section Name        Object

    0x20000000   0x08001d28   0x0000000c   Data   RW         1468    .data               stm32f1xx_hal.o
    0x2000000c   0x08001d34   0x00000004   Data   RW         2422    .data               system_stm32f1xx.o
    0x20000010   0x08001d38   0x00000004   Data   RW         2511    .data               mc_w.l(errno.o)
    0x20000014        -       0x00000090   Zero   RW          180    .bss                tim.o
    0x200000a4        -       0x00000014   Zero   RW          394    .bss                steppermotor.o
    0x200000b8        -       0x00000400   Zero   RW            1    STACK               startup_stm32f103xe.o


==============================================================================

Image component sizes


      Code (inc. data)   RO Data    RW Data    ZI Data      Debug   Object Name

        92         10          0          0          0        811   gpio.o
       192         14          0          0          0     478996   main.o
        36          8        304          0       1024        788   startup_stm32f103xe.o
       288         64          0          0         20       2288   steppermotor.o
       128         24          0         12          0       5801   stm32f1xx_hal.o
       198         14          0          0          0      28863   stm32f1xx_hal_cortex.o
       514         42          0          0          0       2864   stm32f1xx_hal_gpio.o
        60          8          0          0          0        818   stm32f1xx_hal_msp.o
      1208         76          0          0          0       4014   stm32f1xx_hal_rcc.o
      2086        106          0          0          0      17600   stm32f1xx_hal_tim.o
       128         20          0          0          0       2321   stm32f1xx_hal_tim_ex.o
        68         14          0          0          0       4546   stm32f1xx_it.o
         2          0         16          4          0       1051   system_stm32f1xx.o
       452         46          0          0        144       2893   tim.o

    ----------------------------------------------------------------------
      5462        446        352         16       1188     553654   Object Totals
         0          0         32          0          0          0   (incl. Generated)
        10          0          0          0          0          0   (incl. Padding)

    ----------------------------------------------------------------------

      Code (inc. data)   RO Data    RW Data    ZI Data      Debug   Library Member Name

        12          0          0          0          0         68   dunder.o
       148          4          0          0          0         88   fmod.o
         0          0          0          0          0          0   entry.o
         0          0          0          0          0          0   entry10a.o
         0          0          0          0          0          0   entry11a.o
         8          4          0          0          0          0   entry2.o
         4          0          0          0          0          0   entry5.o
         0          0          0          0          0          0   entry7b.o
         0          0          0          0          0          0   entry8b.o
         8          4          0          0          0          0   entry9a.o
        12          6          0          4          0         68   errno.o
        30          0          0          0          0          0   handlers.o
        36          8          0          0          0         68   init.o
         0          0          0          0          0          0   iusefp.o
        30          0          0          0          0         68   llshl.o
        36          0          0          0          0         68   llsshr.o
        32          0          0          0          0         68   llushr.o
        36          0          0          0          0        108   memseta.o
        56          0          0          0          0         88   d2f.o
       334          0          0          0          0        148   dadd.o
       222          0          0          0          0        100   ddiv.o
       186          0          0          0          0        176   depilogue.o
       134          0          0          0          0         96   drem.o
        38          0          0          0          0         68   f2d.o
       176          0          0          0          0        140   fadd.o
       110          0          0          0          0        168   fepilogue.o

    ----------------------------------------------------------------------
      1650         26          0          4          0       1588   Library Totals
         2          0          0          0          0          0   (incl. Padding)

    ----------------------------------------------------------------------

      Code (inc. data)   RO Data    RW Data    ZI Data      Debug   Library Name

       160          4          0          0          0        156   m_ws.l
       232         22          0          4          0        448   mc_w.l
      1256          0          0          0          0        984   mf_w.l

    ----------------------------------------------------------------------
      1650         26          0          4          0       1588   Library Totals

    ----------------------------------------------------------------------

==============================================================================


      Code (inc. data)   RO Data    RW Data    ZI Data      Debug   

      7112        472        352         20       1188     551442   Grand Totals
      7112        472        352         20       1188     551442   ELF Image Totals
      7112        472        352         20          0          0   ROM Totals

==============================================================================

    Total RO  Size (Code + RO Data)                 7464 (   7.29kB)
    Total RW  Size (RW Data + ZI Data)              1208 (   1.18kB)
    Total ROM Size (Code + RO Data + RW Data)       7484 (   7.31kB)

==============================================================================

