Component: ARM Compiler 5.06 update 6 (build 750) Tool: armlink [4d35ed]

==============================================================================

Section Cross References

    startup_stm32f427xx.o(RESET) refers to startup_stm32f427xx.o(STACK) for __initial_sp
    startup_stm32f427xx.o(RESET) refers to startup_stm32f427xx.o(.text) for Reset_Handler
    startup_stm32f427xx.o(RESET) refers to stm32f4xx_it.o(i.NMI_Handler) for NMI_Handler
    startup_stm32f427xx.o(RESET) refers to stm32f4xx_it.o(i.HardFault_Handler) for HardFault_Handler
    startup_stm32f427xx.o(RESET) refers to stm32f4xx_it.o(i.MemManage_Handler) for MemManage_Handler
    startup_stm32f427xx.o(RESET) refers to stm32f4xx_it.o(i.BusFault_Handler) for BusFault_Handler
    startup_stm32f427xx.o(RESET) refers to stm32f4xx_it.o(i.UsageFault_Handler) for UsageFault_Handler
    startup_stm32f427xx.o(RESET) refers to stm32f4xx_it.o(i.SVC_Handler) for SVC_Handler
    startup_stm32f427xx.o(RESET) refers to stm32f4xx_it.o(i.DebugMon_Handler) for DebugMon_Handler
    startup_stm32f427xx.o(RESET) refers to stm32f4xx_it.o(i.PendSV_Handler) for PendSV_Handler
    startup_stm32f427xx.o(RESET) refers to stm32f4xx_it.o(i.SysTick_Handler) for SysTick_Handler
    startup_stm32f427xx.o(RESET) refers to stm32f4xx_it.o(i.CAN1_RX0_IRQHandler) for CAN1_RX0_IRQHandler
    startup_stm32f427xx.o(RESET) refers to stm32f4xx_it.o(i.TIM1_UP_TIM10_IRQHandler) for TIM1_UP_TIM10_IRQHandler
    startup_stm32f427xx.o(RESET) refers to stm32f4xx_it.o(i.TIM2_IRQHandler) for TIM2_IRQHandler
    startup_stm32f427xx.o(RESET) refers to stm32f4xx_it.o(i.TIM4_IRQHandler) for TIM4_IRQHandler
    startup_stm32f427xx.o(RESET) refers to stm32f4xx_it.o(i.USART1_IRQHandler) for USART1_IRQHandler
    startup_stm32f427xx.o(RESET) refers to stm32f4xx_it.o(i.TIM5_IRQHandler) for TIM5_IRQHandler
    startup_stm32f427xx.o(RESET) refers to stm32f4xx_it.o(i.DMA2_Stream1_IRQHandler) for DMA2_Stream1_IRQHandler
    startup_stm32f427xx.o(RESET) refers to stm32f4xx_it.o(i.DMA2_Stream2_IRQHandler) for DMA2_Stream2_IRQHandler
    startup_stm32f427xx.o(RESET) refers to stm32f4xx_it.o(i.DMA2_Stream6_IRQHandler) for DMA2_Stream6_IRQHandler
    startup_stm32f427xx.o(RESET) refers to stm32f4xx_it.o(i.DMA2_Stream7_IRQHandler) for DMA2_Stream7_IRQHandler
    startup_stm32f427xx.o(RESET) refers to stm32f4xx_it.o(i.USART6_IRQHandler) for USART6_IRQHandler
    startup_stm32f427xx.o(.text) refers to system_stm32f4xx.o(i.SystemInit) for SystemInit
    startup_stm32f427xx.o(.text) refers to entry.o(.ARM.Collect$$$$00000000) for __main
    main.o(i.SystemClock_Config) refers to memseta.o(.text) for __aeabi_memclr4
    main.o(i.SystemClock_Config) refers to stm32f4xx_hal_rcc.o(i.HAL_RCC_OscConfig) for HAL_RCC_OscConfig
    main.o(i.SystemClock_Config) refers to stm32f4xx_hal_rcc.o(i.HAL_RCC_ClockConfig) for HAL_RCC_ClockConfig
    main.o(i.main) refers to stm32f4xx_hal.o(i.HAL_Init) for HAL_Init
    main.o(i.main) refers to main.o(i.SystemClock_Config) for SystemClock_Config
    main.o(i.main) refers to gpio.o(i.MX_GPIO_Init) for MX_GPIO_Init
    main.o(i.main) refers to dma.o(i.MX_DMA_Init) for MX_DMA_Init
    main.o(i.main) refers to can.o(i.MX_CAN1_Init) for MX_CAN1_Init
    main.o(i.main) refers to tim.o(i.MX_TIM1_Init) for MX_TIM1_Init
    main.o(i.main) refers to usart.o(i.MX_USART6_UART_Init) for MX_USART6_UART_Init
    main.o(i.main) refers to tim.o(i.MX_TIM2_Init) for MX_TIM2_Init
    main.o(i.main) refers to usart.o(i.MX_USART1_UART_Init) for MX_USART1_UART_Init
    main.o(i.main) refers to tim.o(i.MX_TIM4_Init) for MX_TIM4_Init
    main.o(i.main) refers to tim.o(i.MX_TIM5_Init) for MX_TIM5_Init
    main.o(i.main) refers to memcpya.o(.text) for __aeabi_memcpy4
    main.o(i.main) refers to peripherals_can.o(i.can_filter_init) for can_filter_init
    main.o(i.main) refers to stm32f4xx_hal_can.o(i.HAL_CAN_Start) for HAL_CAN_Start
    main.o(i.main) refers to stm32f4xx_hal_tim.o(i.HAL_TIM_Base_Init) for HAL_TIM_Base_Init
    main.o(i.main) refers to stm32f4xx_hal_tim.o(i.HAL_TIM_Base_Start_IT) for HAL_TIM_Base_Start_IT
    main.o(i.main) refers to stm32f4xx_hal_tim.o(i.HAL_TIM_PWM_Start) for HAL_TIM_PWM_Start
    main.o(i.main) refers to steppermotor.o(i.Stepper_setInfo) for Stepper_setInfo
    main.o(i.main) refers to myaon.o(i.Ano_Init) for Ano_Init
    main.o(i.main) refers to dr16_recive.o(i.usart1_dr16_init) for usart1_dr16_init
    main.o(i.main) refers to peripherals_can.o(.bss) for CAN_FilterConfigStructure
    main.o(i.main) refers to can.o(.bss) for hcan1
    main.o(i.main) refers to usart.o(.bss) for huart6
    main.o(i.main) refers to tim.o(.bss) for htim1
    gpio.o(i.MX_GPIO_Init) refers to memseta.o(.text) for __aeabi_memclr4
    gpio.o(i.MX_GPIO_Init) refers to stm32f4xx_hal_gpio.o(i.HAL_GPIO_WritePin) for HAL_GPIO_WritePin
    gpio.o(i.MX_GPIO_Init) refers to stm32f4xx_hal_gpio.o(i.HAL_GPIO_Init) for HAL_GPIO_Init
[...]
    Removing peripherals_can.o(.data), (4 bytes).
    Removing pid.o(.rev16_text), (4 bytes).
    Removing pid.o(.revsh_text), (4 bytes).
    Removing pid.o(.rrx_text), (6 bytes).
    Removing pid.o(i.Motor_para_Init), (100 bytes).
    Removing pid.o(i.Position_PID), (122 bytes).
    Removing pid.o(i.Zero_Treated), (80 bytes).
    Removing pid.o(.data), (12 bytes).
    Removing steppermotor.o(.rev16_text), (4 bytes).
    Removing steppermotor.o(.revsh_text), (4 bytes).
    Removing steppermotor.o(.rrx_text), (6 bytes).
    Removing steppermotor.o(i.Stepper_setAngle), (180 bytes).
    Removing myaon.o(.rev16_text), (4 bytes).
    Removing myaon.o(.revsh_text), (4 bytes).
    Removing myaon.o(.rrx_text), (6 bytes).
    Removing myaon.o(i.Ano_DataAnalysis), (156 bytes).
    Removing myaon.o(i.Ano_SendMdata), (56 bytes).
    Removing myaon.o(i.Ano_SendString), (42 bytes).
    Removing myaon.o(i.Ano_SendStringVal), (44 bytes).
    Removing myaon.o(i.Ano_Set_Mdata), (44 bytes).
    Removing myaon.o(i.Ano_Show_Cos), (60 bytes).
    Removing myaon.o(i.Ano_Show_SQU), (36 bytes).
    Removing myaon.o(i.Ano_Show_Sin), (60 bytes).
    Removing myaon.o(i.Receive_CheckData), (56 bytes).
    Removing myaon.o(i.SendCheckAnalysis), (48 bytes).
    Removing myaon.o(i.Show_Test), (164 bytes).
    Removing dr16_recive.o(.rev16_text), (4 bytes).
    Removing dr16_recive.o(.revsh_text), (4 bytes).
    Removing dr16_recive.o(.rrx_text), (6 bytes).
    Removing dr16_recive.o(.bss), (50 bytes).
    Removing debug_datascope.o(.rev16_text), (4 bytes).
    Removing debug_datascope.o(.revsh_text), (4 bytes).
    Removing debug_datascope.o(.rrx_text), (6 bytes).
    Removing debug_datascope.o(i.DataScope_Data_Generate), (128 bytes).
    Removing debug_datascope.o(i.Debug_addData), (88 bytes).
    Removing debug_datascope.o(i.Debug_show), (52 bytes).
    Removing debug_datascope.o(i.Float2Byte), (20 bytes).
    Removing debug_datascope.o(.bss), (42 bytes).
    Removing debug_datascope.o(.data), (4 bytes).
    Removing dmul.o(.text), (228 bytes).
    Removing dfixi.o(.text), (62 bytes).
    Removing dneg.o(.text), (6 bytes).
    Removing drem.o(.text), (134 bytes).
    Removing ddiv.o(.text), (222 bytes).
    Removing dflti.o(.text), (34 bytes).
    Removing dfltui.o(.text), (26 bytes).

473 unused section(s) (total 27516 bytes) removed from the image.

==============================================================================

Image Symbol Table

    Local Symbols

    Symbol Name                              Value     Ov Type        Size  Object(Section)

    ../Core/Src/can.c                        0x00000000   Number         0  can.o ABSOLUTE
    ../Core/Src/dma.c                        0x00000000   Number         0  dma.o ABSOLUTE
    ../Core/Src/gpio.c                       0x00000000   Number         0  gpio.o ABSOLUTE
    ../Core/Src/main.c                       0x00000000   Number         0  main.o ABSOLUTE
    ../Core/Src/stm32f4xx_hal_msp.c          0x00000000   Number         0  stm32f4xx_hal_msp.o ABSOLUTE
    ../Core/Src/stm32f4xx_it.c               0x00000000   Number         0  stm32f4xx_it.o ABSOLUTE
    ../Core/Src/system_stm32f4xx.c           0x00000000   Number         0  system_stm32f4xx.o ABSOLUTE
    ../Core/Src/tim.c                        0x00000000   Number         0  tim.o ABSOLUTE
    ../Core/Src/usart.c                      0x00000000   Number         0  usart.o ABSOLUTE
    ../Drivers/STM32F4xx_HAL_Driver/Src/stm32f4xx_hal.c 0x00000000   Number         0  stm32f4xx_hal.o ABSOLUTE
    ../Drivers/STM32F4xx_HAL_Driver/Src/stm32f4xx_hal_can.c 0x00000000   Number         0  stm32f4xx_hal_can.o ABSOLUTE
    ../Drivers/STM32F4xx_HAL_Driver/Src/stm32f4xx_hal_cortex.c 0x00000000   Number         0  stm32f4xx_hal_cortex.o ABSOLUTE
    ../Drivers/STM32F4xx_HAL_Driver/Src/stm32f4xx_hal_dma.c 0x00000000   Number         0  stm32f4xx_hal_dma.o ABSOLUTE
    ../Drivers/STM32F4xx_HAL_Driver/Src/stm32f4xx_hal_dma_ex.c 0x00000000   Number         0  stm32f4xx_hal_dma_ex.o ABSOLUTE
    ../Drivers/STM32F4xx_HAL_Driver/Src/stm32f4xx_hal_exti.c 0x00000000   Number         0  stm32f4xx_hal_exti.o ABSOLUTE
    ../Drivers/STM32F4xx_HAL_Driver/Src/stm32f4xx_hal_flash.c 0x00000000   Number         0  stm32f4xx_hal_flash.o ABSOLUTE
    ../Drivers/STM32F4xx_HAL_Driver/Src/stm32f4xx_hal_flash_ex.c 0x00000000   Number         0  stm32f4xx_hal_flash_ex.o ABSOLUTE
    ../Drivers/STM32F4xx_HAL_Driver/Src/stm32f4xx_hal_flash_ramfunc.c 0x00000000   Number         0  stm32f4xx_hal_flash_ramfunc.o ABSOLUTE
    ../Drivers/STM32F4xx_HAL_Driver/Src/stm32f4xx_hal_gpio.c 0x00000000   Number         0  stm32f4xx_hal_gpio.o ABSOLUTE
    ../Drivers/STM32F4xx_HAL_Driver/Src/stm32f4xx_hal_pwr.c 0x00000000   Number         0  stm32f4xx_hal_pwr.o ABSOLUTE
    ../Drivers/STM32F4xx_HAL_Driver/Src/stm32f4xx_hal_pwr_ex.c 0x00000000   Number         0  stm32f4xx_hal_pwr_ex.o ABSOLUTE
    ../Drivers/STM32F4xx_HAL_Driver/Src/stm32f4xx_hal_rcc.c 0x00000000   Number         0  stm32f4xx_hal_rcc.o ABSOLUTE
    ../Drivers/STM32F4xx_HAL_Driver/Src/stm32f4xx_hal_rcc_ex.c 0x00000000   Number         0  stm32f4xx_hal_rcc_ex.o ABSOLUTE
    ../Drivers/STM32F4xx_HAL_Driver/Src/stm32f4xx_hal_tim.c 0x00000000   Number         0  stm32f4xx_hal_tim.o ABSOLUTE
    ../Drivers/STM32F4xx_HAL_Driver/Src/stm32f4xx_hal_tim_ex.c 0x00000000   Number         0  stm32f4xx_hal_tim_ex.o ABSOLUTE
    ../Drivers/STM32F4xx_HAL_Driver/Src/stm32f4xx_hal_uart.c 0x00000000   Number         0  stm32f4xx_hal_uart.o ABSOLUTE
    ../clib/microlib/division.c              0x00000000   Number         0  uldiv.o ABSOLUTE
    ../clib/microlib/errno.c                 0x00000000   Number         0  errno.o ABSOLUTE
    ../clib/microlib/init/entry.s            0x00000000   Number         0  entry11b.o ABSOLUTE
    ../clib/microlib/init/entry.s            0x00000000   Number         0  entry7b.o ABSOLUTE
    ../clib/microlib/init/entry.s            0x00000000   Number         0  entry11a.o ABSOLUTE
    ../clib/microlib/init/entry.s            0x00000000   Number         0  entry7a.o ABSOLUTE
    ../clib/microlib/init/entry.s            0x00000000   Number         0  entry10a.o ABSOLUTE
    ../clib/microlib/init/entry.s            0x00000000   Number         0  entry5.o ABSOLUTE
    ../clib/microlib/init/entry.s            0x00000000   Number         0  entry.o ABSOLUTE
    ../clib/microlib/init/entry.s            0x00000000   Number         0  entry9b.o ABSOLUTE
    ../clib/microlib/init/entry.s            0x00000000   Number         0  entry9a.o ABSOLUTE
    ../clib/microlib/init/entry.s            0x00000000   Number         0  entry8b.o ABSOLUTE
    ../clib/microlib/init/entry.s            0x00000000   Number         0  entry2.o ABSOLUTE
    ../clib/microlib/init/entry.s            0x00000000   Number         0  entry10b.o ABSOLUTE
    ../clib/microlib/init/entry.s            0x00000000   Number         0  entry8a.o ABSOLUTE
    ../clib/microlib/longlong.c              0x00000000   Number         0  llsshr.o ABSOLUTE
    ../clib/microlib/longlong.c              0x00000000   Number         0  llushr.o ABSOLUTE
    ../clib/microlib/longlong.c              0x00000000   Number         0  llshl.o ABSOLUTE
    ../clib/microlib/string/memcpy.c         0x00000000   Number         0  memcpya.o ABSOLUTE
    ../clib/microlib/string/memcpy.c         0x00000000   Number         0  memcpyb.o ABSOLUTE
    ../clib/microlib/string/memset.c         0x00000000   Number         0  memseta.o ABSOLUTE
    ../clib/microlib/stubs.s                 0x00000000   Number         0  iusefp.o ABSOLUTE
    ../clib/microlib/stubs.s                 0x00000000   Number         0  useno.o ABSOLUTE
    ../fplib/microlib/d2f.c                  0x00000000   Number         0  d2f.o ABSOLUTE
    ../fplib/microlib/f2d.c                  0x00000000   Number         0  f2d.o ABSOLUTE
    ../fplib/microlib/fpadd.c                0x00000000   Number         0  dadd.o ABSOLUTE
    ../fplib/microlib/fpdiv.c                0x00000000   Number         0  ddiv.o ABSOLUTE
    ../fplib/microlib/fpepilogue.c           0x00000000   Number         0  fepilogue.o ABSOLUTE
    ../fplib/microlib/fpepilogue.c           0x00000000   Number         0  depilogue.o ABSOLUTE
    ../fplib/microlib/fpfix.c                0x00000000   Number         0  dfixi.o ABSOLUTE
    ../fplib/microlib/fpflt.c                0x00000000   Number         0  dflti.o ABSOLUTE
    ../fplib/microlib/fpflt.c                0x00000000   Number         0  dfltui.o ABSOLUTE
    ../fplib/microlib/fpmul.c                0x00000000   Number         0  dmul.o ABSOLUTE
    ../fplib/microlib/fpneg.c                0x00000000   Number         0  dneg.o ABSOLUTE
    ../fplib/microlib/fprem.c                0x00000000   Number         0  drem.o ABSOLUTE
    ../mathlib/cos.c                         0x00000000   Number         0  cos.o ABSOLUTE
    ../mathlib/cos.c                         0x00000000   Number         0  cos_x.o ABSOLUTE
    ../mathlib/cos_i.c                       0x00000000   Number         0  cos_i.o ABSOLUTE
    ../mathlib/dunder.c                      0x00000000   Number         0  dunder.o ABSOLUTE
    ../mathlib/fabs.c                        0x00000000   Number         0  fabs.o ABSOLUTE
    ../mathlib/fmod.c                        0x00000000   Number         0  fmod_x.o ABSOLUTE
    ../mathlib/fmod.c                        0x00000000   Number         0  fmod.o ABSOLUTE
    ../mathlib/fpclassify.c                  0x00000000   Number         0  fpclassify.o ABSOLUTE
    ../mathlib/poly.c                        0x00000000   Number         0  poly.o ABSOLUTE
    ../mathlib/rred.c                        0x00000000   Number         0  rred.o ABSOLUTE
    ../mathlib/sin.c                         0x00000000   Number         0  sin.o ABSOLUTE
    ../mathlib/sin.c                         0x00000000   Number         0  sin_x.o ABSOLUTE
    ../mathlib/sin_i.c                       0x00000000   Number         0  sin_i_x.o ABSOLUTE
    ../mathlib/sin_i.c                       0x00000000   Number         0  sin_i.o ABSOLUTE
    ..\ANO\MyAon.c                           0x00000000   Number         0  myaon.o ABSOLUTE
    ..\Algorithm\pid.c                       0x00000000   Number         0  pid.o ABSOLUTE
    ..\Basis\Peripherals_can.c               0x00000000   Number         0  peripherals_can.o ABSOLUTE
    ..\Core\Src\can.c                        0x00000000   Number         0  can.o ABSOLUTE
    ..\Core\Src\dma.c                        0x00000000   Number         0  dma.o ABSOLUTE
    ..\Core\Src\gpio.c                       0x00000000   Number         0  gpio.o ABSOLUTE
    ..\Core\Src\main.c                       0x00000000   Number         0  main.o ABSOLUTE
    ..\Core\Src\stm32f4xx_hal_msp.c          0x00000000   Number         0  stm32f4xx_hal_msp.o ABSOLUTE
    ..\Core\Src\stm32f4xx_it.c               0x00000000   Number         0  stm32f4xx_it.o ABSOLUTE
    ..\Core\Src\system_stm32f4xx.c           0x00000000   Number         0  system_stm32f4xx.o ABSOLUTE
    ..\Core\Src\tim.c                        0x00000000   Number         0  tim.o ABSOLUTE
    ..\Core\Src\usart.c                      0x00000000   Number         0  usart.o ABSOLUTE
    ..\DR16\DR16_RECIVE.c                    0x00000000   Number         0  dr16_recive.o ABSOLUTE
    ..\Debug_DataScope\Debug_DataScope.C     0x00000000   Number         0  debug_datascope.o ABSOLUTE
    ..\Drivers\STM32F4xx_HAL_Driver\Src\stm32f4xx_hal.c 0x00000000   Number         0  stm32f4xx_hal.o ABSOLUTE
    ..\Drivers\STM32F4xx_HAL_Driver\Src\stm32f4xx_hal_can.c 0x00000000   Number         0  stm32f4xx_hal_can.o ABSOLUTE
    ..\Drivers\STM32F4xx_HAL_Driver\Src\stm32f4xx_hal_cortex.c 0x00000000   Number         0  stm32f4xx_hal_cortex.o ABSOLUTE
    ..\Drivers\STM32F4xx_HAL_Driver\Src\stm32f4xx_hal_dma.c 0x00000000   Number         0  stm32f4xx_hal_dma.o ABSOLUTE
    ..\Drivers\STM32F4xx_HAL_Driver\Src\stm32f4xx_hal_dma_ex.c 0x00000000   Number         0  stm32f4xx_hal_dma_ex.o ABSOLUTE
    ..\Drivers\STM32F4xx_HAL_Driver\Src\stm32f4xx_hal_exti.c 0x00000000   Number         0  stm32f4xx_hal_exti.o ABSOLUTE
    ..\Drivers\STM32F4xx_HAL_Driver\Src\stm32f4xx_hal_flash.c 0x00000000   Number         0  stm32f4xx_hal_flash.o ABSOLUTE
    ..\Drivers\STM32F4xx_HAL_Driver\Src\stm32f4xx_hal_flash_ex.c 0x00000000   Number         0  stm32f4xx_hal_flash_ex.o ABSOLUTE
    ..\Drivers\STM32F4xx_HAL_Driver\Src\stm32f4xx_hal_flash_ramfunc.c 0x00000000   Number         0  stm32f4xx_hal_flash_ramfunc.o ABSOLUTE
    ..\Drivers\STM32F4xx_HAL_Driver\Src\stm32f4xx_hal_gpio.c 0x00000000   Number         0  stm32f4xx_hal_gpio.o ABSOLUTE
    ..\Drivers\STM32F4xx_HAL_Driver\Src\stm32f4xx_hal_pwr.c 0x00000000   Number         0  stm32f4xx_hal_pwr.o ABSOLUTE
    ..\Drivers\STM32F4xx_HAL_Driver\Src\stm32f4xx_hal_pwr_ex.c 0x00000000   Number         0  stm32f4xx_hal_pwr_ex.o ABSOLUTE
    ..\Drivers\STM32F4xx_HAL_Driver\Src\stm32f4xx_hal_rcc.c 0x00000000   Number         0  stm32f4xx_hal_rcc.o ABSOLUTE
    ..\Drivers\STM32F4xx_HAL_Driver\Src\stm32f4xx_hal_rcc_ex.c 0x00000000   Number         0  stm32f4xx_hal_rcc_ex.o ABSOLUTE
    ..\Drivers\STM32F4xx_HAL_Driver\Src\stm32f4xx_hal_tim.c 0x00000000   Number         0  stm32f4xx_hal_tim.o ABSOLUTE
    ..\Drivers\STM32F4xx_HAL_Driver\Src\stm32f4xx_hal_tim_ex.c 0x00000000   Number         0  stm32f4xx_hal_tim_ex.o ABSOLUTE
    ..\Drivers\STM32F4xx_HAL_Driver\Src\stm32f4xx_hal_uart.c 0x00000000   Number         0  stm32f4xx_hal_uart.o ABSOLUTE
    ..\Motor_control\StepperMotor.c          0x00000000   Number         0  steppermotor.o ABSOLUTE
    ..\\ANO\\MyAon.c                         0x00000000   Number         0  myaon.o ABSOLUTE
    ..\\Algorithm\\pid.c                     0x00000000   Number         0  pid.o ABSOLUTE
    ..\\Basis\\Peripherals_can.c             0x00000000   Number         0  peripherals_can.o ABSOLUTE
    ..\\DR16\\DR16_RECIVE.c                  0x00000000   Number         0  dr16_recive.o ABSOLUTE
    ..\\Debug_DataScope\\Debug_DataScope.C   0x00000000   Number         0  debug_datascope.o ABSOLUTE
    ..\\Motor_control\\StepperMotor.c        0x00000000   Number         0  steppermotor.o ABSOLUTE
    dc.s                                     0x00000000   Number         0  dc.o ABSOLUTE
    handlers.s                               0x00000000   Number         0  handlers.o ABSOLUTE
    init.s                                   0x00000000   Number         0  init.o ABSOLUTE
    startup_stm32f427xx.s                    0x00000000   Number         0  startup_stm32f427xx.o ABSOLUTE
    RESET                                    0x08000000   Section      428  startup_stm32f427xx.o(RESET)
    .ARM.Collect$$$$00000000                 0x080001ac   Section        0  entry.o(.ARM.Collect$$$$00000000)
    .ARM.Collect$$$$00000001                 0x080001ac   Section        4  entry2.o(.ARM.Collect$$$$00000001)
    .ARM.Collect$$$$00000004                 0x080001b0   Section        4  entry5.o(.ARM.Collect$$$$00000004)
    .ARM.Collect$$$$00000008                 0x080001b4   Section        0  entry7b.o(.ARM.Collect$$$$00000008)
    .ARM.Collect$$$$0000000A                 0x080001b4   Section        0  entry8b.o(.ARM.Collect$$$$0000000A)
    .ARM.Collect$$$$0000000B                 0x080001b4   Section        8  entry9a.o(.ARM.Collect$$$$0000000B)
    .ARM.Collect$$$$0000000D                 0x080001bc   Section        0  entry10a.o(.ARM.Collect$$$$0000000D)
    .ARM.Collect$$$$0000000F                 0x080001bc   Section        0  entry11a.o(.ARM.Collect$$$$0000000F)
    .ARM.Collect$$$$00002712                 0x080001bc   Section        4  entry2.o(.ARM.Collect$$$$00002712)
    __lit__00000000                          0x080001bc   Data           4  entry2.o(.ARM.Collect$$$$00002712)
    .text                                    0x080001c0   Section       36  startup_stm32f427xx.o(.text)
    $v0                                      0x080001c0   Number         0  startup_stm32f427xx.o(.text)
    .text                                    0x080001e4   Section        0  uldiv.o(.text)
    .text                                    0x08000246   Section        0  memcpya.o(.text)
    .text                                    0x0800026a   Section        0  memseta.o(.text)
    .text                                    0x0800028e   Section        0  dadd.o(.text)
    .text                                    0x080003dc   Section        0  f2d.o(.text)
    .text                                    0x08000402   Section        0  d2f.o(.text)
    .text                                    0x0800043a   Section        0  llshl.o(.text)
    .text                                    0x08000458   Section        0  llushr.o(.text)
    .text                                    0x08000478   Section        0  llsshr.o(.text)
    .text                                    0x0800049c   Section        0  iusefp.o(.text)
    .text                                    0x0800049c   Section        0  fepilogue.o(.text)
    .text                                    0x0800050a   Section        0  depilogue.o(.text)
    .text                                    0x080005c4   Section       36  init.o(.text)
    i.Ano_Init                               0x080005e8   Section        0  myaon.o(i.Ano_Init)
    i.Ano_Send_Data                          0x080005fc   Section        0  myaon.o(i.Ano_Send_Data)
    i.BusFault_Handler                       0x08000640   Section        0  stm32f4xx_it.o(i.BusFault_Handler)
    i.CAN1_RX0_IRQHandler                    0x08000644   Section        0  stm32f4xx_it.o(i.CAN1_RX0_IRQHandler)
    i.DMA2_Stream1_IRQHandler                0x080006ec   Section        0  stm32f4xx_it.o(i.DMA2_Stream1_IRQHandler)
    i.DMA2_Stream2_IRQHandler                0x080006f8   Section        0  stm32f4xx_it.o(i.DMA2_Stream2_IRQHandler)
    i.DMA2_Stream6_IRQHandler                0x08000704   Section        0  stm32f4xx_it.o(i.DMA2_Stream6_IRQHandler)
    i.DMA2_Stream7_IRQHandler                0x08000710   Section        0  stm32f4xx_it.o(i.DMA2_Stream7_IRQHandler)
    i.DMA_CalcBaseAndBitshift                0x0800071c   Section        0  stm32f4xx_hal_dma.o(i.DMA_CalcBaseAndBitshift)
    DMA_CalcBaseAndBitshift                  0x0800071d   Thumb Code    34  stm32f4xx_hal_dma.o(i.DMA_CalcBaseAndBitshift)
    i.DMA_CheckFifoParam                     0x08000744   Section        0  stm32f4xx_hal_dma.o(i.DMA_CheckFifoParam)
    DMA_CheckFifoParam                       0x08000745   Thumb Code    84  stm32f4xx_hal_dma.o(i.DMA_CheckFifoParam)
    i.DMA_SetConfig                          0x08000798   Section        0  stm32f4xx_hal_dma.o(i.DMA_SetConfig)
    DMA_SetConfig                            0x08000799   Thumb Code    40  stm32f4xx_hal_dma.o(i.DMA_SetConfig)
    i.DR16_Process                           0x080007c0   Section        0  dr16_recive.o(i.DR16_Process)
    i.DR_16hander                            0x08000888   Section        0  dr16_recive.o(i.DR_16hander)
    i.DebugMon_Handler                       0x080008dc   Section        0  stm32f4xx_it.o(i.DebugMon_Handler)
    i.Error_Handler                          0x080008de   Section        0  main.o(i.Error_Handler)
    i.HAL_CAN_AddTxMessage                   0x080008e0   Section        0  stm32f4xx_hal_can.o(i.HAL_CAN_AddTxMessage)
    i.HAL_CAN_ConfigFilter                   0x080009a8   Section        0  stm32f4xx_hal_can.o(i.HAL_CAN_ConfigFilter)
    i.HAL_CAN_ErrorCallback                  0x08000ab4   Section        0  stm32f4xx_hal_can.o(i.HAL_CAN_ErrorCallback)
    i.HAL_CAN_GetRxMessage                   0x08000ab6   Section        0  stm32f4xx_hal_can.o(i.HAL_CAN_GetRxMessage)
    i.HAL_CAN_IRQHandler                     0x08000b9e   Section        0  stm32f4xx_hal_can.o(i.HAL_CAN_IRQHandler)
    i.HAL_CAN_Init                           0x08000d9a   Section        0  stm32f4xx_hal_can.o(i.HAL_CAN_Init)
    i.HAL_CAN_MspInit                        0x08000eb4   Section        0  can.o(i.HAL_CAN_MspInit)
    i.HAL_CAN_RxFifo0FullCallback            0x08000f2c   Section        0  stm32f4xx_hal_can.o(i.HAL_CAN_RxFifo0FullCallback)
    i.HAL_CAN_RxFifo0MsgPendingCallback      0x08000f2e   Section        0  stm32f4xx_hal_can.o(i.HAL_CAN_RxFifo0MsgPendingCallback)
    i.HAL_CAN_RxFifo1FullCallback            0x08000f30   Section        0  stm32f4xx_hal_can.o(i.HAL_CAN_RxFifo1FullCallback)
    i.HAL_CAN_RxFifo1MsgPendingCallback      0x08000f32   Section        0  stm32f4xx_hal_can.o(i.HAL_CAN_RxFifo1MsgPendingCallback)
    i.HAL_CAN_SleepCallback                  0x08000f34   Section        0  stm32f4xx_hal_can.o(i.HAL_CAN_SleepCallback)
    i.HAL_CAN_Start                          0x08000f38   Section        0  stm32f4xx_hal_can.o(i.HAL_CAN_Start)
    i.HAL_CAN_TxMailbox0AbortCallback        0x08000f90   Section        0  stm32f4xx_hal_can.o(i.HAL_CAN_TxMailbox0AbortCallback)
    i.HAL_CAN_TxMailbox0CompleteCallback     0x08000f92   Section        0  stm32f4xx_hal_can.o(i.HAL_CAN_TxMailbox0CompleteCallback)
    i.HAL_CAN_TxMailbox1AbortCallback        0x08000f94   Section        0  stm32f4xx_hal_can.o(i.HAL_CAN_TxMailbox1AbortCallback)
    i.HAL_CAN_TxMailbox1CompleteCallback     0x08000f96   Section        0  stm32f4xx_hal_can.o(i.HAL_CAN_TxMailbox1CompleteCallback)
    i.HAL_CAN_TxMailbox2AbortCallback        0x08000f98   Section        0  stm32f4xx_hal_can.o(i.HAL_CAN_TxMailbox2AbortCallback)
    i.HAL_CAN_TxMailbox2CompleteCallback     0x08000f9a   Section        0  stm32f4xx_hal_can.o(i.HAL_CAN_TxMailbox2CompleteCallback)
    i.HAL_CAN_WakeUpFromRxMsgCallback        0x08000f9c   Section        0  stm32f4xx_hal_can.o(i.HAL_CAN_WakeUpFromRxMsgCallback)
    i.HAL_DMA_Abort_IT                       0x08000f9e   Section        0  stm32f4xx_hal_dma.o(i.HAL_DMA_Abort_IT)
    i.HAL_DMA_IRQHandler                     0x08000fc4   Section        0  stm32f4xx_hal_dma.o(i.HAL_DMA_IRQHandler)
    i.HAL_DMA_Init                           0x08001164   Section        0  stm32f4xx_hal_dma.o(i.HAL_DMA_Init)
    i.HAL_DMA_Start                          0x08001238   Section        0  stm32f4xx_hal_dma.o(i.HAL_DMA_Start)
    i.HAL_GPIO_Init                          0x08001280   Section        0  stm32f4xx_hal_gpio.o(i.HAL_GPIO_Init)
    i.HAL_GPIO_WritePin                      0x08001454   Section        0  stm32f4xx_hal_gpio.o(i.HAL_GPIO_WritePin)
    i.HAL_GetTick                            0x08001460   Section        0  stm32f4xx_hal.o(i.HAL_GetTick)
    i.HAL_IncTick                            0x0800146c   Section        0  stm32f4xx_hal.o(i.HAL_IncTick)
    i.HAL_Init                               0x0800147c   Section        0  stm32f4xx_hal.o(i.HAL_Init)
    i.HAL_InitTick                           0x080014b0   Section        0  stm32f4xx_hal.o(i.HAL_InitTick)
    i.HAL_MspInit                            0x080014f0   Section        0  stm32f4xx_hal_msp.o(i.HAL_MspInit)
    i.HAL_NVIC_EnableIRQ                     0x08001520   Section        0  stm32f4xx_hal_cortex.o(i.HAL_NVIC_EnableIRQ)
    i.HAL_NVIC_SetPriority                   0x0800153c   Section        0  stm32f4xx_hal_cortex.o(i.HAL_NVIC_SetPriority)
    i.HAL_NVIC_SetPriorityGrouping           0x0800157c   Section        0  stm32f4xx_hal_cortex.o(i.HAL_NVIC_SetPriorityGrouping)
    i.HAL_RCC_ClockConfig                    0x080015a0   Section        0  stm32f4xx_hal_rcc.o(i.HAL_RCC_ClockConfig)
    i.HAL_RCC_GetPCLK1Freq                   0x080016d4   Section        0  stm32f4xx_hal_rcc.o(i.HAL_RCC_GetPCLK1Freq)
    i.HAL_RCC_GetPCLK2Freq                   0x080016f4   Section        0  stm32f4xx_hal_rcc.o(i.HAL_RCC_GetPCLK2Freq)
    i.HAL_RCC_GetSysClockFreq                0x08001714   Section        0  stm32f4xx_hal_rcc.o(i.HAL_RCC_GetSysClockFreq)
    i.HAL_RCC_OscConfig                      0x08001778   Section        0  stm32f4xx_hal_rcc.o(i.HAL_RCC_OscConfig)
    i.HAL_SYSTICK_Config                     0x08001ad4   Section        0  stm32f4xx_hal_cortex.o(i.HAL_SYSTICK_Config)
    i.HAL_TIMEx_BreakCallback                0x08001afc   Section        0  stm32f4xx_hal_tim_ex.o(i.HAL_TIMEx_BreakCallback)
    i.HAL_TIMEx_CommutCallback               0x08001afe   Section        0  stm32f4xx_hal_tim_ex.o(i.HAL_TIMEx_CommutCallback)
    i.HAL_TIMEx_MasterConfigSynchronization  0x08001b00   Section        0  stm32f4xx_hal_tim_ex.o(i.HAL_TIMEx_MasterConfigSynchronization)
    i.HAL_TIM_Base_GetState                  0x08001b90   Section        0  stm32f4xx_hal_tim.o(i.HAL_TIM_Base_GetState)
    i.HAL_TIM_Base_Init                      0x08001b96   Section        0  stm32f4xx_hal_tim.o(i.HAL_TIM_Base_Init)
    i.HAL_TIM_Base_MspInit                   0x08001bcc   Section        0  tim.o(i.HAL_TIM_Base_MspInit)
    i.HAL_TIM_Base_Start_IT                  0x08001c80   Section        0  stm32f4xx_hal_tim.o(i.HAL_TIM_Base_Start_IT)
    i.HAL_TIM_Base_Stop_IT                   0x08001ca2   Section        0  stm32f4xx_hal_tim.o(i.HAL_TIM_Base_Stop_IT)
    i.HAL_TIM_ConfigClockSource              0x08001ccc   Section        0  stm32f4xx_hal_tim.o(i.HAL_TIM_ConfigClockSource)
    i.HAL_TIM_IC_CaptureCallback             0x08001da2   Section        0  stm32f4xx_hal_tim.o(i.HAL_TIM_IC_CaptureCallback)
    i.HAL_TIM_IRQHandler                     0x08001da4   Section        0  stm32f4xx_hal_tim.o(i.HAL_TIM_IRQHandler)
    i.HAL_TIM_MspPostInit                    0x08001f0c   Section        0  tim.o(i.HAL_TIM_MspPostInit)
    i.HAL_TIM_OC_DelayElapsedCallback        0x08001f5c   Section        0  stm32f4xx_hal_tim.o(i.HAL_TIM_OC_DelayElapsedCallback)
    i.HAL_TIM_PWM_ConfigChannel              0x08001f5e   Section        0  stm32f4xx_hal_tim.o(i.HAL_TIM_PWM_ConfigChannel)
    i.HAL_TIM_PWM_Init                       0x0800202e   Section        0  stm32f4xx_hal_tim.o(i.HAL_TIM_PWM_Init)
    i.HAL_TIM_PWM_MspInit                    0x08002064   Section        0  stm32f4xx_hal_tim.o(i.HAL_TIM_PWM_MspInit)
    i.HAL_TIM_PWM_PulseFinishedCallback      0x08002066   Section        0  stm32f4xx_hal_tim.o(i.HAL_TIM_PWM_PulseFinishedCallback)
    i.HAL_TIM_PWM_Start                      0x08002068   Section        0  stm32f4xx_hal_tim.o(i.HAL_TIM_PWM_Start)
    i.HAL_TIM_PWM_Stop                       0x080020ac   Section        0  stm32f4xx_hal_tim.o(i.HAL_TIM_PWM_Stop)
    i.HAL_TIM_PeriodElapsedCallback          0x08002108   Section        0  steppermotor.o(i.HAL_TIM_PeriodElapsedCallback)
    i.HAL_TIM_TriggerCallback                0x080021a0   Section        0  stm32f4xx_hal_tim.o(i.HAL_TIM_TriggerCallback)
    i.HAL_UART_ErrorCallback                 0x080021a2   Section        0  stm32f4xx_hal_uart.o(i.HAL_UART_ErrorCallback)
    i.HAL_UART_IRQHandler                    0x080021a4   Section        0  stm32f4xx_hal_uart.o(i.HAL_UART_IRQHandler)
    i.HAL_UART_Init                          0x080022b8   Section        0  stm32f4xx_hal_uart.o(i.HAL_UART_Init)
    i.HAL_UART_MspInit                       0x0800231c   Section        0  usart.o(i.HAL_UART_MspInit)
    i.HAL_UART_RxCpltCallback                0x080024b8   Section        0  usart.o(i.HAL_UART_RxCpltCallback)
    i.HAL_UART_Transmit                      0x08002510   Section        0  stm32f4xx_hal_uart.o(i.HAL_UART_Transmit)
    i.HAL_UART_TxCpltCallback                0x080025ca   Section        0  stm32f4xx_hal_uart.o(i.HAL_UART_TxCpltCallback)
    i.HardFault_Handler                      0x080025cc   Section        0  stm32f4xx_it.o(i.HardFault_Handler)
    i.Incremental_PID                        0x080025ce   Section        0  pid.o(i.Incremental_PID)
    i.MX_CAN1_Init                           0x0800266c   Section        0  can.o(i.MX_CAN1_Init)
    i.MX_DMA_Init                            0x080026b4   Section        0  dma.o(i.MX_DMA_Init)
    i.MX_GPIO_Init                           0x08002710   Section        0  gpio.o(i.MX_GPIO_Init)
    i.MX_TIM1_Init                           0x0800279c   Section        0  tim.o(i.MX_TIM1_Init)
    i.MX_TIM2_Init                           0x08002804   Section        0  tim.o(i.MX_TIM2_Init)
    i.MX_TIM4_Init                           0x08002868   Section        0  tim.o(i.MX_TIM4_Init)
    i.MX_TIM5_Init                           0x080028d0   Section        0  tim.o(i.MX_TIM5_Init)
    i.MX_USART1_UART_Init                    0x0800296c   Section        0  usart.o(i.MX_USART1_UART_Init)
    i.MX_USART6_UART_Init                    0x080029ac   Section        0  usart.o(i.MX_USART6_UART_Init)
    i.MemManage_Handler                      0x080029e4   Section        0  stm32f4xx_it.o(i.MemManage_Handler)
    i.NMI_Handler                            0x080029e6   Section        0  stm32f4xx_it.o(i.NMI_Handler)
    i.PendSV_Handler                         0x080029e8   Section        0  stm32f4xx_it.o(i.PendSV_Handler)
    i.SVC_Handler                            0x080029ea   Section        0  stm32f4xx_it.o(i.SVC_Handler)
    i.Send_CheckData                         0x080029ec   Section        0  myaon.o(i.Send_CheckData)
    Send_CheckData                           0x080029ed   Thumb Code    72  myaon.o(i.Send_CheckData)
    i.Stepper_setInfo                        0x08002a34   Section        0  steppermotor.o(i.Stepper_setInfo)
    i.SysTick_Handler                        0x08002a58   Section        0  stm32f4xx_it.o(i.SysTick_Handler)
    i.SystemClock_Config                     0x08002a5c   Section        0  main.o(i.SystemClock_Config)
    i.SystemInit                             0x08002ae0   Section        0  system_stm32f4xx.o(i.SystemInit)
    i.TIM1_UP_TIM10_IRQHandler               0x08002afc   Section        0  stm32f4xx_it.o(i.TIM1_UP_TIM10_IRQHandler)
    i.TIM2_IRQHandler                        0x08002b6c   Section        0  stm32f4xx_it.o(i.TIM2_IRQHandler)
    i.TIM4_IRQHandler                        0x08002c10   Section        0  stm32f4xx_it.o(i.TIM4_IRQHandler)
    i.TIM5_IRQHandler                        0x08002c1c   Section        0  stm32f4xx_it.o(i.TIM5_IRQHandler)
    i.TIM_Base_SetConfig                     0x08002c28   Section        0  stm32f4xx_hal_tim.o(i.TIM_Base_SetConfig)
    i.TIM_CCxChannelCmd                      0x08002cf0   Section        0  stm32f4xx_hal_tim.o(i.TIM_CCxChannelCmd)
    i.TIM_ETR_SetConfig                      0x08002d0a   Section        0  stm32f4xx_hal_tim.o(i.TIM_ETR_SetConfig)
    i.TIM_ITRx_SetConfig                     0x08002d1e   Section        0  stm32f4xx_hal_tim.o(i.TIM_ITRx_SetConfig)
    TIM_ITRx_SetConfig                       0x08002d1f   Thumb Code    16  stm32f4xx_hal_tim.o(i.TIM_ITRx_SetConfig)
    i.TIM_OC1_SetConfig                      0x08002d30   Section        0  stm32f4xx_hal_tim.o(i.TIM_OC1_SetConfig)
    TIM_OC1_SetConfig                        0x08002d31   Thumb Code    88  stm32f4xx_hal_tim.o(i.TIM_OC1_SetConfig)
    i.TIM_OC2_SetConfig                      0x08002d90   Section        0  stm32f4xx_hal_tim.o(i.TIM_OC2_SetConfig)
    i.TIM_OC3_SetConfig                      0x08002dfc   Section        0  stm32f4xx_hal_tim.o(i.TIM_OC3_SetConfig)
    TIM_OC3_SetConfig                        0x08002dfd   Thumb Code    96  stm32f4xx_hal_tim.o(i.TIM_OC3_SetConfig)
    i.TIM_OC4_SetConfig                      0x08002e64   Section        0  stm32f4xx_hal_tim.o(i.TIM_OC4_SetConfig)
    TIM_OC4_SetConfig                        0x08002e65   Thumb Code    70  stm32f4xx_hal_tim.o(i.TIM_OC4_SetConfig)
    i.TIM_TI1_ConfigInputStage               0x08002eb4   Section        0  stm32f4xx_hal_tim.o(i.TIM_TI1_ConfigInputStage)
    TIM_TI1_ConfigInputStage                 0x08002eb5   Thumb Code    34  stm32f4xx_hal_tim.o(i.TIM_TI1_ConfigInputStage)
    i.TIM_TI2_ConfigInputStage               0x08002ed6   Section        0  stm32f4xx_hal_tim.o(i.TIM_TI2_ConfigInputStage)
    TIM_TI2_ConfigInputStage                 0x08002ed7   Thumb Code    36  stm32f4xx_hal_tim.o(i.TIM_TI2_ConfigInputStage)
    i.UART_DMAAbortOnError                   0x08002efa   Section        0  stm32f4xx_hal_uart.o(i.UART_DMAAbortOnError)
    UART_DMAAbortOnError                     0x08002efb   Thumb Code    16  stm32f4xx_hal_uart.o(i.UART_DMAAbortOnError)
    i.UART_EndRxTransfer                     0x08002f0a   Section        0  stm32f4xx_hal_uart.o(i.UART_EndRxTransfer)
    UART_EndRxTransfer                       0x08002f0b   Thumb Code    28  stm32f4xx_hal_uart.o(i.UART_EndRxTransfer)
    i.UART_Receive_IT                        0x08002f26   Section        0  stm32f4xx_hal_uart.o(i.UART_Receive_IT)
    UART_Receive_IT                          0x08002f27   Thumb Code   150  stm32f4xx_hal_uart.o(i.UART_Receive_IT)
    i.UART_SetConfig                         0x08002fbc   Section        0  stm32f4xx_hal_uart.o(i.UART_SetConfig)
    UART_SetConfig                           0x08002fbd   Thumb Code   286  stm32f4xx_hal_uart.o(i.UART_SetConfig)
    i.UART_Transmit_IT                       0x080030e4   Section        0  stm32f4xx_hal_uart.o(i.UART_Transmit_IT)
    UART_Transmit_IT                         0x080030e5   Thumb Code    98  stm32f4xx_hal_uart.o(i.UART_Transmit_IT)
    i.UART_WaitOnFlagUntilTimeout            0x08003146   Section        0  stm32f4xx_hal_uart.o(i.UART_WaitOnFlagUntilTimeout)
    UART_WaitOnFlagUntilTimeout              0x08003147   Thumb Code   100  stm32f4xx_hal_uart.o(i.UART_WaitOnFlagUntilTimeout)
    i.USART1_IRQHandler                      0x080031ac   Section        0  stm32f4xx_it.o(i.USART1_IRQHandler)
    i.USART6_IRQHandler                      0x080031c4   Section        0  stm32f4xx_it.o(i.USART6_IRQHandler)
    i.UsageFault_Handler                     0x080031d0   Section        0  stm32f4xx_it.o(i.UsageFault_Handler)
    i.__NVIC_SetPriority                     0x080031d2   Section        0  stm32f4xx_hal_cortex.o(i.__NVIC_SetPriority)
    __NVIC_SetPriority                       0x080031d3   Thumb Code    32  stm32f4xx_hal_cortex.o(i.__NVIC_SetPriority)
    i.__scatterload_copy                     0x080031f2   Section       14  handlers.o(i.__scatterload_copy)
    i.__scatterload_null                     0x08003200   Section        2  handlers.o(i.__scatterload_null)
    i.__scatterload_zeroinit                 0x08003202   Section       14  handlers.o(i.__scatterload_zeroinit)
    i.assignment_moto_M2006_current          0x08003210   Section        0  peripherals_can.o(i.assignment_moto_M2006_current)
    i.can_filter_init                        0x08003268   Section        0  peripherals_can.o(i.can_filter_init)
    i.main                                   0x08003298   Section        0  main.o(i.main)
    i.usart1_dr16_init                       0x080033ac   Section        0  dr16_recive.o(i.usart1_dr16_init)
    .constdata                               0x08003400   Section        8  stm32f4xx_hal_dma.o(.constdata)
    flagBitshiftOffset                       0x08003400   Data           8  stm32f4xx_hal_dma.o(.constdata)
    .constdata                               0x08003408   Section       16  system_stm32f4xx.o(.constdata)
    .constdata                               0x08003418   Section        8  system_stm32f4xx.o(.constdata)
    .data                                    0x20000000   Section        4  main.o(.data)
    .data                                    0x20000004   Section        4  main.o(.data)
    .data                                    0x20000008   Section        4  main.o(.data)
    .data                                    0x2000000c   Section        4  usart.o(.data)
    .data                                    0x20000010   Section       12  stm32f4xx_hal.o(.data)
    .data                                    0x2000001c   Section        4  system_stm32f4xx.o(.data)
    .data                                    0x20000020   Section        8  myaon.o(.data)
    check                                    0x20000020   Data           1  myaon.o(.data)
    x                                        0x20000024   Data           4  myaon.o(.data)
    .data                                    0x20000028   Section       32  dr16_recive.o(.data)
    .bss                                     0x20000048   Section      108  can.o(.bss)
    .bss                                     0x200000b4   Section       40  can.o(.bss)
    .bss                                     0x200000dc   Section      256  tim.o(.bss)
    .bss                                     0x200001dc   Section      532  usart.o(.bss)
    .bss                                     0x200003f0   Section      112  peripherals_can.o(.bss)
    .bss                                     0x20000460   Section       40  peripherals_can.o(.bss)
    .bss                                     0x20000488   Section     1184  pid.o(.bss)
    .bss                                     0x20000928   Section       20  steppermotor.o(.bss)
    .bss                                     0x2000093c   Section     1058  myaon.o(.bss)
    .bss                                     0x20000d5e   Section       22  dr16_recive.o(.bss)
    STACK                                    0x20000d78   Section     1024  startup_stm32f427xx.o(STACK)

    Global Symbols

    Symbol Name                              Value     Ov Type        Size  Object(Section)

    BuildAttributes$$THM_ISAv4$E$P$D$K$B$S$7EM$VFPi3$EXTD16$VFPS$VFMA$PE$A:L22UL41UL21$X:L11$S22US41US21$IEEE1$IW$USESV6$~STKCKD$USESV7$~SHL$OTIME$ROPI$IEEEX$EBA8$MICROLIB$REQ8$PRES8$EABIv2 0x00000000   Number         0  anon$$obj.o ABSOLUTE
    __ARM_use_no_argv                        0x00000000   Number         0  main.o ABSOLUTE
    __use_no_errno                           0x00000000   Number         0  useno.o ABSOLUTE
    __use_no_exception_handling              0x00000000   Number         0  useno.o ABSOLUTE
    __use_no_fp                              0x00000000   Number         0  useno.o ABSOLUTE
    __use_no_heap                            0x00000000   Number         0  useno.o ABSOLUTE
    __use_no_heap_region                     0x00000000   Number         0  useno.o ABSOLUTE
    __use_no_semihosting                     0x00000000   Number         0  useno.o ABSOLUTE
    __use_no_semihosting_swi                 0x00000000   Number         0  useno.o ABSOLUTE
    __use_no_signal_handling                 0x00000000   Number         0  useno.o ABSOLUTE
    ControlOrder                              - Undefined Weak Reference
    ParaOfReturn_Set                          - Undefined Weak Reference
    ParaRead_Set                              - Undefined Weak Reference
    __cpp_initialize__aeabi_                  - Undefined Weak Reference
    __cxa_finalize                            - Undefined Weak Reference
    __decompress                              - Undefined Weak Reference
    _clock_init                               - Undefined Weak Reference
    _microlib_exit                            - Undefined Weak Reference
    __Vectors_Size                           0x000001ac   Number         0  startup_stm32f427xx.o ABSOLUTE
    __Vectors                                0x08000000   Data           4  startup_stm32f427xx.o(RESET)
    __Vectors_End                            0x080001ac   Data           0  startup_stm32f427xx.o(RESET)
    __main                                   0x080001ad   Thumb Code     0  entry.o(.ARM.Collect$$$$00000000)
    _main_stk                                0x080001ad   Thumb Code     0  entry2.o(.ARM.Collect$$$$00000001)
    _main_scatterload                        0x080001b1   Thumb Code     0  entry5.o(.ARM.Collect$$$$00000004)
    __main_after_scatterload                 0x080001b5   Thumb Code     0  entry5.o(.ARM.Collect$$$$00000004)
    _main_clock                              0x080001b5   Thumb Code     0  entry7b.o(.ARM.Collect$$$$00000008)
    _main_cpp_init                           0x080001b5   Thumb Code     0  entry8b.o(.ARM.Collect$$$$0000000A)
    _main_init                               0x080001b5   Thumb Code     0  entry9a.o(.ARM.Collect$$$$0000000B)
    __rt_final_cpp                           0x080001bd   Thumb Code     0  entry10a.o(.ARM.Collect$$$$0000000D)
    __rt_final_exit                          0x080001bd   Thumb Code     0  entry11a.o(.ARM.Collect$$$$0000000F)
    Reset_Handler                            0x080001c1   Thumb Code     8  startup_stm32f427xx.o(.text)
    ADC_IRQHandler                           0x080001db   Thumb Code     0  startup_stm32f427xx.o(.text)
    CAN1_RX1_IRQHandler                      0x080001db   Thumb Code     0  startup_stm32f427xx.o(.text)
    CAN1_SCE_IRQHandler                      0x080001db   Thumb Code     0  startup_stm32f427xx.o(.text)
    CAN1_TX_IRQHandler                       0x080001db   Thumb Code     0  startup_stm32f427xx.o(.text)
    CAN2_RX0_IRQHandler                      0x080001db   Thumb Code     0  startup_stm32f427xx.o(.text)
    CAN2_RX1_IRQHandler                      0x080001db   Thumb Code     0  startup_stm32f427xx.o(.text)
    CAN2_SCE_IRQHandler                      0x080001db   Thumb Code     0  startup_stm32f427xx.o(.text)
    CAN2_TX_IRQHandler                       0x080001db   Thumb Code     0  startup_stm32f427xx.o(.text)
    DCMI_IRQHandler                          0x080001db   Thumb Code     0  startup_stm32f427xx.o(.text)
    DMA1_Stream0_IRQHandler                  0x080001db   Thumb Code     0  startup_stm32f427xx.o(.text)
    DMA1_Stream1_IRQHandler                  0x080001db   Thumb Code     0  startup_stm32f427xx.o(.text)
    DMA1_Stream2_IRQHandler                  0x080001db   Thumb Code     0  startup_stm32f427xx.o(.text)
    DMA1_Stream3_IRQHandler                  0x080001db   Thumb Code     0  startup_stm32f427xx.o(.text)
    DMA1_Stream4_IRQHandler                  0x080001db   Thumb Code     0  startup_stm32f427xx.o(.text)
    DMA1_Stream5_IRQHandler                  0x080001db   Thumb Code     0  startup_stm32f427xx.o(.text)
    DMA1_Stream6_IRQHandler                  0x080001db   Thumb Code     0  startup_stm32f427xx.o(.text)
    DMA1_Stream7_IRQHandler                  0x080001db   Thumb Code     0  startup_stm32f427xx.o(.text)
    DMA2D_IRQHandler                         0x080001db   Thumb Code     0  startup_stm32f427xx.o(.text)
    DMA2_Stream0_IRQHandler                  0x080001db   Thumb Code     0  startup_stm32f427xx.o(.text)
    DMA2_Stream3_IRQHandler                  0x080001db   Thumb Code     0  startup_stm32f427xx.o(.text)
    DMA2_Stream4_IRQHandler                  0x080001db   Thumb Code     0  startup_stm32f427xx.o(.text)
    DMA2_Stream5_IRQHandler                  0x080001db   Thumb Code     0  startup_stm32f427xx.o(.text)
    ETH_IRQHandler                           0x080001db   Thumb Code     0  startup_stm32f427xx.o(.text)
    ETH_WKUP_IRQHandler                      0x080001db   Thumb Code     0  startup_stm32f427xx.o(.text)
    EXTI0_IRQHandler                         0x080001db   Thumb Code     0  startup_stm32f427xx.o(.text)
    EXTI15_10_IRQHandler                     0x080001db   Thumb Code     0  startup_stm32f427xx.o(.text)
    EXTI1_IRQHandler                         0x080001db   Thumb Code     0  startup_stm32f427xx.o(.text)
    EXTI2_IRQHandler                         0x080001db   Thumb Code     0  startup_stm32f427xx.o(.text)
    EXTI3_IRQHandler                         0x080001db   Thumb Code     0  startup_stm32f427xx.o(.text)
    EXTI4_IRQHandler                         0x080001db   Thumb Code     0  startup_stm32f427xx.o(.text)
    EXTI9_5_IRQHandler                       0x080001db   Thumb Code     0  startup_stm32f427xx.o(.text)
    FLASH_IRQHandler                         0x080001db   Thumb Code     0  startup_stm32f427xx.o(.text)
    FMC_IRQHandler                           0x080001db   Thumb Code     0  startup_stm32f427xx.o(.text)
    FPU_IRQHandler                           0x080001db   Thumb Code     0  startup_stm32f427xx.o(.text)
    HASH_RNG_IRQHandler                      0x080001db   Thumb Code     0  startup_stm32f427xx.o(.text)
    I2C1_ER_IRQHandler                       0x080001db   Thumb Code     0  startup_stm32f427xx.o(.text)
    I2C1_EV_IRQHandler                       0x080001db   Thumb Code     0  startup_stm32f427xx.o(.text)
    I2C2_ER_IRQHandler                       0x080001db   Thumb Code     0  startup_stm32f427xx.o(.text)
    I2C2_EV_IRQHandler                       0x080001db   Thumb Code     0  startup_stm32f427xx.o(.text)
    I2C3_ER_IRQHandler                       0x080001db   Thumb Code     0  startup_stm32f427xx.o(.text)
    I2C3_EV_IRQHandler                       0x080001db   Thumb Code     0  startup_stm32f427xx.o(.text)
    OTG_FS_IRQHandler                        0x080001db   Thumb Code     0  startup_stm32f427xx.o(.text)
    OTG_FS_WKUP_IRQHandler                   0x080001db   Thumb Code     0  startup_stm32f427xx.o(.text)
    OTG_HS_EP1_IN_IRQHandler                 0x080001db   Thumb Code     0  startup_stm32f427xx.o(.text)
    OTG_HS_EP1_OUT_IRQHandler                0x080001db   Thumb Code     0  startup_stm32f427xx.o(.text)
    OTG_HS_IRQHandler                        0x080001db   Thumb Code     0  startup_stm32f427xx.o(.text)
    OTG_HS_WKUP_IRQHandler                   0x080001db   Thumb Code     0  startup_stm32f427xx.o(.text)
    PVD_IRQHandler                           0x080001db   Thumb Code     0  startup_stm32f427xx.o(.text)
    RCC_IRQHandler                           0x080001db   Thumb Code     0  startup_stm32f427xx.o(.text)
    RTC_Alarm_IRQHandler                     0x080001db   Thumb Code     0  startup_stm32f427xx.o(.text)
    RTC_WKUP_IRQHandler                      0x080001db   Thumb Code     0  startup_stm32f427xx.o(.text)
    SAI1_IRQHandler                          0x080001db   Thumb Code     0  startup_stm32f427xx.o(.text)
    SDIO_IRQHandler                          0x080001db   Thumb Code     0  startup_stm32f427xx.o(.text)
    SPI1_IRQHandler                          0x080001db   Thumb Code     0  startup_stm32f427xx.o(.text)
    SPI2_IRQHandler                          0x080001db   Thumb Code     0  startup_stm32f427xx.o(.text)
    SPI3_IRQHandler                          0x080001db   Thumb Code     0  startup_stm32f427xx.o(.text)
    SPI4_IRQHandler                          0x080001db   Thumb Code     0  startup_stm32f427xx.o(.text)
    SPI5_IRQHandler                          0x080001db   Thumb Code     0  startup_stm32f427xx.o(.text)
    SPI6_IRQHandler                          0x080001db   Thumb Code     0  startup_stm32f427xx.o(.text)
    TAMP_STAMP_IRQHandler                    0x080001db   Thumb Code     0  startup_stm32f427xx.o(.text)
    TIM1_BRK_TIM9_IRQHandler                 0x080001db   Thumb Code     0  startup_stm32f427xx.o(.text)
    TIM1_CC_IRQHandler                       0x080001db   Thumb Code     0  startup_stm32f427xx.o(.text)
    TIM1_TRG_COM_TIM11_IRQHandler            0x080001db   Thumb Code     0  startup_stm32f427xx.o(.text)
    TIM3_IRQHandler                          0x080001db   Thumb Code     0  startup_stm32f427xx.o(.text)
    TIM6_DAC_IRQHandler                      0x080001db   Thumb Code     0  startup_stm32f427xx.o(.text)
    TIM7_IRQHandler                          0x080001db   Thumb Code     0  startup_stm32f427xx.o(.text)
    TIM8_BRK_TIM12_IRQHandler                0x080001db   Thumb Code     0  startup_stm32f427xx.o(.text)
    TIM8_CC_IRQHandler                       0x080001db   Thumb Code     0  startup_stm32f427xx.o(.text)
    TIM8_TRG_COM_TIM14_IRQHandler            0x080001db   Thumb Code     0  startup_stm32f427xx.o(.text)
    TIM8_UP_TIM13_IRQHandler                 0x080001db   Thumb Code     0  startup_stm32f427xx.o(.text)
    UART4_IRQHandler                         0x080001db   Thumb Code     0  startup_stm32f427xx.o(.text)
    UART5_IRQHandler                         0x080001db   Thumb Code     0  startup_stm32f427xx.o(.text)
    UART7_IRQHandler                         0x080001db   Thumb Code     0  startup_stm32f427xx.o(.text)
    UART8_IRQHandler                         0x080001db   Thumb Code     0  startup_stm32f427xx.o(.text)
    USART2_IRQHandler                        0x080001db   Thumb Code     0  startup_stm32f427xx.o(.text)
    USART3_IRQHandler                        0x080001db   Thumb Code     0  startup_stm32f427xx.o(.text)
    WWDG_IRQHandler                          0x080001db   Thumb Code     0  startup_stm32f427xx.o(.text)
    __aeabi_uldivmod                         0x080001e5   Thumb Code    98  uldiv.o(.text)
    __aeabi_memcpy                           0x08000247   Thumb Code    36  memcpya.o(.text)
    __aeabi_memcpy4                          0x08000247   Thumb Code     0  memcpya.o(.text)
    __aeabi_memcpy8                          0x08000247   Thumb Code     0  memcpya.o(.text)
    __aeabi_memset                           0x0800026b   Thumb Code    14  memseta.o(.text)
    __aeabi_memset4                          0x0800026b   Thumb Code     0  memseta.o(.text)
    __aeabi_memset8                          0x0800026b   Thumb Code     0  memseta.o(.text)
    __aeabi_memclr                           0x08000279   Thumb Code     4  memseta.o(.text)
    __aeabi_memclr4                          0x08000279   Thumb Code     0  memseta.o(.text)
    __aeabi_memclr8                          0x08000279   Thumb Code     0  memseta.o(.text)
    _memset$wrapper                          0x0800027d   Thumb Code    18  memseta.o(.text)
    __aeabi_dadd                             0x0800028f   Thumb Code   322  dadd.o(.text)
    __aeabi_dsub                             0x080003d1   Thumb Code     6  dadd.o(.text)
    __aeabi_drsub                            0x080003d7   Thumb Code     6  dadd.o(.text)
    __aeabi_f2d                              0x080003dd   Thumb Code    38  f2d.o(.text)
    __aeabi_d2f                              0x08000403   Thumb Code    56  d2f.o(.text)
    __aeabi_llsl                             0x0800043b   Thumb Code    30  llshl.o(.text)
    _ll_shift_l                              0x0800043b   Thumb Code     0  llshl.o(.text)
    __aeabi_llsr                             0x08000459   Thumb Code    32  llushr.o(.text)
    _ll_ushift_r                             0x08000459   Thumb Code     0  llushr.o(.text)
    __aeabi_lasr                             0x08000479   Thumb Code    36  llsshr.o(.text)
    _ll_sshift_r                             0x08000479   Thumb Code     0  llsshr.o(.text)
    __I$use$fp                               0x0800049d   Thumb Code     0  iusefp.o(.text)
    _float_round                             0x0800049d   Thumb Code    18  fepilogue.o(.text)
    _float_epilogue                          0x080004af   Thumb Code    92  fepilogue.o(.text)
    _double_round                            0x0800050b   Thumb Code    30  depilogue.o(.text)
    _double_epilogue                         0x08000529   Thumb Code   156  depilogue.o(.text)
    __scatterload                            0x080005c5   Thumb Code    28  init.o(.text)
    __scatterload_rt2                        0x080005c5   Thumb Code     0  init.o(.text)
    Ano_Init                                 0x080005e9   Thumb Code    16  myaon.o(i.Ano_Init)
    Ano_Send_Data                            0x080005fd   Thumb Code    56  myaon.o(i.Ano_Send_Data)
    BusFault_Handler                         0x08000641   Thumb Code     2  stm32f4xx_it.o(i.BusFault_Handler)
    CAN1_RX0_IRQHandler                      0x08000645   Thumb Code   146  stm32f4xx_it.o(i.CAN1_RX0_IRQHandler)
    DMA2_Stream1_IRQHandler                  0x080006ed   Thumb Code     6  stm32f4xx_it.o(i.DMA2_Stream1_IRQHandler)
    DMA2_Stream2_IRQHandler                  0x080006f9   Thumb Code     6  stm32f4xx_it.o(i.DMA2_Stream2_IRQHandler)
    DMA2_Stream6_IRQHandler                  0x08000705   Thumb Code     6  stm32f4xx_it.o(i.DMA2_Stream6_IRQHandler)
    DMA2_Stream7_IRQHandler                  0x08000711   Thumb Code     6  stm32f4xx_it.o(i.DMA2_Stream7_IRQHandler)
    DR16_Process                             0x080007c1   Thumb Code   194  dr16_recive.o(i.DR16_Process)
    DR_16hander                              0x08000889   Thumb Code    76  dr16_recive.o(i.DR_16hander)
    DebugMon_Handler                         0x080008dd   Thumb Code     2  stm32f4xx_it.o(i.DebugMon_Handler)
    Error_Handler                            0x080008df   Thumb Code     2  main.o(i.Error_Handler)
    HAL_CAN_AddTxMessage                     0x080008e1   Thumb Code   200  stm32f4xx_hal_can.o(i.HAL_CAN_AddTxMessage)
    HAL_CAN_ConfigFilter                     0x080009a9   Thumb Code   262  stm32f4xx_hal_can.o(i.HAL_CAN_ConfigFilter)
    HAL_CAN_ErrorCallback                    0x08000ab5   Thumb Code     2  stm32f4xx_hal_can.o(i.HAL_CAN_ErrorCallback)
    HAL_CAN_GetRxMessage                     0x08000ab7   Thumb Code   232  stm32f4xx_hal_can.o(i.HAL_CAN_GetRxMessage)
    HAL_CAN_IRQHandler                       0x08000b9f   Thumb Code   508  stm32f4xx_hal_can.o(i.HAL_CAN_IRQHandler)
    HAL_CAN_Init                             0x08000d9b   Thumb Code   282  stm32f4xx_hal_can.o(i.HAL_CAN_Init)
    HAL_CAN_MspInit                          0x08000eb5   Thumb Code   106  can.o(i.HAL_CAN_MspInit)
    HAL_CAN_RxFifo0FullCallback              0x08000f2d   Thumb Code     2  stm32f4xx_hal_can.o(i.HAL_CAN_RxFifo0FullCallback)
    HAL_CAN_RxFifo0MsgPendingCallback        0x08000f2f   Thumb Code     2  stm32f4xx_hal_can.o(i.HAL_CAN_RxFifo0MsgPendingCallback)
    HAL_CAN_RxFifo1FullCallback              0x08000f31   Thumb Code     2  stm32f4xx_hal_can.o(i.HAL_CAN_RxFifo1FullCallback)
    HAL_CAN_RxFifo1MsgPendingCallback        0x08000f33   Thumb Code     2  stm32f4xx_hal_can.o(i.HAL_CAN_RxFifo1MsgPendingCallback)
    HAL_CAN_SleepCallback                    0x08000f35   Thumb Code     2  stm32f4xx_hal_can.o(i.HAL_CAN_SleepCallback)
    HAL_CAN_Start                            0x08000f39   Thumb Code    88  stm32f4xx_hal_can.o(i.HAL_CAN_Start)
    HAL_CAN_TxMailbox0AbortCallback          0x08000f91   Thumb Code     2  stm32f4xx_hal_can.o(i.HAL_CAN_TxMailbox0AbortCallback)
    HAL_CAN_TxMailbox0CompleteCallback       0x08000f93   Thumb Code     2  stm32f4xx_hal_can.o(i.HAL_CAN_TxMailbox0CompleteCallback)
    HAL_CAN_TxMailbox1AbortCallback          0x08000f95   Thumb Code     2  stm32f4xx_hal_can.o(i.HAL_CAN_TxMailbox1AbortCallback)
    HAL_CAN_TxMailbox1CompleteCallback       0x08000f97   Thumb Code     2  stm32f4xx_hal_can.o(i.HAL_CAN_TxMailbox1CompleteCallback)
    HAL_CAN_TxMailbox2AbortCallback          0x08000f99   Thumb Code     2  stm32f4xx_hal_can.o(i.HAL_CAN_TxMailbox2AbortCallback)
    HAL_CAN_TxMailbox2CompleteCallback       0x08000f9b   Thumb Code     2  stm32f4xx_hal_can.o(i.HAL_CAN_TxMailbox2CompleteCallback)
    HAL_CAN_WakeUpFromRxMsgCallback          0x08000f9d   Thumb Code     2  stm32f4xx_hal_can.o(i.HAL_CAN_WakeUpFromRxMsgCallback)
    HAL_DMA_Abort_IT                         0x08000f9f   Thumb Code    36  stm32f4xx_hal_dma.o(i.HAL_DMA_Abort_IT)
    HAL_DMA_IRQHandler                       0x08000fc5   Thumb Code   412  stm32f4xx_hal_dma.o(i.HAL_DMA_IRQHandler)
    HAL_DMA_Init                             0x08001165   Thumb Code   206  stm32f4xx_hal_dma.o(i.HAL_DMA_Init)
    HAL_DMA_Start                            0x08001239   Thumb Code    70  stm32f4xx_hal_dma.o(i.HAL_DMA_Start)
    HAL_GPIO_Init                            0x08001281   Thumb Code   414  stm32f4xx_hal_gpio.o(i.HAL_GPIO_Init)
    HAL_GPIO_WritePin                        0x08001455   Thumb Code    10  stm32f4xx_hal_gpio.o(i.HAL_GPIO_WritePin)
    HAL_GetTick                              0x08001461   Thumb Code     6  stm32f4xx_hal.o(i.HAL_GetTick)
    HAL_IncTick                              0x0800146d   Thumb Code    12  stm32f4xx_hal.o(i.HAL_IncTick)
    HAL_Init                                 0x0800147d   Thumb Code    48  stm32f4xx_hal.o(i.HAL_Init)
    HAL_InitTick                             0x080014b1   Thumb Code    54  stm32f4xx_hal.o(i.HAL_InitTick)
    HAL_MspInit                              0x080014f1   Thumb Code    42  stm32f4xx_hal_msp.o(i.HAL_MspInit)
    HAL_NVIC_EnableIRQ                       0x08001521   Thumb Code    26  stm32f4xx_hal_cortex.o(i.HAL_NVIC_EnableIRQ)
    HAL_NVIC_SetPriority                     0x0800153d   Thumb Code    60  stm32f4xx_hal_cortex.o(i.HAL_NVIC_SetPriority)
    HAL_NVIC_SetPriorityGrouping             0x0800157d   Thumb Code    26  stm32f4xx_hal_cortex.o(i.HAL_NVIC_SetPriorityGrouping)
    HAL_RCC_ClockConfig                      0x080015a1   Thumb Code   288  stm32f4xx_hal_rcc.o(i.HAL_RCC_ClockConfig)
    HAL_RCC_GetPCLK1Freq                     0x080016d5   Thumb Code    20  stm32f4xx_hal_rcc.o(i.HAL_RCC_GetPCLK1Freq)
    HAL_RCC_GetPCLK2Freq                     0x080016f5   Thumb Code    20  stm32f4xx_hal_rcc.o(i.HAL_RCC_GetPCLK2Freq)
    HAL_RCC_GetSysClockFreq                  0x08001715   Thumb Code    88  stm32f4xx_hal_rcc.o(i.HAL_RCC_GetSysClockFreq)
    HAL_RCC_OscConfig                        0x08001779   Thumb Code   840  stm32f4xx_hal_rcc.o(i.HAL_RCC_OscConfig)
    HAL_SYSTICK_Config                       0x08001ad5   Thumb Code    40  stm32f4xx_hal_cortex.o(i.HAL_SYSTICK_Config)
    HAL_TIMEx_BreakCallback                  0x08001afd   Thumb Code     2  stm32f4xx_hal_tim_ex.o(i.HAL_TIMEx_BreakCallback)
    HAL_TIMEx_CommutCallback                 0x08001aff   Thumb Code     2  stm32f4xx_hal_tim_ex.o(i.HAL_TIMEx_CommutCallback)
    HAL_TIMEx_MasterConfigSynchronization    0x08001b01   Thumb Code   116  stm32f4xx_hal_tim_ex.o(i.HAL_TIMEx_MasterConfigSynchronization)
    HAL_TIM_Base_GetState                    0x08001b91   Thumb Code     6  stm32f4xx_hal_tim.o(i.HAL_TIM_Base_GetState)
    HAL_TIM_Base_Init                        0x08001b97   Thumb Code    54  stm32f4xx_hal_tim.o(i.HAL_TIM_Base_Init)
    HAL_TIM_Base_MspInit                     0x08001bcd   Thumb Code   162  tim.o(i.HAL_TIM_Base_MspInit)
    HAL_TIM_Base_Start_IT                    0x08001c81   Thumb Code    34  stm32f4xx_hal_tim.o(i.HAL_TIM_Base_Start_IT)
    HAL_TIM_Base_Stop_IT                     0x08001ca3   Thumb Code    42  stm32f4xx_hal_tim.o(i.HAL_TIM_Base_Stop_IT)
    HAL_TIM_ConfigClockSource                0x08001ccd   Thumb Code   214  stm32f4xx_hal_tim.o(i.HAL_TIM_ConfigClockSource)
    HAL_TIM_IC_CaptureCallback               0x08001da3   Thumb Code     2  stm32f4xx_hal_tim.o(i.HAL_TIM_IC_CaptureCallback)
    HAL_TIM_IRQHandler                       0x08001da5   Thumb Code   358  stm32f4xx_hal_tim.o(i.HAL_TIM_IRQHandler)
    HAL_TIM_MspPostInit                      0x08001f0d   Thumb Code    68  tim.o(i.HAL_TIM_MspPostInit)
    HAL_TIM_OC_DelayElapsedCallback          0x08001f5d   Thumb Code     2  stm32f4xx_hal_tim.o(i.HAL_TIM_OC_DelayElapsedCallback)
    HAL_TIM_PWM_ConfigChannel                0x08001f5f   Thumb Code   208  stm32f4xx_hal_tim.o(i.HAL_TIM_PWM_ConfigChannel)
    HAL_TIM_PWM_Init                         0x0800202f   Thumb Code    54  stm32f4xx_hal_tim.o(i.HAL_TIM_PWM_Init)
    HAL_TIM_PWM_MspInit                      0x08002065   Thumb Code     2  stm32f4xx_hal_tim.o(i.HAL_TIM_PWM_MspInit)
    HAL_TIM_PWM_PulseFinishedCallback        0x08002067   Thumb Code     2  stm32f4xx_hal_tim.o(i.HAL_TIM_PWM_PulseFinishedCallback)
    HAL_TIM_PWM_Start                        0x08002069   Thumb Code    58  stm32f4xx_hal_tim.o(i.HAL_TIM_PWM_Start)
    HAL_TIM_PWM_Stop                         0x080020ad   Thumb Code    84  stm32f4xx_hal_tim.o(i.HAL_TIM_PWM_Stop)
    HAL_TIM_PeriodElapsedCallback            0x08002109   Thumb Code   126  steppermotor.o(i.HAL_TIM_PeriodElapsedCallback)
    HAL_TIM_TriggerCallback                  0x080021a1   Thumb Code     2  stm32f4xx_hal_tim.o(i.HAL_TIM_TriggerCallback)
    HAL_UART_ErrorCallback                   0x080021a3   Thumb Code     2  stm32f4xx_hal_uart.o(i.HAL_UART_ErrorCallback)
    HAL_UART_IRQHandler                      0x080021a5   Thumb Code   270  stm32f4xx_hal_uart.o(i.HAL_UART_IRQHandler)
    HAL_UART_Init                            0x080022b9   Thumb Code    98  stm32f4xx_hal_uart.o(i.HAL_UART_Init)
    HAL_UART_MspInit                         0x0800231d   Thumb Code   378  usart.o(i.HAL_UART_MspInit)
    HAL_UART_RxCpltCallback                  0x080024b9   Thumb Code    76  usart.o(i.HAL_UART_RxCpltCallback)
    HAL_UART_Transmit                        0x08002511   Thumb Code   186  stm32f4xx_hal_uart.o(i.HAL_UART_Transmit)
    HAL_UART_TxCpltCallback                  0x080025cb   Thumb Code     2  stm32f4xx_hal_uart.o(i.HAL_UART_TxCpltCallback)
    HardFault_Handler                        0x080025cd   Thumb Code     2  stm32f4xx_it.o(i.HardFault_Handler)
    Incremental_PID                          0x080025cf   Thumb Code   158  pid.o(i.Incremental_PID)
    MX_CAN1_Init                             0x0800266d   Thumb Code    62  can.o(i.MX_CAN1_Init)
    MX_DMA_Init                              0x080026b5   Thumb Code    88  dma.o(i.MX_DMA_Init)
    MX_GPIO_Init                             0x08002711   Thumb Code   130  gpio.o(i.MX_GPIO_Init)
    MX_TIM1_Init                             0x0800279d   Thumb Code    96  tim.o(i.MX_TIM1_Init)
    MX_TIM2_Init                             0x08002805   Thumb Code    96  tim.o(i.MX_TIM2_Init)
    MX_TIM4_Init                             0x08002869   Thumb Code    94  tim.o(i.MX_TIM4_Init)
    MX_TIM5_Init                             0x080028d1   Thumb Code   146  tim.o(i.MX_TIM5_Init)
    MX_USART1_UART_Init                      0x0800296d   Thumb Code    50  usart.o(i.MX_USART1_UART_Init)
    MX_USART6_UART_Init                      0x080029ad   Thumb Code    48  usart.o(i.MX_USART6_UART_Init)
    MemManage_Handler                        0x080029e5   Thumb Code     2  stm32f4xx_it.o(i.MemManage_Handler)
    NMI_Handler                              0x080029e7   Thumb Code     2  stm32f4xx_it.o(i.NMI_Handler)
    PendSV_Handler                           0x080029e9   Thumb Code     2  stm32f4xx_it.o(i.PendSV_Handler)
    SVC_Handler                              0x080029eb   Thumb Code     2  stm32f4xx_it.o(i.SVC_Handler)
    Stepper_setInfo                          0x08002a35   Thumb Code    28  steppermotor.o(i.Stepper_setInfo)
    SysTick_Handler                          0x08002a59   Thumb Code     4  stm32f4xx_it.o(i.SysTick_Handler)
    SystemClock_Config                       0x08002a5d   Thumb Code   124  main.o(i.SystemClock_Config)
    SystemInit                               0x08002ae1   Thumb Code    22  system_stm32f4xx.o(i.SystemInit)
    TIM1_UP_TIM10_IRQHandler                 0x08002afd   Thumb Code   102  stm32f4xx_it.o(i.TIM1_UP_TIM10_IRQHandler)
    TIM2_IRQHandler                          0x08002b6d   Thumb Code   134  stm32f4xx_it.o(i.TIM2_IRQHandler)
    TIM4_IRQHandler                          0x08002c11   Thumb Code     6  stm32f4xx_it.o(i.TIM4_IRQHandler)
    TIM5_IRQHandler                          0x08002c1d   Thumb Code     6  stm32f4xx_it.o(i.TIM5_IRQHandler)
    TIM_Base_SetConfig                       0x08002c29   Thumb Code   156  stm32f4xx_hal_tim.o(i.TIM_Base_SetConfig)
    TIM_CCxChannelCmd                        0x08002cf1   Thumb Code    26  stm32f4xx_hal_tim.o(i.TIM_CCxChannelCmd)
    TIM_ETR_SetConfig                        0x08002d0b   Thumb Code    20  stm32f4xx_hal_tim.o(i.TIM_ETR_SetConfig)
    TIM_OC2_SetConfig                        0x08002d91   Thumb Code    98  stm32f4xx_hal_tim.o(i.TIM_OC2_SetConfig)
    USART1_IRQHandler                        0x080031ad   Thumb Code    18  stm32f4xx_it.o(i.USART1_IRQHandler)
    USART6_IRQHandler                        0x080031c5   Thumb Code     6  stm32f4xx_it.o(i.USART6_IRQHandler)
    UsageFault_Handler                       0x080031d1   Thumb Code     2  stm32f4xx_it.o(i.UsageFault_Handler)
    __scatterload_copy                       0x080031f3   Thumb Code    14  handlers.o(i.__scatterload_copy)
    __scatterload_null                       0x08003201   Thumb Code     2  handlers.o(i.__scatterload_null)
    __scatterload_zeroinit                   0x08003203   Thumb Code    14  handlers.o(i.__scatterload_zeroinit)
    assignment_moto_M2006_current            0x08003211   Thumb Code    84  peripherals_can.o(i.assignment_moto_M2006_current)
    can_filter_init                          0x08003269   Thumb Code    44  peripherals_can.o(i.can_filter_init)
    main                                     0x08003299   Thumb Code   242  main.o(i.main)
    usart1_dr16_init                         0x080033ad   Thumb Code    74  dr16_recive.o(i.usart1_dr16_init)
    AHBPrescTable                            0x08003408   Data          16  system_stm32f4xx.o(.constdata)
    APBPrescTable                            0x08003418   Data           8  system_stm32f4xx.o(.constdata)
    Region$$Table$$Base                      0x08003420   Number         0  anon$$obj.o(Region$$Table)
    Region$$Table$$Limit                     0x08003440   Number         0  anon$$obj.o(Region$$Table)
    KP2                                      0x20000000   Data           4  main.o(.data)
    KI2                                      0x20000004   Data           4  main.o(.data)
    KD2                                      0x20000008   Data           4  main.o(.data)
    aRxBuffer                                0x2000000c   Data           1  usart.o(.data)
    USART_RX_STA                             0x2000000e   Data           2  usart.o(.data)
    uwTickFreq                               0x20000010   Data           1  stm32f4xx_hal.o(.data)
    uwTickPrio                               0x20000014   Data           4  stm32f4xx_hal.o(.data)
    uwTick                                   0x20000018   Data           4  stm32f4xx_hal.o(.data)
    SystemCoreClock                          0x2000001c   Data           4  system_stm32f4xx.o(.data)
    DR16                                     0x20000028   Data          32  dr16_recive.o(.data)
    Send_CAN_DATA                            0x20000048   Data         108  can.o(.bss)
    hcan1                                    0x200000b4   Data          40  can.o(.bss)
    htim1                                    0x200000dc   Data          64  tim.o(.bss)
    htim2                                    0x2000011c   Data          64  tim.o(.bss)
    htim4                                    0x2000015c   Data          64  tim.o(.bss)
    htim5                                    0x2000019c   Data          64  tim.o(.bss)
    USART_RX_BUF                             0x200001dc   Data          20  usart.o(.bss)
    huart1                                   0x200001f0   Data          64  usart.o(.bss)
    huart6                                   0x20000230   Data          64  usart.o(.bss)
    hdma_usart1_rx                           0x20000270   Data          96  usart.o(.bss)
    hdma_usart1_tx                           0x200002d0   Data          96  usart.o(.bss)
    hdma_usart6_rx                           0x20000330   Data          96  usart.o(.bss)
    hdma_usart6_tx                           0x20000390   Data          96  usart.o(.bss)
    moto_chassis                             0x200003f0   Data         112  peripherals_can.o(.bss)
    CAN_FilterConfigStructure                0x20000460   Data          40  peripherals_can.o(.bss)
    M3508                                    0x20000488   Data        1184  pid.o(.bss)
    StepperMotor                             0x20000928   Data          20  steppermotor.o(.bss)
    MyAno                                    0x2000093c   Data        1038  myaon.o(.bss)
    MPara                                    0x20000d4a   Data          20  myaon.o(.bss)
    DR16Buffer                               0x20000d5e   Data          22  dr16_recive.o(.bss)
    __initial_sp                             0x20001178   Data           0  startup_stm32f427xx.o(STACK)



==============================================================================

Memory Map of the image

  Image Entry point : 0x080001ad

  Load Region LR_IROM1 (Base: 0x08000000, Size: 0x00003488, Max: 0x00200000, ABSOLUTE)

    Execution Region ER_IROM1 (Exec base: 0x08000000, Load base: 0x08000000, Size: 0x00003440, Max: 0x00200000, ABSOLUTE)

    Exec Addr    Load Addr    Size         Type   Attr      Idx    E Section Name        Object

    0x08000000   0x08000000   0x000001ac   Data   RO            3    RESET               startup_stm32f427xx.o
    0x080001ac   0x080001ac   0x00000000   Code   RO         3750  * .ARM.Collect$$$$00000000  mc_w.l(entry.o)
    0x080001ac   0x080001ac   0x00000004   Code   RO         3799    .ARM.Collect$$$$00000001  mc_w.l(entry2.o)
    0x080001b0   0x080001b0   0x00000004   Code   RO         3802    .ARM.Collect$$$$00000004  mc_w.l(entry5.o)
    0x080001b4   0x080001b4   0x00000000   Code   RO         3804    .ARM.Collect$$$$00000008  mc_w.l(entry7b.o)
    0x080001b4   0x080001b4   0x00000000   Code   RO         3806    .ARM.Collect$$$$0000000A  mc_w.l(entry8b.o)
    0x080001b4   0x080001b4   0x00000008   Code   RO         3807    .ARM.Collect$$$$0000000B  mc_w.l(entry9a.o)
    0x080001bc   0x080001bc   0x00000000   Code   RO         3809    .ARM.Collect$$$$0000000D  mc_w.l(entry10a.o)
    0x080001bc   0x080001bc   0x00000000   Code   RO         3811    .ARM.Collect$$$$0000000F  mc_w.l(entry11a.o)
    0x080001bc   0x080001bc   0x00000004   Code   RO         3800    .ARM.Collect$$$$00002712  mc_w.l(entry2.o)
    0x080001c0   0x080001c0   0x00000024   Code   RO            4    .text               startup_stm32f427xx.o
    0x080001e4   0x080001e4   0x00000062   Code   RO         3753    .text               mc_w.l(uldiv.o)
    0x08000246   0x08000246   0x00000024   Code   RO         3755    .text               mc_w.l(memcpya.o)
    0x0800026a   0x0800026a   0x00000024   Code   RO         3757    .text               mc_w.l(memseta.o)
    0x0800028e   0x0800028e   0x0000014e   Code   RO         3761    .text               mf_w.l(dadd.o)
    0x080003dc   0x080003dc   0x00000026   Code   RO         3767    .text               mf_w.l(f2d.o)
    0x08000402   0x08000402   0x00000038   Code   RO         3769    .text               mf_w.l(d2f.o)
    0x0800043a   0x0800043a   0x0000001e   Code   RO         3813    .text               mc_w.l(llshl.o)
    0x08000458   0x08000458   0x00000020   Code   RO         3815    .text               mc_w.l(llushr.o)
    0x08000478   0x08000478   0x00000024   Code   RO         3817    .text               mc_w.l(llsshr.o)
    0x0800049c   0x0800049c   0x00000000   Code   RO         3826    .text               mc_w.l(iusefp.o)
    0x0800049c   0x0800049c   0x0000006e   Code   RO         3827    .text               mf_w.l(fepilogue.o)
    0x0800050a   0x0800050a   0x000000ba   Code   RO         3829    .text               mf_w.l(depilogue.o)
    0x080005c4   0x080005c4   0x00000024   Code   RO         3845    .text               mc_w.l(init.o)
    0x080005e8   0x080005e8   0x00000014   Code   RO         3518    i.Ano_Init          myaon.o
    0x080005fc   0x080005fc   0x00000044   Code   RO         3522    i.Ano_Send_Data     myaon.o
    0x08000640   0x08000640   0x00000002   Code   RO          472    i.BusFault_Handler  stm32f4xx_it.o
    0x08000642   0x08000642   0x00000002   PAD
    0x08000644   0x08000644   0x000000a8   Code   RO          473    i.CAN1_RX0_IRQHandler  stm32f4xx_it.o
    0x080006ec   0x080006ec   0x0000000c   Code   RO          474    i.DMA2_Stream1_IRQHandler  stm32f4xx_it.o
    0x080006f8   0x080006f8   0x0000000c   Code   RO          475    i.DMA2_Stream2_IRQHandler  stm32f4xx_it.o
    0x08000704   0x08000704   0x0000000c   Code   RO          476    i.DMA2_Stream6_IRQHandler  stm32f4xx_it.o
    0x08000710   0x08000710   0x0000000c   Code   RO          477    i.DMA2_Stream7_IRQHandler  stm32f4xx_it.o
    0x0800071c   0x0800071c   0x00000028   Code   RO         1383    i.DMA_CalcBaseAndBitshift  stm32f4xx_hal_dma.o
    0x08000744   0x08000744   0x00000054   Code   RO         1384    i.DMA_CheckFifoParam  stm32f4xx_hal_dma.o
    0x08000798   0x08000798   0x00000028   Code   RO         1385    i.DMA_SetConfig     stm32f4xx_hal_dma.o
    0x080007c0   0x080007c0   0x000000c8   Code   RO         3624    i.DR16_Process      dr16_recive.o
    0x08000888   0x08000888   0x00000054   Code   RO         3625    i.DR_16hander       dr16_recive.o
    0x080008dc   0x080008dc   0x00000002   Code   RO          478    i.DebugMon_Handler  stm32f4xx_it.o
    0x080008de   0x080008de   0x00000002   Code   RO           13    i.Error_Handler     main.o
    0x080008e0   0x080008e0   0x000000c8   Code   RO          640    i.HAL_CAN_AddTxMessage  stm32f4xx_hal_can.o
    0x080009a8   0x080009a8   0x0000010c   Code   RO          641    i.HAL_CAN_ConfigFilter  stm32f4xx_hal_can.o
    0x08000ab4   0x08000ab4   0x00000002   Code   RO          644    i.HAL_CAN_ErrorCallback  stm32f4xx_hal_can.o
    0x08000ab6   0x08000ab6   0x000000e8   Code   RO          647    i.HAL_CAN_GetRxMessage  stm32f4xx_hal_can.o
    0x08000b9e   0x08000b9e   0x000001fc   Code   RO          651    i.HAL_CAN_IRQHandler  stm32f4xx_hal_can.o
    0x08000d9a   0x08000d9a   0x0000011a   Code   RO          652    i.HAL_CAN_Init      stm32f4xx_hal_can.o
    0x08000eb4   0x08000eb4   0x00000078   Code   RO          255    i.HAL_CAN_MspInit   can.o
    0x08000f2c   0x08000f2c   0x00000002   Code   RO          659    i.HAL_CAN_RxFifo0FullCallback  stm32f4xx_hal_can.o
    0x08000f2e   0x08000f2e   0x00000002   Code   RO          660    i.HAL_CAN_RxFifo0MsgPendingCallback  stm32f4xx_hal_can.o
    0x08000f30   0x08000f30   0x00000002   Code   RO          661    i.HAL_CAN_RxFifo1FullCallback  stm32f4xx_hal_can.o
    0x08000f32   0x08000f32   0x00000002   Code   RO          662    i.HAL_CAN_RxFifo1MsgPendingCallback  stm32f4xx_hal_can.o
    0x08000f34   0x08000f34   0x00000002   Code   RO          663    i.HAL_CAN_SleepCallback  stm32f4xx_hal_can.o
    0x08000f36   0x08000f36   0x00000002   PAD
    0x08000f38   0x08000f38   0x00000058   Code   RO          664    i.HAL_CAN_Start     stm32f4xx_hal_can.o
    0x08000f90   0x08000f90   0x00000002   Code   RO          666    i.HAL_CAN_TxMailbox0AbortCallback  stm32f4xx_hal_can.o
    0x08000f92   0x08000f92   0x00000002   Code   RO          667    i.HAL_CAN_TxMailbox0CompleteCallback  stm32f4xx_hal_can.o
    0x08000f94   0x08000f94   0x00000002   Code   RO          668    i.HAL_CAN_TxMailbox1AbortCallback  stm32f4xx_hal_can.o
    0x08000f96   0x08000f96   0x00000002   Code   RO          669    i.HAL_CAN_TxMailbox1CompleteCallback  stm32f4xx_hal_can.o
    0x08000f98   0x08000f98   0x00000002   Code   RO          670    i.HAL_CAN_TxMailbox2AbortCallback  stm32f4xx_hal_can.o
    0x08000f9a   0x08000f9a   0x00000002   Code   RO          671    i.HAL_CAN_TxMailbox2CompleteCallback  stm32f4xx_hal_can.o
    0x08000f9c   0x08000f9c   0x00000002   Code   RO          673    i.HAL_CAN_WakeUpFromRxMsgCallback  stm32f4xx_hal_can.o
    0x08000f9e   0x08000f9e   0x00000024   Code   RO         1387    i.HAL_DMA_Abort_IT  stm32f4xx_hal_dma.o
    0x08000fc2   0x08000fc2   0x00000002   PAD
    0x08000fc4   0x08000fc4   0x000001a0   Code   RO         1391    i.HAL_DMA_IRQHandler  stm32f4xx_hal_dma.o
    0x08001164   0x08001164   0x000000d4   Code   RO         1392    i.HAL_DMA_Init      stm32f4xx_hal_dma.o
    0x08001238   0x08001238   0x00000046   Code   RO         1395    i.HAL_DMA_Start     stm32f4xx_hal_dma.o
    0x0800127e   0x0800127e   0x00000002   PAD
    0x08001280   0x08001280   0x000001d4   Code   RO         1279    i.HAL_GPIO_Init     stm32f4xx_hal_gpio.o
    0x08001454   0x08001454   0x0000000a   Code   RO         1283    i.HAL_GPIO_WritePin  stm32f4xx_hal_gpio.o
    0x0800145e   0x0800145e   0x00000002   PAD
    0x08001460   0x08001460   0x0000000c   Code   RO         1831    i.HAL_GetTick       stm32f4xx_hal.o
    0x0800146c   0x0800146c   0x00000010   Code   RO         1837    i.HAL_IncTick       stm32f4xx_hal.o
    0x0800147c   0x0800147c   0x00000034   Code   RO         1838    i.HAL_Init          stm32f4xx_hal.o
    0x080014b0   0x080014b0   0x00000040   Code   RO         1839    i.HAL_InitTick      stm32f4xx_hal.o
    0x080014f0   0x080014f0   0x00000030   Code   RO          614    i.HAL_MspInit       stm32f4xx_hal_msp.o
    0x08001520   0x08001520   0x0000001a   Code   RO         1686    i.HAL_NVIC_EnableIRQ  stm32f4xx_hal_cortex.o
    0x0800153a   0x0800153a   0x00000002   PAD
    0x0800153c   0x0800153c   0x00000040   Code   RO         1692    i.HAL_NVIC_SetPriority  stm32f4xx_hal_cortex.o
    0x0800157c   0x0800157c   0x00000024   Code   RO         1693    i.HAL_NVIC_SetPriorityGrouping  stm32f4xx_hal_cortex.o
    0x080015a0   0x080015a0   0x00000134   Code   RO          873    i.HAL_RCC_ClockConfig  stm32f4xx_hal_rcc.o
    0x080016d4   0x080016d4   0x00000020   Code   RO          880    i.HAL_RCC_GetPCLK1Freq  stm32f4xx_hal_rcc.o
    0x080016f4   0x080016f4   0x00000020   Code   RO          881    i.HAL_RCC_GetPCLK2Freq  stm32f4xx_hal_rcc.o
    0x08001714   0x08001714   0x00000064   Code   RO          882    i.HAL_RCC_GetSysClockFreq  stm32f4xx_hal_rcc.o
    0x08001778   0x08001778   0x0000035c   Code   RO          885    i.HAL_RCC_OscConfig  stm32f4xx_hal_rcc.o
    0x08001ad4   0x08001ad4   0x00000028   Code   RO         1697    i.HAL_SYSTICK_Config  stm32f4xx_hal_cortex.o
    0x08001afc   0x08001afc   0x00000002   Code   RO         2763    i.HAL_TIMEx_BreakCallback  stm32f4xx_hal_tim_ex.o
    0x08001afe   0x08001afe   0x00000002   Code   RO         2764    i.HAL_TIMEx_CommutCallback  stm32f4xx_hal_tim_ex.o
    0x08001b00   0x08001b00   0x00000090   Code   RO         2781    i.HAL_TIMEx_MasterConfigSynchronization  stm32f4xx_hal_tim_ex.o
    0x08001b90   0x08001b90   0x00000006   Code   RO         2087    i.HAL_TIM_Base_GetState  stm32f4xx_hal_tim.o
    0x08001b96   0x08001b96   0x00000036   Code   RO         2088    i.HAL_TIM_Base_Init  stm32f4xx_hal_tim.o
    0x08001bcc   0x08001bcc   0x000000b4   Code   RO          322    i.HAL_TIM_Base_MspInit  tim.o
    0x08001c80   0x08001c80   0x00000022   Code   RO         2093    i.HAL_TIM_Base_Start_IT  stm32f4xx_hal_tim.o
    0x08001ca2   0x08001ca2   0x0000002a   Code   RO         2096    i.HAL_TIM_Base_Stop_IT  stm32f4xx_hal_tim.o
    0x08001ccc   0x08001ccc   0x000000d6   Code   RO         2097    i.HAL_TIM_ConfigClockSource  stm32f4xx_hal_tim.o
    0x08001da2   0x08001da2   0x00000002   Code   RO         2117    i.HAL_TIM_IC_CaptureCallback  stm32f4xx_hal_tim.o
    0x08001da4   0x08001da4   0x00000166   Code   RO         2131    i.HAL_TIM_IRQHandler  stm32f4xx_hal_tim.o
    0x08001f0a   0x08001f0a   0x00000002   PAD
    0x08001f0c   0x08001f0c   0x00000050   Code   RO          323    i.HAL_TIM_MspPostInit  tim.o
    0x08001f5c   0x08001f5c   0x00000002   Code   RO         2134    i.HAL_TIM_OC_DelayElapsedCallback  stm32f4xx_hal_tim.o
    0x08001f5e   0x08001f5e   0x000000d0   Code   RO         2155    i.HAL_TIM_PWM_ConfigChannel  stm32f4xx_hal_tim.o
    0x0800202e   0x0800202e   0x00000036   Code   RO         2158    i.HAL_TIM_PWM_Init  stm32f4xx_hal_tim.o
    0x08002064   0x08002064   0x00000002   Code   RO         2160    i.HAL_TIM_PWM_MspInit  stm32f4xx_hal_tim.o
    0x08002066   0x08002066   0x00000002   Code   RO         2161    i.HAL_TIM_PWM_PulseFinishedCallback  stm32f4xx_hal_tim.o
    0x08002068   0x08002068   0x00000044   Code   RO         2163    i.HAL_TIM_PWM_Start  stm32f4xx_hal_tim.o
    0x080020ac   0x080020ac   0x0000005c   Code   RO         2166    i.HAL_TIM_PWM_Stop  stm32f4xx_hal_tim.o
    0x08002108   0x08002108   0x00000098   Code   RO         3478    i.HAL_TIM_PeriodElapsedCallback  steppermotor.o
    0x080021a0   0x080021a0   0x00000002   Code   RO         2174    i.HAL_TIM_TriggerCallback  stm32f4xx_hal_tim.o
    0x080021a2   0x080021a2   0x00000002   Code   RO         3035    i.HAL_UART_ErrorCallback  stm32f4xx_hal_uart.o
    0x080021a4   0x080021a4   0x00000114   Code   RO         3038    i.HAL_UART_IRQHandler  stm32f4xx_hal_uart.o
    0x080022b8   0x080022b8   0x00000062   Code   RO         3039    i.HAL_UART_Init     stm32f4xx_hal_uart.o
    0x0800231a   0x0800231a   0x00000002   PAD
    0x0800231c   0x0800231c   0x0000019c   Code   RO          388    i.HAL_UART_MspInit  usart.o
    0x080024b8   0x080024b8   0x00000058   Code   RO          389    i.HAL_UART_RxCpltCallback  usart.o
    0x08002510   0x08002510   0x000000ba   Code   RO         3047    i.HAL_UART_Transmit  stm32f4xx_hal_uart.o
    0x080025ca   0x080025ca   0x00000002   Code   RO         3050    i.HAL_UART_TxCpltCallback  stm32f4xx_hal_uart.o
    0x080025cc   0x080025cc   0x00000002   Code   RO          479    i.HardFault_Handler  stm32f4xx_it.o
    0x080025ce   0x080025ce   0x0000009e   Code   RO         3428    i.Incremental_PID   pid.o
    0x0800266c   0x0800266c   0x00000048   Code   RO          256    i.MX_CAN1_Init      can.o
    0x080026b4   0x080026b4   0x0000005c   Code   RO          297    i.MX_DMA_Init       dma.o
    0x08002710   0x08002710   0x0000008c   Code   RO          222    i.MX_GPIO_Init      gpio.o
    0x0800279c   0x0800279c   0x00000068   Code   RO          324    i.MX_TIM1_Init      tim.o
    0x08002804   0x08002804   0x00000064   Code   RO          325    i.MX_TIM2_Init      tim.o
    0x08002868   0x08002868   0x00000068   Code   RO          326    i.MX_TIM4_Init      tim.o
    0x080028d0   0x080028d0   0x0000009c   Code   RO          327    i.MX_TIM5_Init      tim.o
    0x0800296c   0x0800296c   0x00000040   Code   RO          390    i.MX_USART1_UART_Init  usart.o
    0x080029ac   0x080029ac   0x00000038   Code   RO          391    i.MX_USART6_UART_Init  usart.o
    0x080029e4   0x080029e4   0x00000002   Code   RO          480    i.MemManage_Handler  stm32f4xx_it.o
    0x080029e6   0x080029e6   0x00000002   Code   RO          481    i.NMI_Handler       stm32f4xx_it.o
    0x080029e8   0x080029e8   0x00000002   Code   RO          482    i.PendSV_Handler    stm32f4xx_it.o
    0x080029ea   0x080029ea   0x00000002   Code   RO          483    i.SVC_Handler       stm32f4xx_it.o
    0x080029ec   0x080029ec   0x00000048   Code   RO         3529    i.Send_CheckData    myaon.o
    0x08002a34   0x08002a34   0x00000024   Code   RO         3480    i.Stepper_setInfo   steppermotor.o
    0x08002a58   0x08002a58   0x00000004   Code   RO          484    i.SysTick_Handler   stm32f4xx_it.o
    0x08002a5c   0x08002a5c   0x00000084   Code   RO           14    i.SystemClock_Config  main.o
    0x08002ae0   0x08002ae0   0x0000001c   Code   RO         3341    i.SystemInit        system_stm32f4xx.o
    0x08002afc   0x08002afc   0x00000070   Code   RO          485    i.TIM1_UP_TIM10_IRQHandler  stm32f4xx_it.o
    0x08002b6c   0x08002b6c   0x000000a4   Code   RO          486    i.TIM2_IRQHandler   stm32f4xx_it.o
    0x08002c10   0x08002c10   0x0000000c   Code   RO          487    i.TIM4_IRQHandler   stm32f4xx_it.o
    0x08002c1c   0x08002c1c   0x0000000c   Code   RO          488    i.TIM5_IRQHandler   stm32f4xx_it.o
    0x08002c28   0x08002c28   0x000000c8   Code   RO         2176    i.TIM_Base_SetConfig  stm32f4xx_hal_tim.o
    0x08002cf0   0x08002cf0   0x0000001a   Code   RO         2177    i.TIM_CCxChannelCmd  stm32f4xx_hal_tim.o
    0x08002d0a   0x08002d0a   0x00000014   Code   RO         2187    i.TIM_ETR_SetConfig  stm32f4xx_hal_tim.o
    0x08002d1e   0x08002d1e   0x00000010   Code   RO         2188    i.TIM_ITRx_SetConfig  stm32f4xx_hal_tim.o
    0x08002d2e   0x08002d2e   0x00000002   PAD
    0x08002d30   0x08002d30   0x00000060   Code   RO         2189    i.TIM_OC1_SetConfig  stm32f4xx_hal_tim.o
    0x08002d90   0x08002d90   0x0000006c   Code   RO         2190    i.TIM_OC2_SetConfig  stm32f4xx_hal_tim.o
    0x08002dfc   0x08002dfc   0x00000068   Code   RO         2191    i.TIM_OC3_SetConfig  stm32f4xx_hal_tim.o
    0x08002e64   0x08002e64   0x00000050   Code   RO         2192    i.TIM_OC4_SetConfig  stm32f4xx_hal_tim.o
    0x08002eb4   0x08002eb4   0x00000022   Code   RO         2194    i.TIM_TI1_ConfigInputStage  stm32f4xx_hal_tim.o
    0x08002ed6   0x08002ed6   0x00000024   Code   RO         2196    i.TIM_TI2_ConfigInputStage  stm32f4xx_hal_tim.o
    0x08002efa   0x08002efa   0x00000010   Code   RO         3052    i.UART_DMAAbortOnError  stm32f4xx_hal_uart.o
    0x08002f0a   0x08002f0a   0x0000001c   Code   RO         3062    i.UART_EndRxTransfer  stm32f4xx_hal_uart.o
    0x08002f26   0x08002f26   0x00000096   Code   RO         3064    i.UART_Receive_IT   stm32f4xx_hal_uart.o
    0x08002fbc   0x08002fbc   0x00000128   Code   RO         3065    i.UART_SetConfig    stm32f4xx_hal_uart.o
    0x080030e4   0x080030e4   0x00000062   Code   RO         3066    i.UART_Transmit_IT  stm32f4xx_hal_uart.o
    0x08003146   0x08003146   0x00000064   Code   RO         3067    i.UART_WaitOnFlagUntilTimeout  stm32f4xx_hal_uart.o
    0x080031aa   0x080031aa   0x00000002   PAD
    0x080031ac   0x080031ac   0x00000018   Code   RO          489    i.USART1_IRQHandler  stm32f4xx_it.o
    0x080031c4   0x080031c4   0x0000000c   Code   RO          490    i.USART6_IRQHandler  stm32f4xx_it.o
    0x080031d0   0x080031d0   0x00000002   Code   RO          491    i.UsageFault_Handler  stm32f4xx_it.o
    0x080031d2   0x080031d2   0x00000020   Code   RO         1699    i.__NVIC_SetPriority  stm32f4xx_hal_cortex.o
    0x080031f2   0x080031f2   0x0000000e   Code   RO         3855    i.__scatterload_copy  mc_w.l(handlers.o)
    0x08003200   0x08003200   0x00000002   Code   RO         3856    i.__scatterload_null  mc_w.l(handlers.o)
    0x08003202   0x08003202   0x0000000e   Code   RO         3857    i.__scatterload_zeroinit  mc_w.l(handlers.o)
    0x08003210   0x08003210   0x00000058   Code   RO         3379    i.assignment_moto_M2006_current  peripherals_can.o
    0x08003268   0x08003268   0x00000030   Code   RO         3380    i.can_filter_init   peripherals_can.o
    0x08003298   0x08003298   0x00000114   Code   RO           15    i.main              main.o
    0x080033ac   0x080033ac   0x00000054   Code   RO         3626    i.usart1_dr16_init  dr16_recive.o
    0x08003400   0x08003400   0x00000008   Data   RO         1398    .constdata          stm32f4xx_hal_dma.o
    0x08003408   0x08003408   0x00000010   Data   RO         3342    .constdata          system_stm32f4xx.o
    0x08003418   0x08003418   0x00000008   Data   RO         3343    .constdata          system_stm32f4xx.o
    0x08003420   0x08003420   0x00000020   Data   RO         3853    Region$$Table       anon$$obj.o


    Execution Region RW_IRAM2 (Exec base: 0x10000000, Load base: 0x08003488, Size: 0x00000000, Max: 0x00010000, ABSOLUTE)

    **** No section assigned to this execution region ****


    Execution Region RW_IRAM1 (Exec base: 0x20000000, Load base: 0x08003440, Size: 0x00001178, Max: 0x00030000, ABSOLUTE)

    Exec Addr    Load Addr    Size         Type   Attr      Idx    E Section Name        Object

    0x20000000   0x08003440   0x00000004   Data   RW           23    .data               main.o
    0x20000004   0x08003444   0x00000004   Data   RW           24    .data               main.o
    0x20000008   0x08003448   0x00000004   Data   RW           25    .data               main.o
    0x2000000c   0x0800344c   0x00000004   Data   RW          397    .data               usart.o
    0x20000010   0x08003450   0x0000000c   Data   RW         1845    .data               stm32f4xx_hal.o
    0x2000001c   0x0800345c   0x00000004   Data   RW         3344    .data               system_stm32f4xx.o
    0x20000020   0x08003460   0x00000008   Data   RW         3532    .data               myaon.o
    0x20000028   0x08003468   0x00000020   Data   RW         3629    .data               dr16_recive.o
    0x20000048        -       0x0000006c   Zero   RW          257    .bss                can.o
    0x200000b4        -       0x00000028   Zero   RW          258    .bss                can.o
    0x200000dc        -       0x00000100   Zero   RW          328    .bss                tim.o
    0x200001dc        -       0x00000214   Zero   RW          396    .bss                usart.o
    0x200003f0        -       0x00000070   Zero   RW         3382    .bss                peripherals_can.o
    0x20000460        -       0x00000028   Zero   RW         3383    .bss                peripherals_can.o
    0x20000488        -       0x000004a0   Zero   RW         3432    .bss                pid.o
    0x20000928        -       0x00000014   Zero   RW         3481    .bss                steppermotor.o
    0x2000093c        -       0x00000422   Zero   RW         3531    .bss                myaon.o
    0x20000d5e        -       0x00000016   Zero   RW         3627    .bss                dr16_recive.o
    0x20000d74   0x08003488   0x00000004   PAD
    0x20000d78        -       0x00000400   Zero   RW            1    STACK               startup_stm32f427xx.o


==============================================================================

Image component sizes


      Code (inc. data)   RO Data    RW Data    ZI Data      Debug   Object Name

       192         24          0          0        148       1703   can.o
        92          4          0          0          0        782   dma.o
       368         24          0         32         22       3865   dr16_recive.o
       140         10          0          0          0        975   gpio.o
       410         42          0         12          0     749538   main.o
       160         16          0          8       1058       4009   myaon.o
       136          8          0          0        152       3230   peripherals_can.o
       158          0          0          0       1184       3135   pid.o
        36          8        428          0       1024        828   startup_stm32f427xx.o
       188         34          0          0         20       1817   steppermotor.o
       144         24          0         12          0       8865   stm32f4xx_hal.o
      1604          6          0          0          0      13896   stm32f4xx_hal_can.o
       198         14          0          0          0      33899   stm32f4xx_hal_cortex.o
       898         16          8          0          0       6231   stm32f4xx_hal_dma.o
       478         54          0          0          0       2388   stm32f4xx_hal_gpio.o
        48          6          0          0          0        838   stm32f4xx_hal_msp.o
      1332         76          0          0          0       5180   stm32f4xx_hal_rcc.o
      1860         98          0          0          0      18204   stm32f4xx_hal_tim.o
       148         28          0          0          0       2421   stm32f4xx_hal_tim_ex.o
      1252         16          0          0          0       8885   stm32f4xx_hal_uart.o
       572        110          0          0          0       9729   stm32f4xx_it.o
        28          6         24          4          0       1131   system_stm32f4xx.o
       724         62          0          0        256       4479   tim.o
       620         68          0          4        532       4930   usart.o

    ----------------------------------------------------------------------
     11806        754        492         72       4400     890958   Object Totals
         0          0         32          0          0          0   (incl. Generated)
        20          0          0          0          4          0   (incl. Padding)

    ----------------------------------------------------------------------

      Code (inc. data)   RO Data    RW Data    ZI Data      Debug   Library Member Name

         0          0          0          0          0          0   entry.o
         0          0          0          0          0          0   entry10a.o
         0          0          0          0          0          0   entry11a.o
         8          4          0          0          0          0   entry2.o
         4          0          0          0          0          0   entry5.o
         0          0          0          0          0          0   entry7b.o
         0          0          0          0          0          0   entry8b.o
         8          4          0          0          0          0   entry9a.o
        30          0          0          0          0          0   handlers.o
        36          8          0          0          0         68   init.o
         0          0          0          0          0          0   iusefp.o
        30          0          0          0          0         68   llshl.o
        36          0          0          0          0         68   llsshr.o
        32          0          0          0          0         68   llushr.o
        36          0          0          0          0         68   memcpya.o
        36          0          0          0          0        108   memseta.o
        98          0          0          0          0         92   uldiv.o
        56          0          0          0          0         88   d2f.o
       334          0          0          0          0        148   dadd.o
       186          0          0          0          0        176   depilogue.o
        38          0          0          0          0         68   f2d.o
       110          0          0          0          0        168   fepilogue.o

    ----------------------------------------------------------------------
      1078         16          0          0          0       1188   Library Totals
         0          0          0          0          0          0   (incl. Padding)

    ----------------------------------------------------------------------

      Code (inc. data)   RO Data    RW Data    ZI Data      Debug   Library Name

       354         16          0          0          0        540   mc_w.l
       724          0          0          0          0        648   mf_w.l

    ----------------------------------------------------------------------
      1078         16          0          0          0       1188   Library Totals

    ----------------------------------------------------------------------

==============================================================================


      Code (inc. data)   RO Data    RW Data    ZI Data      Debug   

     12884        770        492         72       4400     879782   Grand Totals
     12884        770        492         72       4400     879782   ELF Image Totals
     12884        770        492         72          0          0   ROM Totals

==============================================================================

    Total RO  Size (Code + RO Data)                13376 (  13.06kB)
    Total RW  Size (RW Data + ZI Data)              4472 (   4.37kB)
    Total ROM Size (Code + RO Data + RW Data)      13448 (  13.13kB)

==============================================================================

